2025-12-15 10:23:08,828 [INFO] Loading data/processed/ds1_train.pkl...
2025-12-15 10:23:10,725 [INFO] Loading esm2_t33_650M_UR50D...
2025-12-15 10:23:20,878 [INFO] ✅ Model loaded on GPU.
2025-12-15 10:23:20,882 [INFO] Dataset ds1: Found 400 existing files in data/embeddings/ds1/train. Processing remaining...
2025-12-15 10:23:20,990 [INFO] All repertoires already processed! ✅
2025-12-15 10:23:21,139 [INFO] Loading data/processed/ds2_train.pkl...
2025-12-15 10:23:22,537 [INFO] Dataset ds2: Found 400 existing files in data/embeddings/ds2/train. Processing remaining...
2025-12-15 10:23:22,646 [INFO] All repertoires already processed! ✅
2025-12-15 10:23:22,797 [INFO] Loading data/processed/ds3_train.pkl...
2025-12-15 10:23:24,290 [INFO] Dataset ds3: Found 400 existing files in data/embeddings/ds3/train. Processing remaining...
2025-12-15 10:23:24,401 [INFO] All repertoires already processed! ✅
2025-12-15 10:23:24,548 [INFO] Loading data/processed/ds4_train.pkl...
2025-12-15 10:23:25,919 [INFO] Dataset ds4: Found 400 existing files in data/embeddings/ds4/train. Processing remaining...
2025-12-15 10:23:26,025 [INFO] All repertoires already processed! ✅
2025-12-15 10:23:26,176 [INFO] Loading data/processed/ds5_train.pkl...
2025-12-15 10:23:27,503 [INFO] Dataset ds5: Found 400 existing files in data/embeddings/ds5/train. Processing remaining...
2025-12-15 10:23:27,604 [INFO] All repertoires already processed! ✅
2025-12-15 10:23:27,754 [INFO] Loading data/processed/ds6_train.pkl...
2025-12-15 10:23:29,277 [INFO] Dataset ds6: Found 18 existing files in data/embeddings/ds6/train. Processing remaining...
2025-12-15 15:27:16,221 [INFO] Loading data/processed/ds7_train.pkl...
2025-12-15 15:27:31,613 [INFO] Dataset ds7: Found 0 existing files in data/embeddings/ds7/train. Processing remaining...
2025-12-15 20:13:40,384 [INFO] 
🛑 Interrupted by user.
2025-12-15 20:13:46,934 [INFO] Loading data/processed/ds1_train.pkl...
2025-12-15 20:13:48,615 [INFO] Loading esm2_t33_650M_UR50D...
2025-12-15 20:13:57,586 [INFO] ✅ Model loaded on GPU.
2025-12-15 20:13:57,590 [INFO] Dataset ds1: Found 400 existing files in data/embeddings/ds1/train. Processing remaining...
2025-12-15 20:13:57,706 [INFO] All repertoires already processed! ✅
2025-12-15 20:13:57,864 [INFO] Loading data/processed/ds2_train.pkl...
2025-12-15 20:13:59,206 [INFO] Dataset ds2: Found 400 existing files in data/embeddings/ds2/train. Processing remaining...
2025-12-15 20:13:59,318 [INFO] All repertoires already processed! ✅
2025-12-15 20:13:59,468 [INFO] Loading data/processed/ds3_train.pkl...
2025-12-15 20:14:00,883 [INFO] Dataset ds3: Found 400 existing files in data/embeddings/ds3/train. Processing remaining...
2025-12-15 20:14:01,009 [INFO] All repertoires already processed! ✅
2025-12-15 20:14:01,155 [INFO] Loading data/processed/ds4_train.pkl...
2025-12-15 20:14:02,513 [INFO] Dataset ds4: Found 400 existing files in data/embeddings/ds4/train. Processing remaining...
2025-12-15 20:14:02,625 [INFO] All repertoires already processed! ✅
2025-12-15 20:14:02,775 [INFO] Loading data/processed/ds5_train.pkl...
2025-12-15 20:14:04,127 [INFO] Dataset ds5: Found 400 existing files in data/embeddings/ds5/train. Processing remaining...
2025-12-15 20:14:04,245 [INFO] All repertoires already processed! ✅
2025-12-15 20:14:04,392 [INFO] Loading data/processed/ds6_train.pkl...
2025-12-15 20:14:05,794 [INFO] Dataset ds6: Found 400 existing files in data/embeddings/ds6/train. Processing remaining...
2025-12-15 20:14:05,920 [INFO] All repertoires already processed! ✅
2025-12-15 20:14:06,066 [INFO] Loading data/processed/ds7_train.pkl...
2025-12-15 20:14:19,935 [INFO] Dataset ds7: Found 33 existing files in data/embeddings/ds7/train. Processing remaining...
2025-12-15 20:20:05,037 [INFO] 
🛑 Interrupted by user.
2025-12-15 20:20:11,053 [INFO] Loading data/processed/ds1_train.pkl...
2025-12-15 20:20:12,525 [INFO] Loading esm2_t33_650M_UR50D...
2025-12-15 20:20:12,526 [INFO]   Model cache set to: data/model_cache
2025-12-15 20:20:36,840 [INFO] ✅ Model loaded on GPU.
2025-12-15 20:20:36,844 [INFO] Dataset ds1: Found 400 existing files in data/embeddings/ds1/train. Processing remaining...
2025-12-15 20:20:36,961 [INFO] All repertoires already processed! ✅
2025-12-15 20:20:37,098 [INFO] Loading data/processed/ds2_train.pkl...
2025-12-15 20:20:38,171 [INFO] Dataset ds2: Found 400 existing files in data/embeddings/ds2/train. Processing remaining...
2025-12-15 20:20:38,287 [INFO] All repertoires already processed! ✅
2025-12-15 20:20:38,421 [INFO] Loading data/processed/ds3_train.pkl...
2025-12-15 20:20:39,475 [INFO] Dataset ds3: Found 400 existing files in data/embeddings/ds3/train. Processing remaining...
2025-12-15 20:20:39,591 [INFO] All repertoires already processed! ✅
2025-12-15 20:20:39,731 [INFO] Loading data/processed/ds4_train.pkl...
2025-12-15 20:20:40,734 [INFO] Dataset ds4: Found 400 existing files in data/embeddings/ds4/train. Processing remaining...
2025-12-15 20:20:40,853 [INFO] All repertoires already processed! ✅
2025-12-15 20:20:40,997 [INFO] Loading data/processed/ds5_train.pkl...
2025-12-15 20:20:41,998 [INFO] Dataset ds5: Found 400 existing files in data/embeddings/ds5/train. Processing remaining...
2025-12-15 20:20:42,121 [INFO] All repertoires already processed! ✅
2025-12-15 20:20:42,265 [INFO] Loading data/processed/ds6_train.pkl...
2025-12-15 20:20:43,332 [INFO] Dataset ds6: Found 400 existing files in data/embeddings/ds6/train. Processing remaining...
2025-12-15 20:20:43,450 [INFO] All repertoires already processed! ✅
2025-12-15 20:20:43,589 [INFO] Loading data/processed/ds7_train.pkl...
2025-12-15 20:20:55,529 [INFO] Dataset ds7: Found 34 existing files in data/embeddings/ds7/train. Processing remaining...
2025-12-15 20:21:17,316 [INFO]     ...processed 10000/399234 sequences for rep bfa72d9a4e04c98138c7d70010cd3c27...
2025-12-15 20:21:38,155 [INFO]     ...processed 20000/399234 sequences for rep bfa72d9a4e04c98138c7d70010cd3c27...
2025-12-15 20:21:58,985 [INFO]     ...processed 30000/399234 sequences for rep bfa72d9a4e04c98138c7d70010cd3c27...
2025-12-15 20:22:19,877 [INFO]     ...processed 40000/399234 sequences for rep bfa72d9a4e04c98138c7d70010cd3c27...
2025-12-15 20:22:40,912 [INFO]     ...processed 50000/399234 sequences for rep bfa72d9a4e04c98138c7d70010cd3c27...
2025-12-15 20:23:02,046 [INFO]     ...processed 60000/399234 sequences for rep bfa72d9a4e04c98138c7d70010cd3c27...
2025-12-15 20:23:23,053 [INFO]     ...processed 70000/399234 sequences for rep bfa72d9a4e04c98138c7d70010cd3c27...
2025-12-15 20:23:35,946 [INFO] 
🛑 Interrupted by user.
2025-12-15 20:23:41,659 [INFO] Loading data/processed/ds1_train.pkl...
2025-12-15 20:23:43,129 [INFO] Loading esm2_t33_650M_UR50D...
2025-12-15 20:23:43,129 [INFO]   Model cache set to: data/model_cache
2025-12-15 20:23:51,584 [INFO] ✅ Model loaded on GPU.
2025-12-15 20:23:51,588 [INFO] Dataset ds1: Found 400 existing files in data/embeddings/ds1/train. Processing remaining...
2025-12-15 20:23:51,685 [INFO] All repertoires already processed! ✅
2025-12-15 20:23:51,837 [INFO] Loading data/processed/ds2_train.pkl...
2025-12-15 20:23:52,941 [INFO] Dataset ds2: Found 400 existing files in data/embeddings/ds2/train. Processing remaining...
2025-12-15 20:23:53,044 [INFO] All repertoires already processed! ✅
2025-12-15 20:23:53,194 [INFO] Loading data/processed/ds3_train.pkl...
2025-12-15 20:23:54,335 [INFO] Dataset ds3: Found 400 existing files in data/embeddings/ds3/train. Processing remaining...
2025-12-15 20:23:54,446 [INFO] All repertoires already processed! ✅
2025-12-15 20:23:54,590 [INFO] Loading data/processed/ds4_train.pkl...
2025-12-15 20:23:55,620 [INFO] Dataset ds4: Found 400 existing files in data/embeddings/ds4/train. Processing remaining...
2025-12-15 20:23:55,728 [INFO] All repertoires already processed! ✅
2025-12-15 20:23:55,877 [INFO] Loading data/processed/ds5_train.pkl...
2025-12-15 20:23:56,914 [INFO] Dataset ds5: Found 400 existing files in data/embeddings/ds5/train. Processing remaining...
2025-12-15 20:23:57,020 [INFO] All repertoires already processed! ✅
2025-12-15 20:23:57,174 [INFO] Loading data/processed/ds6_train.pkl...
2025-12-15 20:23:58,303 [INFO] Dataset ds6: Found 400 existing files in data/embeddings/ds6/train. Processing remaining...
2025-12-15 20:23:58,410 [INFO] All repertoires already processed! ✅
2025-12-15 20:23:58,557 [INFO] Loading data/processed/ds7_train.pkl...
2025-12-15 20:24:10,047 [INFO] Dataset ds7: Found 34 existing files in data/embeddings/ds7/train. Processing remaining...
2025-12-15 20:24:32,494 [INFO]     ...processed 10000/399234 sequences for rep bfa72d9a4e04c98138c7d70010cd3c27...
2025-12-15 20:24:53,888 [INFO]     ...processed 20000/399234 sequences for rep bfa72d9a4e04c98138c7d70010cd3c27...
2025-12-15 20:25:15,317 [INFO]     ...processed 30000/399234 sequences for rep bfa72d9a4e04c98138c7d70010cd3c27...
2025-12-15 20:25:36,814 [INFO]     ...processed 40000/399234 sequences for rep bfa72d9a4e04c98138c7d70010cd3c27...
2025-12-15 20:25:58,230 [INFO]     ...processed 50000/399234 sequences for rep bfa72d9a4e04c98138c7d70010cd3c27...
2025-12-15 20:26:19,356 [INFO]     ...processed 60000/399234 sequences for rep bfa72d9a4e04c98138c7d70010cd3c27...
2025-12-15 20:26:40,635 [INFO]     ...processed 70000/399234 sequences for rep bfa72d9a4e04c98138c7d70010cd3c27...
2025-12-15 20:27:01,874 [INFO]     ...processed 80000/399234 sequences for rep bfa72d9a4e04c98138c7d70010cd3c27...
2025-12-15 20:27:23,069 [INFO]     ...processed 90000/399234 sequences for rep bfa72d9a4e04c98138c7d70010cd3c27...
2025-12-15 20:27:44,279 [INFO]     ...processed 100000/399234 sequences for rep bfa72d9a4e04c98138c7d70010cd3c27...
2025-12-15 20:28:05,906 [INFO]     ...processed 110000/399234 sequences for rep bfa72d9a4e04c98138c7d70010cd3c27...
2025-12-15 20:28:27,235 [INFO]     ...processed 120000/399234 sequences for rep bfa72d9a4e04c98138c7d70010cd3c27...
2025-12-15 20:28:48,595 [INFO]     ...processed 130000/399234 sequences for rep bfa72d9a4e04c98138c7d70010cd3c27...
2025-12-15 20:29:09,941 [INFO]     ...processed 140000/399234 sequences for rep bfa72d9a4e04c98138c7d70010cd3c27...
2025-12-15 20:29:31,287 [INFO]     ...processed 150000/399234 sequences for rep bfa72d9a4e04c98138c7d70010cd3c27...
2025-12-15 20:29:52,595 [INFO]     ...processed 160000/399234 sequences for rep bfa72d9a4e04c98138c7d70010cd3c27...
2025-12-15 20:30:13,955 [INFO]     ...processed 170000/399234 sequences for rep bfa72d9a4e04c98138c7d70010cd3c27...
2025-12-15 20:30:35,382 [INFO]     ...processed 180000/399234 sequences for rep bfa72d9a4e04c98138c7d70010cd3c27...
2025-12-15 20:30:56,790 [INFO]     ...processed 190000/399234 sequences for rep bfa72d9a4e04c98138c7d70010cd3c27...
2025-12-15 20:31:18,166 [INFO]     ...processed 200000/399234 sequences for rep bfa72d9a4e04c98138c7d70010cd3c27...
2025-12-15 20:31:39,590 [INFO]     ...processed 210000/399234 sequences for rep bfa72d9a4e04c98138c7d70010cd3c27...
2025-12-15 20:32:00,792 [INFO]     ...processed 220000/399234 sequences for rep bfa72d9a4e04c98138c7d70010cd3c27...
2025-12-15 20:32:21,882 [INFO]     ...processed 230000/399234 sequences for rep bfa72d9a4e04c98138c7d70010cd3c27...
2025-12-15 20:32:43,071 [INFO]     ...processed 240000/399234 sequences for rep bfa72d9a4e04c98138c7d70010cd3c27...
2025-12-15 20:33:04,095 [INFO]     ...processed 250000/399234 sequences for rep bfa72d9a4e04c98138c7d70010cd3c27...
2025-12-15 20:33:25,116 [INFO]     ...processed 260000/399234 sequences for rep bfa72d9a4e04c98138c7d70010cd3c27...
2025-12-15 20:33:46,105 [INFO]     ...processed 270000/399234 sequences for rep bfa72d9a4e04c98138c7d70010cd3c27...
2025-12-15 20:34:07,089 [INFO]     ...processed 280000/399234 sequences for rep bfa72d9a4e04c98138c7d70010cd3c27...
2025-12-15 20:34:28,134 [INFO]     ...processed 290000/399234 sequences for rep bfa72d9a4e04c98138c7d70010cd3c27...
2025-12-15 20:34:49,315 [INFO]     ...processed 300000/399234 sequences for rep bfa72d9a4e04c98138c7d70010cd3c27...
2025-12-15 20:35:10,397 [INFO]     ...processed 310000/399234 sequences for rep bfa72d9a4e04c98138c7d70010cd3c27...
2025-12-15 20:35:24,610 [INFO] 
🛑 Interrupted by user.
2025-12-15 20:38:04,468 [INFO] Loading data/processed/ds1_train.pkl...
2025-12-15 20:38:05,936 [INFO] Loading esm2_t33_650M_UR50D...
2025-12-15 20:38:05,937 [INFO]   Model cache set to: data/model_cache
2025-12-15 20:38:14,242 [INFO] ✅ Model loaded on GPU.
2025-12-15 20:38:14,246 [INFO] Dataset ds1: Found 400 existing files in data/embeddings/ds1/train. Processing remaining...
2025-12-15 20:38:14,353 [INFO] All repertoires already processed! ✅
2025-12-15 20:38:14,505 [INFO] Loading data/processed/ds2_train.pkl...
2025-12-15 20:38:15,598 [INFO] Dataset ds2: Found 400 existing files in data/embeddings/ds2/train. Processing remaining...
2025-12-15 20:38:15,711 [INFO] All repertoires already processed! ✅
2025-12-15 20:38:15,861 [INFO] Loading data/processed/ds3_train.pkl...
2025-12-15 20:38:16,989 [INFO] Dataset ds3: Found 400 existing files in data/embeddings/ds3/train. Processing remaining...
2025-12-15 20:38:17,105 [INFO] All repertoires already processed! ✅
2025-12-15 20:38:17,249 [INFO] Loading data/processed/ds4_train.pkl...
2025-12-15 20:38:18,284 [INFO] Dataset ds4: Found 400 existing files in data/embeddings/ds4/train. Processing remaining...
2025-12-15 20:38:18,405 [INFO] All repertoires already processed! ✅
2025-12-15 20:38:18,551 [INFO] Loading data/processed/ds5_train.pkl...
2025-12-15 20:38:19,576 [INFO] Dataset ds5: Found 400 existing files in data/embeddings/ds5/train. Processing remaining...
2025-12-15 20:38:19,685 [INFO] All repertoires already processed! ✅
2025-12-15 20:38:19,832 [INFO] Loading data/processed/ds6_train.pkl...
2025-12-15 20:38:20,953 [INFO] Dataset ds6: Found 400 existing files in data/embeddings/ds6/train. Processing remaining...
2025-12-15 20:38:21,064 [INFO] All repertoires already processed! ✅
2025-12-15 20:38:21,206 [INFO] Loading data/processed/ds7_train.pkl...
2025-12-15 20:38:32,643 [INFO] Dataset ds7: Found 34 existing files in data/embeddings/ds7/train. Processing remaining...
2025-12-15 20:55:17,761 [INFO]     ...processed 275000/396569 sequences for rep 0865cc0e157249b7b8bdc4eed8e7a144...
2025-12-15 21:07:17,292 [INFO]     ...processed 275000/431536 sequences for rep e2896cda605b2fe70259b9b4f97fa707...
2025-12-15 21:09:24,647 [INFO] 
🛑 Interrupted by user.
2025-12-15 21:09:32,256 [INFO] 🚀 STARTING WITH TEST DATASETS (PRIORITY)...
2025-12-15 21:09:32,256 [INFO] Loading data/processed/ds1_test.pkl...
2025-12-15 21:09:33,856 [CRITICAL] 🔥 Fatal Script Error: cannot access local variable 'target_dir' where it is not associated with a value
2025-12-15 21:11:41,455 [INFO] 🚀 STARTING WITH TEST DATASETS (PRIORITY)...
2025-12-15 21:11:41,456 [INFO] Loading data/processed/ds1_test.pkl...
2025-12-15 21:11:42,881 [INFO] Loading esm2_t33_650M_UR50D...
2025-12-15 21:11:42,881 [INFO]   Model cache set to: data/model_cache
2025-12-15 21:11:57,706 [INFO] ✅ Model loaded on GPU.
2025-12-15 21:11:57,709 [INFO] Dataset ds1: Found 0 existing files in data/embeddings/ds1/test. Processing remaining...
2025-12-15 21:20:05,645 [INFO]     ...processed 10000/25000 (Current Batch Size: 250)...
2025-12-15 21:24:08,705 [INFO]     ...processed 15000/25000 (Current Batch Size: 236)...
2025-12-15 22:05:20,375 [INFO]     ...processed 10000/25000 (Current Batch Size: 250)...
2025-12-15 22:28:41,591 [INFO] Loading data/processed/ds2_test.pkl...
2025-12-15 22:28:42,964 [INFO] Dataset ds2: Found 0 existing files in data/embeddings/ds2/test. Processing remaining...
2025-12-15 22:29:34,119 [INFO]     ...processed 10000/25000 (Current Batch Size: 250)...
2025-12-15 22:29:57,322 [INFO]     ...processed 10000/25000 (Current Batch Size: 250)...
2025-12-15 22:30:20,785 [INFO]     ...processed 10000/25000 (Current Batch Size: 250)...
2025-12-15 22:31:54,130 [INFO]     ...processed 10000/25000 (Current Batch Size: 250)...
2025-12-15 22:32:05,706 [INFO]     ...processed 10000/25000 (Current Batch Size: 250)...
2025-12-15 22:32:17,293 [INFO]     ...processed 10000/25000 (Current Batch Size: 250)...
2025-12-15 22:32:29,065 [INFO]     ...processed 10000/25000 (Current Batch Size: 250)...
2025-12-15 22:33:04,240 [INFO]     ...processed 10000/25000 (Current Batch Size: 250)...
2025-12-15 22:33:50,826 [INFO]     ...processed 10000/25000 (Current Batch Size: 250)...
2025-12-15 22:34:25,990 [INFO]     ...processed 10000/25000 (Current Batch Size: 250)...
2025-12-15 22:34:49,426 [INFO]     ...processed 10000/25000 (Current Batch Size: 250)...
2025-12-15 22:35:25,368 [INFO]     ...processed 10000/25000 (Current Batch Size: 250)...
2025-12-15 22:37:24,772 [INFO]     ...processed 10000/25000 (Current Batch Size: 250)...
2025-12-15 22:39:45,994 [INFO]     ...processed 10000/25000 (Current Batch Size: 250)...
2025-12-15 22:40:44,942 [INFO]     ...processed 10000/25000 (Current Batch Size: 250)...
2025-12-15 22:43:17,550 [INFO]     ...processed 10000/25000 (Current Batch Size: 250)...
2025-12-15 22:43:29,380 [INFO]     ...processed 10000/25000 (Current Batch Size: 250)...
2025-12-15 22:43:52,929 [INFO]     ...processed 10000/25000 (Current Batch Size: 250)...
2025-12-15 22:44:51,755 [INFO]     ...processed 10000/25000 (Current Batch Size: 250)...
2025-12-15 22:47:01,017 [INFO]     ...processed 10000/25000 (Current Batch Size: 250)...
2025-12-15 22:47:48,114 [INFO]     ...processed 10000/25000 (Current Batch Size: 250)...
2025-12-15 22:48:00,160 [INFO]     ...processed 10000/25000 (Current Batch Size: 250)...
2025-12-15 22:49:58,297 [INFO]     ...processed 10000/25000 (Current Batch Size: 250)...
2025-12-15 22:50:21,984 [INFO]     ...processed 10000/25000 (Current Batch Size: 250)...
2025-12-15 22:50:33,766 [INFO]     ...processed 10000/25000 (Current Batch Size: 250)...
2025-12-15 22:51:21,340 [INFO]     ...processed 10000/25000 (Current Batch Size: 250)...
2025-12-15 22:52:19,888 [INFO]     ...processed 10000/25000 (Current Batch Size: 250)...
2025-12-15 22:52:55,401 [INFO]     ...processed 10000/25000 (Current Batch Size: 250)...
2025-12-15 22:53:30,666 [INFO]     ...processed 10000/25000 (Current Batch Size: 250)...
2025-12-15 22:53:53,799 [INFO]     ...processed 10000/25000 (Current Batch Size: 250)...
2025-12-15 22:54:05,590 [INFO]     ...processed 10000/25000 (Current Batch Size: 250)...
2025-12-15 22:54:28,900 [INFO]     ...processed 10000/25000 (Current Batch Size: 250)...
2025-12-15 22:54:52,198 [INFO]     ...processed 10000/25000 (Current Batch Size: 250)...
2025-12-15 22:55:03,882 [INFO]     ...processed 10000/25000 (Current Batch Size: 250)...
2025-12-15 22:55:27,172 [INFO]     ...processed 10000/25000 (Current Batch Size: 250)...
2025-12-15 22:56:13,598 [INFO]     ...processed 10000/25000 (Current Batch Size: 250)...
2025-12-15 22:57:00,255 [INFO]     ...processed 10000/25000 (Current Batch Size: 250)...
2025-12-15 22:57:11,904 [INFO]     ...processed 10000/25000 (Current Batch Size: 250)...
2025-12-15 22:58:21,869 [INFO]     ...processed 10000/25000 (Current Batch Size: 250)...
2025-12-15 23:01:27,402 [INFO]     ...processed 10000/25000 (Current Batch Size: 250)...
2025-12-15 23:02:25,902 [INFO]     ...processed 10000/25000 (Current Batch Size: 250)...
2025-12-15 23:02:49,112 [INFO]     ...processed 10000/25000 (Current Batch Size: 250)...
2025-12-15 23:03:24,045 [INFO]     ...processed 10000/25000 (Current Batch Size: 250)...
2025-12-15 23:03:58,836 [INFO]     ...processed 10000/25000 (Current Batch Size: 250)...
2025-12-15 23:07:07,462 [INFO]     ...processed 10000/25000 (Current Batch Size: 250)...
2025-12-15 23:09:04,520 [INFO]     ...processed 10000/25000 (Current Batch Size: 250)...
2025-12-15 23:09:16,283 [INFO]     ...processed 10000/25000 (Current Batch Size: 250)...
2025-12-15 23:09:51,030 [INFO]     ...processed 10000/25000 (Current Batch Size: 250)...
2025-12-15 23:10:14,390 [INFO]     ...processed 10000/25000 (Current Batch Size: 250)...
2025-12-15 23:10:26,067 [INFO]     ...processed 10000/25000 (Current Batch Size: 250)...
2025-12-15 23:11:12,713 [INFO]     ...processed 10000/25000 (Current Batch Size: 250)...
2025-12-15 23:12:46,316 [INFO]     ...processed 10000/25000 (Current Batch Size: 250)...
2025-12-15 23:14:55,202 [INFO]     ...processed 10000/25000 (Current Batch Size: 250)...
2025-12-15 23:16:05,715 [INFO]     ...processed 10000/25000 (Current Batch Size: 250)...
2025-12-15 23:16:52,596 [INFO]     ...processed 10000/25000 (Current Batch Size: 250)...
2025-12-15 23:17:15,904 [INFO]     ...processed 10000/25000 (Current Batch Size: 250)...
2025-12-15 23:17:27,503 [INFO]     ...processed 10000/25000 (Current Batch Size: 250)...
2025-12-15 23:18:49,687 [INFO]     ...processed 10000/25000 (Current Batch Size: 250)...
2025-12-15 23:19:01,451 [INFO]     ...processed 10000/25000 (Current Batch Size: 250)...
2025-12-15 23:19:36,518 [INFO]     ...processed 10000/25000 (Current Batch Size: 250)...
2025-12-15 23:19:48,095 [INFO]     ...processed 10000/25000 (Current Batch Size: 250)...
2025-12-15 23:20:58,127 [INFO]     ...processed 10000/25000 (Current Batch Size: 250)...
2025-12-15 23:22:31,675 [INFO]     ...processed 10000/25000 (Current Batch Size: 250)...
2025-12-15 23:22:43,498 [INFO]     ...processed 10000/25000 (Current Batch Size: 250)...
2025-12-15 23:24:05,850 [INFO]     ...processed 10000/25000 (Current Batch Size: 250)...
2025-12-15 23:25:51,390 [INFO]     ...processed 10000/25000 (Current Batch Size: 250)...
2025-12-15 23:26:03,055 [INFO]     ...processed 10000/25000 (Current Batch Size: 250)...
2025-12-15 23:26:15,006 [INFO]     ...processed 10000/25000 (Current Batch Size: 250)...
2025-12-15 23:29:47,048 [INFO]     ...processed 10000/25000 (Current Batch Size: 250)...
2025-12-15 23:33:40,927 [INFO]     ...processed 10000/25000 (Current Batch Size: 250)...
2025-12-15 23:35:49,986 [INFO]     ...processed 10000/25000 (Current Batch Size: 250)...
2025-12-15 23:37:35,736 [INFO]     ...processed 10000/25000 (Current Batch Size: 250)...
2025-12-15 23:38:46,289 [INFO]     ...processed 10000/25000 (Current Batch Size: 250)...
2025-12-15 23:39:21,603 [INFO]     ...processed 10000/25000 (Current Batch Size: 250)...
2025-12-15 23:39:33,342 [INFO]     ...processed 10000/25000 (Current Batch Size: 250)...
2025-12-15 23:40:31,832 [INFO]     ...processed 10000/25000 (Current Batch Size: 250)...
2025-12-15 23:41:06,588 [INFO]     ...processed 10000/25000 (Current Batch Size: 250)...
2025-12-15 23:41:18,355 [INFO]     ...processed 10000/25000 (Current Batch Size: 250)...
2025-12-15 23:44:02,156 [INFO]     ...processed 10000/25000 (Current Batch Size: 250)...
2025-12-15 23:44:13,786 [INFO]     ...processed 10000/25000 (Current Batch Size: 250)...
2025-12-15 23:44:37,127 [INFO]     ...processed 10000/25000 (Current Batch Size: 250)...
2025-12-15 23:45:12,187 [INFO]     ...processed 10000/25000 (Current Batch Size: 250)...
2025-12-15 23:46:53,495 [INFO] Loading data/processed/ds3_test.pkl...
2025-12-15 23:46:54,891 [INFO] Dataset ds3: Found 0 existing files in data/embeddings/ds3/test. Processing remaining...
2025-12-16 00:46:26,584 [INFO]     ...processed 10000/25000 (Current Batch Size: 250)...
2025-12-16 01:03:43,450 [INFO] Loading data/processed/ds4_test.pkl...
2025-12-16 01:03:44,776 [INFO] Dataset ds4: Found 0 existing files in data/embeddings/ds4/test. Processing remaining...
2025-12-16 01:04:23,700 [INFO]     ...processed 10000/25000 (Current Batch Size: 250)...
2025-12-16 01:05:57,405 [INFO]     ...processed 10000/25000 (Current Batch Size: 250)...
2025-12-16 01:09:39,636 [INFO]     ...processed 10000/25000 (Current Batch Size: 250)...
2025-12-16 01:09:51,370 [INFO]     ...processed 10000/25000 (Current Batch Size: 250)...
2025-12-16 01:11:13,053 [INFO]     ...processed 10000/25000 (Current Batch Size: 250)...
2025-12-16 01:11:24,632 [INFO]     ...processed 10000/25000 (Current Batch Size: 250)...
2025-12-16 01:11:59,702 [INFO]     ...processed 10000/25000 (Current Batch Size: 250)...
2025-12-16 01:12:11,462 [INFO]     ...processed 10000/25000 (Current Batch Size: 250)...
2025-12-16 01:13:44,516 [INFO]     ...processed 10000/25000 (Current Batch Size: 250)...
2025-12-16 01:15:17,870 [INFO]     ...processed 10000/25000 (Current Batch Size: 250)...
2025-12-16 01:15:29,621 [INFO]     ...processed 10000/25000 (Current Batch Size: 250)...
2025-12-16 01:17:50,786 [INFO]     ...processed 10000/25000 (Current Batch Size: 250)...
2025-12-16 01:18:37,380 [INFO]     ...processed 10000/25000 (Current Batch Size: 250)...
2025-12-16 01:19:00,764 [INFO]     ...processed 10000/25000 (Current Batch Size: 250)...
2025-12-16 01:19:12,356 [INFO]     ...processed 10000/25000 (Current Batch Size: 250)...
2025-12-16 01:21:09,518 [INFO]     ...processed 10000/25000 (Current Batch Size: 250)...
2025-12-16 01:21:56,258 [INFO]     ...processed 10000/25000 (Current Batch Size: 250)...
2025-12-16 01:23:29,345 [INFO]     ...processed 10000/25000 (Current Batch Size: 250)...
2025-12-16 01:25:03,121 [INFO]     ...processed 10000/25000 (Current Batch Size: 250)...
2025-12-16 01:26:13,277 [INFO]     ...processed 10000/25000 (Current Batch Size: 250)...
2025-12-16 01:28:22,245 [INFO]     ...processed 10000/25000 (Current Batch Size: 250)...
2025-12-16 01:28:33,894 [INFO]     ...processed 10000/25000 (Current Batch Size: 250)...
2025-12-16 01:30:53,516 [INFO]     ...processed 10000/25000 (Current Batch Size: 250)...
2025-12-16 01:31:16,700 [INFO]     ...processed 10000/25000 (Current Batch Size: 250)...
2025-12-16 01:31:28,497 [INFO]     ...processed 10000/25000 (Current Batch Size: 250)...
2025-12-16 01:31:51,847 [INFO]     ...processed 10000/25000 (Current Batch Size: 250)...
2025-12-16 01:32:15,226 [INFO]     ...processed 10000/25000 (Current Batch Size: 250)...
2025-12-16 01:33:01,882 [INFO]     ...processed 10000/25000 (Current Batch Size: 250)...
2025-12-16 01:35:33,432 [INFO]     ...processed 10000/25000 (Current Batch Size: 250)...
2025-12-16 01:35:45,230 [INFO]     ...processed 10000/25000 (Current Batch Size: 250)...
2025-12-16 01:36:08,461 [INFO]     ...processed 10000/25000 (Current Batch Size: 250)...
2025-12-16 01:36:20,231 [INFO]     ...processed 10000/25000 (Current Batch Size: 250)...
2025-12-16 01:36:43,494 [INFO]     ...processed 10000/25000 (Current Batch Size: 250)...
2025-12-16 01:37:41,963 [INFO]     ...processed 10000/25000 (Current Batch Size: 250)...
2025-12-16 01:38:05,294 [INFO]     ...processed 10000/25000 (Current Batch Size: 250)...
2025-12-16 01:38:17,089 [INFO]     ...processed 10000/25000 (Current Batch Size: 250)...
2025-12-16 01:39:15,619 [INFO]     ...processed 10000/25000 (Current Batch Size: 250)...
2025-12-16 01:39:27,389 [INFO]     ...processed 10000/25000 (Current Batch Size: 250)...
2025-12-16 01:39:50,735 [INFO]     ...processed 10000/25000 (Current Batch Size: 250)...
2025-12-16 01:41:12,297 [INFO]     ...processed 10000/25000 (Current Batch Size: 250)...
2025-12-16 01:41:58,857 [INFO]     ...processed 10000/25000 (Current Batch Size: 250)...
2025-12-16 01:42:22,225 [INFO]     ...processed 10000/25000 (Current Batch Size: 250)...
2025-12-16 01:42:34,037 [INFO]     ...processed 10000/25000 (Current Batch Size: 250)...
2025-12-16 01:43:10,146 [INFO]     ...processed 10000/25000 (Current Batch Size: 250)...
2025-12-16 01:43:58,329 [INFO]     ...processed 10000/25000 (Current Batch Size: 250)...
2025-12-16 01:44:21,671 [INFO]     ...processed 10000/25000 (Current Batch Size: 250)...
2025-12-16 01:44:33,274 [INFO]     ...processed 10000/25000 (Current Batch Size: 250)...
2025-12-16 01:45:08,343 [INFO]     ...processed 10000/25000 (Current Batch Size: 250)...
2025-12-16 01:46:18,625 [INFO]     ...processed 10000/25000 (Current Batch Size: 250)...
2025-12-16 01:46:30,392 [INFO]     ...processed 10000/25000 (Current Batch Size: 250)...
2025-12-16 01:47:52,121 [INFO]     ...processed 10000/25000 (Current Batch Size: 250)...
2025-12-16 01:48:03,782 [INFO]     ...processed 10000/25000 (Current Batch Size: 250)...
2025-12-16 01:50:12,957 [INFO]     ...processed 10000/25000 (Current Batch Size: 250)...
2025-12-16 01:50:36,333 [INFO]     ...processed 10000/25000 (Current Batch Size: 250)...
2025-12-16 01:50:47,922 [INFO]     ...processed 10000/25000 (Current Batch Size: 250)...
2025-12-16 01:51:11,566 [INFO]     ...processed 10000/25000 (Current Batch Size: 250)...
2025-12-16 01:53:08,449 [INFO]     ...processed 10000/25000 (Current Batch Size: 250)...
2025-12-16 01:54:30,486 [INFO]     ...processed 10000/25000 (Current Batch Size: 250)...
2025-12-16 01:54:54,124 [INFO]     ...processed 10000/25000 (Current Batch Size: 250)...
2025-12-16 01:55:29,142 [INFO]     ...processed 10000/25000 (Current Batch Size: 250)...
2025-12-16 01:56:39,267 [INFO]     ...processed 10000/25000 (Current Batch Size: 250)...
2025-12-16 01:57:37,644 [INFO]     ...processed 10000/25000 (Current Batch Size: 250)...
2025-12-16 01:58:36,261 [INFO]     ...processed 10000/25000 (Current Batch Size: 250)...
2025-12-16 02:00:33,818 [INFO]     ...processed 10000/25000 (Current Batch Size: 250)...
2025-12-16 02:02:18,787 [INFO]     ...processed 10000/25000 (Current Batch Size: 250)...
2025-12-16 02:03:52,775 [INFO]     ...processed 10000/25000 (Current Batch Size: 250)...
2025-12-16 02:04:27,745 [INFO]     ...processed 10000/25000 (Current Batch Size: 250)...
2025-12-16 02:05:37,659 [INFO]     ...processed 10000/25000 (Current Batch Size: 250)...
2025-12-16 02:06:47,952 [INFO]     ...processed 10000/25000 (Current Batch Size: 250)...
2025-12-16 02:08:44,534 [INFO]     ...processed 10000/25000 (Current Batch Size: 250)...
2025-12-16 02:10:06,274 [INFO]     ...processed 10000/25000 (Current Batch Size: 250)...
2025-12-16 02:11:16,369 [INFO]     ...processed 10000/25000 (Current Batch Size: 250)...
2025-12-16 02:11:39,677 [INFO]     ...processed 10000/25000 (Current Batch Size: 250)...
2025-12-16 02:12:14,623 [INFO]     ...processed 10000/25000 (Current Batch Size: 250)...
2025-12-16 02:12:26,370 [INFO]     ...processed 10000/25000 (Current Batch Size: 250)...
2025-12-16 02:14:48,991 [INFO]     ...processed 10000/25000 (Current Batch Size: 250)...
2025-12-16 02:16:45,970 [INFO]     ...processed 10000/25000 (Current Batch Size: 250)...
2025-12-16 02:17:32,969 [INFO]     ...processed 10000/25000 (Current Batch Size: 250)...
2025-12-16 02:17:56,465 [INFO]     ...processed 10000/25000 (Current Batch Size: 250)...
2025-12-16 02:18:08,197 [INFO]     ...processed 10000/25000 (Current Batch Size: 250)...
2025-12-16 02:20:53,829 [INFO]     ...processed 10000/25000 (Current Batch Size: 250)...
2025-12-16 02:21:43,381 [INFO]     ...processed 10000/25000 (Current Batch Size: 250)...
2025-12-16 02:21:51,243 [INFO] Loading data/processed/ds5_test.pkl...
2025-12-16 02:21:52,559 [INFO] Dataset ds5: Found 0 existing files in data/embeddings/ds5/test. Processing remaining...
2025-12-16 02:22:43,577 [INFO]     ...processed 10000/25000 (Current Batch Size: 250)...
2025-12-16 02:22:55,393 [INFO]     ...processed 10000/25000 (Current Batch Size: 250)...
2025-12-16 02:23:30,589 [INFO]     ...processed 10000/25000 (Current Batch Size: 250)...
2025-12-16 02:24:05,608 [INFO]     ...processed 10000/25000 (Current Batch Size: 250)...
2025-12-16 02:24:17,388 [INFO]     ...processed 10000/25000 (Current Batch Size: 250)...
2025-12-16 02:24:52,365 [INFO]     ...processed 10000/25000 (Current Batch Size: 250)...
2025-12-16 02:27:59,097 [INFO]     ...processed 10000/25000 (Current Batch Size: 250)...
2025-12-16 02:28:45,895 [INFO]     ...processed 10000/25000 (Current Batch Size: 250)...
2025-12-16 02:29:44,145 [INFO]     ...processed 10000/25000 (Current Batch Size: 250)...
2025-12-16 02:30:42,686 [INFO]     ...processed 10000/25000 (Current Batch Size: 250)...
2025-12-16 02:30:54,301 [INFO]     ...processed 10000/25000 (Current Batch Size: 250)...
2025-12-16 02:32:15,650 [INFO]     ...processed 10000/25000 (Current Batch Size: 250)...
2025-12-16 02:32:27,245 [INFO]     ...processed 10000/25000 (Current Batch Size: 250)...
2025-12-16 02:32:38,833 [INFO]     ...processed 10000/25000 (Current Batch Size: 250)...
2025-12-16 02:32:50,406 [INFO]     ...processed 10000/25000 (Current Batch Size: 250)...
2025-12-16 02:33:02,030 [INFO]     ...processed 10000/25000 (Current Batch Size: 250)...
2025-12-16 02:33:37,296 [INFO]     ...processed 10000/25000 (Current Batch Size: 250)...
2025-12-16 02:34:00,778 [INFO]     ...processed 10000/25000 (Current Batch Size: 250)...
2025-12-16 02:34:12,397 [INFO]     ...processed 10000/25000 (Current Batch Size: 250)...
2025-12-16 02:34:35,626 [INFO]     ...processed 10000/25000 (Current Batch Size: 250)...
2025-12-16 02:34:47,207 [INFO]     ...processed 10000/25000 (Current Batch Size: 250)...
2025-12-16 02:34:58,997 [INFO]     ...processed 10000/25000 (Current Batch Size: 250)...
2025-12-16 02:35:22,507 [INFO]     ...processed 10000/25000 (Current Batch Size: 250)...
2025-12-16 02:35:34,137 [INFO]     ...processed 10000/25000 (Current Batch Size: 250)...
2025-12-16 02:37:42,071 [INFO]     ...processed 10000/25000 (Current Batch Size: 250)...
2025-12-16 02:38:05,230 [INFO]     ...processed 10000/25000 (Current Batch Size: 250)...
2025-12-16 02:38:16,829 [INFO]     ...processed 10000/25000 (Current Batch Size: 250)...
2025-12-16 02:38:28,411 [INFO]     ...processed 10000/25000 (Current Batch Size: 250)...
2025-12-16 02:39:49,762 [INFO]     ...processed 10000/25000 (Current Batch Size: 250)...
2025-12-16 02:41:23,384 [INFO]     ...processed 10000/25000 (Current Batch Size: 250)...
2025-12-16 02:43:32,298 [INFO]     ...processed 10000/25000 (Current Batch Size: 250)...
2025-12-16 02:43:55,882 [INFO]     ...processed 10000/25000 (Current Batch Size: 250)...
2025-12-16 02:45:06,444 [INFO]     ...processed 10000/25000 (Current Batch Size: 250)...
2025-12-16 02:46:16,841 [INFO]     ...processed 10000/25000 (Current Batch Size: 250)...
2025-12-16 02:47:03,848 [INFO]     ...processed 10000/25000 (Current Batch Size: 250)...
2025-12-16 02:48:25,585 [INFO]     ...processed 10000/25000 (Current Batch Size: 250)...
2025-12-16 02:48:49,072 [INFO]     ...processed 10000/25000 (Current Batch Size: 250)...
2025-12-16 02:49:12,300 [INFO]     ...processed 10000/25000 (Current Batch Size: 250)...
2025-12-16 02:50:10,390 [INFO]     ...processed 10000/25000 (Current Batch Size: 250)...
2025-12-16 02:50:33,557 [INFO]     ...processed 10000/25000 (Current Batch Size: 250)...
2025-12-16 02:51:08,853 [INFO]     ...processed 10000/25000 (Current Batch Size: 250)...
2025-12-16 02:51:43,787 [INFO]     ...processed 10000/25000 (Current Batch Size: 250)...
2025-12-16 02:52:07,082 [INFO]     ...processed 10000/25000 (Current Batch Size: 250)...
2025-12-16 02:53:17,581 [INFO]     ...processed 10000/25000 (Current Batch Size: 250)...
2025-12-16 02:54:16,009 [INFO]     ...processed 10000/25000 (Current Batch Size: 250)...
2025-12-16 02:54:27,768 [INFO]     ...processed 10000/25000 (Current Batch Size: 250)...
2025-12-16 02:54:51,083 [INFO]     ...processed 10000/25000 (Current Batch Size: 250)...
2025-12-16 02:55:49,607 [INFO]     ...processed 10000/25000 (Current Batch Size: 250)...
2025-12-16 02:56:12,970 [INFO]     ...processed 10000/25000 (Current Batch Size: 250)...
2025-12-16 02:56:24,552 [INFO]     ...processed 10000/25000 (Current Batch Size: 250)...
2025-12-16 02:57:22,963 [INFO]     ...processed 10000/25000 (Current Batch Size: 250)...
2025-12-16 02:57:46,436 [INFO]     ...processed 10000/25000 (Current Batch Size: 250)...
2025-12-16 02:58:21,359 [INFO]     ...processed 10000/25000 (Current Batch Size: 250)...
2025-12-16 02:59:09,315 [INFO]     ...processed 10000/25000 (Current Batch Size: 250)...
2025-12-16 02:59:21,525 [INFO]     ...processed 10000/25000 (Current Batch Size: 250)...
2025-12-16 02:59:57,358 [INFO]     ...processed 10000/25000 (Current Batch Size: 250)...
2025-12-16 03:00:08,965 [INFO]     ...processed 10000/25000 (Current Batch Size: 250)...
2025-12-16 03:00:44,270 [INFO]     ...processed 10000/25000 (Current Batch Size: 250)...
2025-12-16 03:02:05,933 [INFO]     ...processed 10000/25000 (Current Batch Size: 250)...
2025-12-16 03:02:17,677 [INFO]     ...processed 10000/25000 (Current Batch Size: 250)...
2025-12-16 03:03:04,704 [INFO]     ...processed 10000/25000 (Current Batch Size: 250)...
2025-12-16 03:04:15,175 [INFO]     ...processed 10000/25000 (Current Batch Size: 250)...
2025-12-16 03:06:00,783 [INFO]     ...processed 10000/25000 (Current Batch Size: 250)...
2025-12-16 03:06:12,405 [INFO]     ...processed 10000/25000 (Current Batch Size: 250)...
2025-12-16 03:07:57,768 [INFO]     ...processed 10000/25000 (Current Batch Size: 250)...
2025-12-16 03:08:09,537 [INFO]     ...processed 10000/25000 (Current Batch Size: 250)...
2025-12-16 03:08:21,277 [INFO]     ...processed 10000/25000 (Current Batch Size: 250)...
2025-12-16 03:08:33,043 [INFO]     ...processed 10000/25000 (Current Batch Size: 250)...
2025-12-16 03:08:44,816 [INFO]     ...processed 10000/25000 (Current Batch Size: 250)...
2025-12-16 03:09:31,810 [INFO]     ...processed 10000/25000 (Current Batch Size: 250)...
2025-12-16 03:11:05,510 [INFO]     ...processed 10000/25000 (Current Batch Size: 250)...
2025-12-16 03:11:52,180 [INFO]     ...processed 10000/25000 (Current Batch Size: 250)...
2025-12-16 03:13:02,614 [INFO]     ...processed 10000/25000 (Current Batch Size: 250)...
2025-12-16 03:13:14,225 [INFO]     ...processed 10000/25000 (Current Batch Size: 250)...
2025-12-16 03:13:37,544 [INFO]     ...processed 10000/25000 (Current Batch Size: 250)...
2025-12-16 03:14:12,506 [INFO]     ...processed 10000/25000 (Current Batch Size: 250)...
2025-12-16 03:15:34,448 [INFO]     ...processed 10000/25000 (Current Batch Size: 250)...
2025-12-16 03:16:21,290 [INFO]     ...processed 10000/25000 (Current Batch Size: 250)...
2025-12-16 03:19:27,981 [INFO]     ...processed 10000/25000 (Current Batch Size: 250)...
2025-12-16 03:19:39,578 [INFO]     ...processed 10000/25000 (Current Batch Size: 250)...
2025-12-16 03:20:26,351 [INFO]     ...processed 10000/25000 (Current Batch Size: 250)...
2025-12-16 03:20:38,113 [INFO]     ...processed 10000/25000 (Current Batch Size: 250)...
2025-12-16 03:22:11,323 [INFO]     ...processed 10000/25000 (Current Batch Size: 250)...
2025-12-16 03:22:23,105 [INFO]     ...processed 10000/25000 (Current Batch Size: 250)...
2025-12-16 03:22:46,333 [INFO]     ...processed 10000/25000 (Current Batch Size: 250)...
2025-12-16 03:22:57,958 [INFO]     ...processed 10000/25000 (Current Batch Size: 250)...
2025-12-16 03:23:33,278 [INFO]     ...processed 10000/25000 (Current Batch Size: 250)...
2025-12-16 03:24:08,387 [INFO]     ...processed 10000/25000 (Current Batch Size: 250)...
2025-12-16 03:24:43,527 [INFO]     ...processed 10000/25000 (Current Batch Size: 250)...
2025-12-16 03:24:55,255 [INFO]     ...processed 10000/25000 (Current Batch Size: 250)...
2025-12-16 03:25:30,169 [INFO]     ...processed 10000/25000 (Current Batch Size: 250)...
2025-12-16 03:26:05,089 [INFO]     ...processed 10000/25000 (Current Batch Size: 250)...
2025-12-16 03:26:40,305 [INFO]     ...processed 10000/25000 (Current Batch Size: 250)...
2025-12-16 03:27:50,585 [INFO]     ...processed 10000/25000 (Current Batch Size: 250)...
2025-12-16 03:28:37,556 [INFO]     ...processed 10000/25000 (Current Batch Size: 250)...
2025-12-16 03:29:00,782 [INFO]     ...processed 10000/25000 (Current Batch Size: 250)...
2025-12-16 03:29:47,436 [INFO]     ...processed 10000/25000 (Current Batch Size: 250)...
2025-12-16 03:31:09,360 [INFO]     ...processed 10000/25000 (Current Batch Size: 250)...
2025-12-16 03:31:21,125 [INFO]     ...processed 10000/25000 (Current Batch Size: 250)...
2025-12-16 03:32:19,745 [INFO]     ...processed 10000/25000 (Current Batch Size: 250)...
2025-12-16 03:34:40,354 [INFO]     ...processed 10000/25000 (Current Batch Size: 250)...
2025-12-16 03:35:38,870 [INFO]     ...processed 10000/25000 (Current Batch Size: 250)...
2025-12-16 03:37:36,349 [INFO]     ...processed 10000/25000 (Current Batch Size: 250)...
2025-12-16 03:38:11,229 [INFO]     ...processed 10000/25000 (Current Batch Size: 250)...
2025-12-16 03:38:34,808 [INFO]     ...processed 10000/25000 (Current Batch Size: 250)...
2025-12-16 03:38:46,598 [INFO]     ...processed 10000/25000 (Current Batch Size: 250)...
2025-12-16 03:38:58,387 [INFO]     ...processed 10000/25000 (Current Batch Size: 250)...
2025-12-16 03:39:52,937 [INFO] Loading data/processed/ds6_test.pkl...
2025-12-16 03:39:54,204 [INFO] Dataset ds6: Found 0 existing files in data/embeddings/ds6/test. Processing remaining...
2025-12-16 03:40:44,429 [INFO]     ...processed 10000/25000 (Current Batch Size: 250)...
2025-12-16 04:34:04,373 [INFO]     ...processed 10000/25000 (Current Batch Size: 250)...
2025-12-16 04:49:00,100 [INFO]     ...processed 10000/25000 (Current Batch Size: 250)...
2025-12-16 04:54:23,086 [INFO]     ...processed 10000/25000 (Current Batch Size: 250)...
2025-12-16 04:57:00,768 [INFO] Loading data/processed/ds7_1_test.pkl...
2025-12-16 04:57:03,986 [INFO] Dataset ds7_1: Found 0 existing files in data/embeddings/ds7_1/test. Processing remaining...
2025-12-16 05:04:09,061 [INFO]     ...processed 370000/392653 (Current Batch Size: 214)...
2025-12-16 05:09:49,061 [INFO]     ...processed 110000/190747 (Current Batch Size: 236)...
2025-12-16 05:24:50,645 [INFO]     ...processed 10000/305324 (Current Batch Size: 281)...
2025-12-16 05:38:01,509 [INFO]     ...processed 135000/203987 (Current Batch Size: 236)...
2025-12-16 05:38:45,233 [INFO] 
🛑 Interrupted by user.
2025-12-16 05:51:41,853 [INFO] 🚀 STARTING WITH TEST DATASETS (PRIORITY)...
2025-12-16 05:51:41,854 [INFO] Loading data/processed/ds1_test.pkl...
2025-12-16 05:51:43,502 [INFO] Loading esm2_t33_650M_UR50D...
2025-12-16 05:51:43,503 [INFO]   Model cache set to: data/model_cache
2025-12-16 05:51:59,209 [INFO] ✅ Model loaded on GPU.
2025-12-16 05:51:59,214 [INFO] Dataset ds1: Found 400 existing files in data/embeddings/ds1/test. Processing remaining...
2025-12-16 05:51:59,325 [INFO] All repertoires already processed! ✅
2025-12-16 05:51:59,476 [INFO] Loading data/processed/ds2_test.pkl...
2025-12-16 05:52:00,869 [INFO] Dataset ds2: Found 400 existing files in data/embeddings/ds2/test. Processing remaining...
2025-12-16 05:52:00,982 [INFO] All repertoires already processed! ✅
2025-12-16 05:52:01,129 [INFO] Loading data/processed/ds3_test.pkl...
2025-12-16 05:52:02,579 [INFO] Dataset ds3: Found 400 existing files in data/embeddings/ds3/test. Processing remaining...
2025-12-16 05:52:02,696 [INFO] All repertoires already processed! ✅
2025-12-16 05:52:02,840 [INFO] Loading data/processed/ds4_test.pkl...
2025-12-16 05:52:04,209 [INFO] Dataset ds4: Found 400 existing files in data/embeddings/ds4/test. Processing remaining...
2025-12-16 05:52:04,318 [INFO] All repertoires already processed! ✅
2025-12-16 05:52:04,467 [INFO] Loading data/processed/ds5_test.pkl...
2025-12-16 05:52:05,773 [INFO] Dataset ds5: Found 400 existing files in data/embeddings/ds5/test. Processing remaining...
2025-12-16 05:52:05,900 [INFO] All repertoires already processed! ✅
2025-12-16 05:52:06,051 [INFO] Loading data/processed/ds6_test.pkl...
2025-12-16 05:52:07,470 [INFO] Dataset ds6: Found 400 existing files in data/embeddings/ds6/test. Processing remaining...
2025-12-16 05:52:07,593 [INFO] All repertoires already processed! ✅
2025-12-16 05:52:07,738 [INFO] Loading data/processed/ds7_1_test.pkl...
2025-12-16 05:52:10,716 [INFO] Dataset ds7_1: Found 18 existing files in data/embeddings/ds7_1/test. Processing remaining...
2025-12-16 05:55:12,765 [INFO]     ...processed 315000/497878 (Current Batch Size: 236)...
2025-12-16 06:15:12,065 [INFO]     ...processed 255000/271392 (Current Batch Size: 214)...
2025-12-16 06:27:54,325 [INFO]     ...processed 115000/136738 (Current Batch Size: 225)...
2025-12-16 06:30:39,281 [INFO]     ...processed 360000/375715 (Current Batch Size: 204)...
2025-12-16 08:19:59,813 [INFO] Loading data/processed/ds7_2_test.pkl...
2025-12-16 08:20:04,428 [INFO] Dataset ds7_2: Found 0 existing files in data/embeddings/ds7_2/test. Processing remaining...
2025-12-16 08:41:56,501 [INFO]     ...processed 155000/496566 (Current Batch Size: 264)...
2025-12-16 08:41:58,707 [INFO]     ...processed 160000/496566 (Current Batch Size: 250)...
2025-12-16 08:42:00,908 [INFO]     ...processed 165000/496566 (Current Batch Size: 250)...
2025-12-16 08:42:03,112 [INFO]     ...processed 170000/496566 (Current Batch Size: 250)...
2025-12-16 08:42:05,312 [INFO]     ...processed 175000/496566 (Current Batch Size: 250)...
2025-12-16 08:42:07,519 [INFO]     ...processed 180000/496566 (Current Batch Size: 250)...
2025-12-16 08:42:09,741 [INFO]     ...processed 185000/496566 (Current Batch Size: 250)...
2025-12-16 08:42:12,002 [INFO]     ...processed 190000/496566 (Current Batch Size: 250)...
2025-12-16 08:42:14,252 [INFO]     ...processed 195000/496566 (Current Batch Size: 250)...
2025-12-16 08:42:16,517 [INFO]     ...processed 200000/496566 (Current Batch Size: 250)...
2025-12-16 08:42:18,812 [INFO]     ...processed 205000/496566 (Current Batch Size: 250)...
2025-12-16 08:42:21,074 [INFO]     ...processed 210000/496566 (Current Batch Size: 250)...
2025-12-16 08:42:23,273 [INFO]     ...processed 215000/496566 (Current Batch Size: 250)...
2025-12-16 08:42:25,472 [INFO]     ...processed 220000/496566 (Current Batch Size: 250)...
2025-12-16 08:42:27,667 [INFO]     ...processed 225000/496566 (Current Batch Size: 250)...
2025-12-16 08:42:29,890 [INFO]     ...processed 230000/496566 (Current Batch Size: 250)...
2025-12-16 08:42:32,120 [INFO]     ...processed 235000/496566 (Current Batch Size: 250)...
2025-12-16 08:42:34,360 [INFO]     ...processed 240000/496566 (Current Batch Size: 250)...
2025-12-16 08:42:36,596 [INFO]     ...processed 245000/496566 (Current Batch Size: 250)...
2025-12-16 08:42:38,830 [INFO]     ...processed 250000/496566 (Current Batch Size: 250)...
2025-12-16 08:42:41,039 [INFO]     ...processed 255000/496566 (Current Batch Size: 250)...
2025-12-16 08:42:43,235 [INFO]     ...processed 260000/496566 (Current Batch Size: 250)...
2025-12-16 08:42:45,426 [INFO]     ...processed 265000/496566 (Current Batch Size: 250)...
2025-12-16 08:42:47,622 [INFO]     ...processed 270000/496566 (Current Batch Size: 250)...
2025-12-16 09:29:54,179 [INFO]     ...processed 245000/245614 (Current Batch Size: 180)...
2025-12-16 09:33:08,912 [INFO]     ...processed 135000/178386 (Current Batch Size: 236)...
2025-12-16 09:39:15,212 [INFO]     ...processed 70000/85087 (Current Batch Size: 225)...
2025-12-16 09:41:46,336 [INFO]     ...processed 330000/356291 (Current Batch Size: 214)...
2025-12-16 09:54:46,751 [INFO]     ...processed 205000/286756 (Current Batch Size: 225)...
2025-12-16 10:22:06,360 [INFO]     ...processed 95000/97640 (Current Batch Size: 204)...
2025-12-16 10:27:00,297 [INFO]     ...processed 85000/153016 (Current Batch Size: 236)...
2025-12-16 10:32:05,144 [INFO]     ...processed 135000/228365 (Current Batch Size: 236)...
2025-12-16 10:36:29,341 [INFO] 🔄 Processing Train Datasets...
2025-12-16 10:36:29,343 [INFO] Loading data/processed/ds1_train.pkl...
2025-12-16 10:36:30,647 [INFO] Dataset ds1: Found 400 existing files in data/embeddings/ds1/train. Processing remaining...
2025-12-16 10:36:30,741 [INFO] All repertoires already processed! ✅
2025-12-16 10:36:30,873 [INFO] Loading data/processed/ds2_train.pkl...
2025-12-16 10:36:32,189 [INFO] Dataset ds2: Found 400 existing files in data/embeddings/ds2/train. Processing remaining...
2025-12-16 10:36:32,290 [INFO] All repertoires already processed! ✅
2025-12-16 10:36:32,427 [INFO] Loading data/processed/ds3_train.pkl...
2025-12-16 10:36:33,843 [INFO] Dataset ds3: Found 400 existing files in data/embeddings/ds3/train. Processing remaining...
2025-12-16 10:36:33,943 [INFO] All repertoires already processed! ✅
2025-12-16 10:36:34,072 [INFO] Loading data/processed/ds4_train.pkl...
2025-12-16 10:36:35,388 [INFO] Dataset ds4: Found 400 existing files in data/embeddings/ds4/train. Processing remaining...
2025-12-16 10:36:35,490 [INFO] All repertoires already processed! ✅
2025-12-16 10:36:35,628 [INFO] Loading data/processed/ds5_train.pkl...
2025-12-16 10:36:36,966 [INFO] Dataset ds5: Found 400 existing files in data/embeddings/ds5/train. Processing remaining...
2025-12-16 10:36:37,086 [INFO] All repertoires already processed! ✅
2025-12-16 10:36:37,219 [INFO] Loading data/processed/ds6_train.pkl...
2025-12-16 10:36:38,555 [INFO] Dataset ds6: Found 400 existing files in data/embeddings/ds6/train. Processing remaining...
2025-12-16 10:36:38,634 [INFO] All repertoires already processed! ✅
2025-12-16 10:36:38,733 [INFO] Loading data/processed/ds7_train.pkl...
2025-12-16 10:36:54,425 [INFO] Dataset ds7: Found 46 existing files in data/embeddings/ds7/train. Processing remaining...
2025-12-16 10:41:01,806 [INFO]     ...processed 240000/420351 (Current Batch Size: 236)...
2025-12-16 10:48:25,038 [INFO]     ...processed 80000/356801 (Current Batch Size: 264)...
2025-12-16 10:53:55,766 [INFO]     ...processed 105000/170718 (Current Batch Size: 236)...
2025-12-16 11:06:32,182 [INFO]     ...processed 115000/422504 (Current Batch Size: 264)...
2025-12-16 11:07:18,544 [INFO]     ...processed 225000/422504 (Current Batch Size: 236)...
2025-12-16 11:29:43,072 [INFO] 
🛑 Interrupted by user.
2025-12-16 11:29:50,587 [INFO] 🔪 SHARDING ACTIVATED: Process 0 of 2
2025-12-16 11:29:50,588 [INFO] 🔄 Processing Train Datasets...
2025-12-16 11:29:50,589 [INFO] Loading data/processed/ds7_train.pkl...
2025-12-16 11:30:06,077 [INFO] 🔪 Applied Shard 0/2: Process 151/302 repertoires.
2025-12-16 11:30:06,079 [INFO] Loading esm2_t33_650M_UR50D...
2025-12-16 11:30:06,080 [INFO]   Model cache set to: data/model_cache
2025-12-16 11:30:21,899 [INFO] ✅ Model loaded on GPU.
2025-12-16 11:30:21,903 [INFO] Dataset ds7: Found 71 existing files in data/embeddings/ds7/train. Processing remaining...
2025-12-16 11:31:06,435 [INFO]     ...processed 110000/436331 (Current Batch Size: 264)...
2025-12-16 11:41:22,954 [INFO]     ...processed 40000/260221 (Current Batch Size: 264)...
2025-12-16 12:20:57,474 [INFO]     ...processed 65000/432268 (Current Batch Size: 264)...
2025-12-16 12:36:25,356 [INFO]     ...processed 270000/361403 (Current Batch Size: 236)...
2025-12-16 12:47:21,388 [INFO]     ...processed 225000/317569 (Current Batch Size: 236)...
2025-12-16 12:50:07,561 [INFO]     ...processed 85000/507614 (Current Batch Size: 264)...
2025-12-16 13:06:50,025 [INFO]     ...processed 135000/146984 (Current Batch Size: 214)...
2025-12-16 13:11:08,747 [INFO]     ...processed 235000/364392 (Current Batch Size: 236)...
2025-12-16 13:13:16,741 [INFO]     ...processed 155000/249619 (Current Batch Size: 236)...
2025-12-16 13:20:32,138 [INFO]     ...processed 415000/598471 (Current Batch Size: 236)...
2025-12-16 13:41:46,925 [INFO]     ...processed 85000/376631 (Current Batch Size: 264)...
2025-12-16 14:08:00,816 [INFO]     ...processed 440000/444236 (Current Batch Size: 195)...
2025-12-16 14:25:15,072 [INFO]     ...processed 125000/132515 (Current Batch Size: 214)...
2025-12-16 14:57:50,071 [INFO]     ...processed 335000/512671 (Current Batch Size: 236)...
2025-12-16 15:13:13,711 [INFO]     ...processed 110000/493609 (Current Batch Size: 264)...
2025-12-16 15:55:22,504 [INFO]     ...processed 195000/217608 (Current Batch Size: 214)...
2025-12-16 16:08:05,024 [INFO]     ...processed 330000/506860 (Current Batch Size: 236)...
2025-12-16 16:13:40,722 [INFO] 🎉 All Datasets Processed Successfully!
