2025-12-12 01:50:09,943 - INFO - 
Processing ds1...
2025-12-12 01:50:17,688 - INFO -   Phase 1: Subsampling sequences for clustering...
2025-12-12 01:52:52,633 - INFO -   Phase 2: Running Clustering (FAISS + Louvain)...
2025-12-12 01:59:03,656 - INFO - 
Processing ds1...
2025-12-12 01:59:09,232 - INFO -   Phase 1: Subsampling sequences for clustering...
2025-12-12 02:00:52,866 - INFO -   Phase 2: Running Clustering (FAISS + Louvain)...
2025-12-12 02:00:52,868 - INFO - Clustering 200000 sequences...
2025-12-12 02:26:19,544 - INFO - 
Processing ds1...
2025-12-12 02:26:22,449 - INFO -   Phase 1: Subsampling sequences for clustering...
2025-12-12 02:27:48,656 - INFO -   Phase 2: Running Clustering (FAISS + Louvain)...
2025-12-12 02:27:48,659 - INFO - Clustering 200000 sequences...
2025-12-12 02:28:34,646 - INFO - Running Louvain community detection...
2025-12-12 02:28:41,612 - INFO - Selected 22 enriched clusters.
2025-12-12 02:28:42,350 - INFO -   Phase 3: Featurizing repertoires...
2025-12-12 02:33:49,617 - INFO - 
Processing ds1...
2025-12-12 02:33:52,672 - INFO -   Phase 1: Subsampling sequences for clustering...
2025-12-12 02:40:13,844 - INFO -   Phase 2: Running Clustering (FAISS + Louvain)...
2025-12-12 02:40:13,845 - INFO - Clustering 200000 sequences...
2025-12-12 02:40:59,527 - INFO - Running Louvain community detection...
2025-12-12 02:41:05,901 - INFO - Selected 25 enriched clusters.
2025-12-12 02:41:06,590 - INFO -   Phase 3: Featurizing repertoires...
2025-12-12 11:40:19,242 - INFO - 
Processing ds1...
2025-12-12 11:40:22,416 - INFO -   Phase 1: Subsampling sequences for clustering...
2025-12-12 11:45:32,129 - INFO -   Phase 2: Running Clustering (FAISS + Louvain)...
2025-12-12 11:45:32,130 - INFO - Clustering 200000 sequences...
2025-12-12 11:45:32,131 - INFO - GPU FAISS not detected. Using CPU HNSW index.
2025-12-12 11:46:16,820 - INFO - Running Louvain community detection...
2025-12-12 11:46:23,781 - INFO - Selected 31 enriched clusters.
2025-12-12 11:46:24,376 - INFO -   Phase 3: Featurizing repertoires...
2025-12-12 11:49:59,353 - INFO -   Phase 4: Training Classifier...
2025-12-12 11:49:59,354 - INFO - Training Logistic Regression on cluster features...
2025-12-12 11:49:59,423 - INFO -   Saved cluster model to models/cluster/ds1_cluster_model.joblib
2025-12-12 11:49:59,424 - INFO -   Generating train preds...
2025-12-12 12:41:18,767 - INFO - 
Processing ds1...
2025-12-12 12:41:23,926 - INFO -   Phase 1: Subsampling sequences for clustering...
2025-12-12 12:44:04,031 - INFO - 
Processing ds1...
2025-12-12 12:44:05,955 - INFO -   Phase 1: Subsampling sequences for clustering...
2025-12-12 12:49:44,888 - INFO -   Saved Phase 1 checkpoint to models/cluster/ds1_phase1_subsampled.npz
2025-12-12 12:49:45,250 - INFO -   Phase 2: Running Clustering (FAISS + Louvain)...
2025-12-12 12:49:45,251 - INFO - Clustering 200000 sequences...
2025-12-12 12:49:45,252 - INFO - GPU FAISS not detected. Using CPU HNSW index.
2025-12-12 12:50:29,047 - INFO - Running Louvain community detection...
2025-12-12 12:50:36,007 - INFO - Selected 30 enriched clusters.
2025-12-12 12:50:36,616 - INFO -   Phase 3: Featurizing repertoires...
2025-12-12 12:53:48,882 - INFO -   Saved Phase 3 checkpoint to models/cluster/ds1_phase3_features.npz
2025-12-12 12:53:49,257 - INFO -   Phase 4: Training Classifier...
2025-12-12 12:53:49,258 - INFO - Training Logistic Regression on cluster features...
2025-12-12 12:53:49,313 - INFO -   Saved cluster model to models/cluster/ds1_cluster_model.joblib
2025-12-12 12:53:49,350 - INFO -   Predicting on ds1...
2025-12-12 12:56:46,038 - INFO -     Saved test preds to outputs/cluster_preds/ds1_test_cluster_preds.csv
2025-12-12 12:56:46,040 - INFO - 
Processing ds2...
2025-12-12 12:56:48,832 - INFO -   Phase 1: Subsampling sequences for clustering...
2025-12-12 13:04:00,422 - INFO -   Saved Phase 1 checkpoint to models/cluster/ds2_phase1_subsampled.npz
2025-12-12 13:04:00,886 - INFO -   Phase 2: Running Clustering (FAISS + Louvain)...
2025-12-12 13:04:00,887 - INFO - Clustering 200000 sequences...
2025-12-12 13:04:00,888 - INFO - GPU FAISS not detected. Using CPU HNSW index.
2025-12-12 13:04:47,774 - INFO - Running Louvain community detection...
2025-12-12 13:05:16,583 - INFO - Selected 20 enriched clusters.
2025-12-12 13:05:17,490 - INFO -   Phase 3: Featurizing repertoires...
2025-12-12 13:10:11,180 - INFO -   Saved Phase 3 checkpoint to models/cluster/ds2_phase3_features.npz
2025-12-12 13:10:11,960 - INFO -   Phase 4: Training Classifier...
2025-12-12 13:10:11,961 - INFO - Training Logistic Regression on cluster features...
2025-12-12 13:10:11,979 - INFO -   Saved cluster model to models/cluster/ds2_cluster_model.joblib
2025-12-12 13:10:11,996 - INFO -   Predicting on ds2...
2025-12-12 13:14:48,959 - INFO -     Saved test preds to outputs/cluster_preds/ds2_test_cluster_preds.csv
2025-12-12 13:14:48,960 - INFO - 
Processing ds3...
2025-12-12 13:14:51,545 - INFO -   Phase 1: Subsampling sequences for clustering...
2025-12-12 13:22:07,563 - INFO -   Saved Phase 1 checkpoint to models/cluster/ds3_phase1_subsampled.npz
2025-12-12 13:22:08,225 - INFO -   Phase 2: Running Clustering (FAISS + Louvain)...
2025-12-12 13:22:08,226 - INFO - Clustering 200000 sequences...
2025-12-12 13:22:08,227 - INFO - GPU FAISS not detected. Using CPU HNSW index.
2025-12-12 13:22:52,136 - INFO - Running Louvain community detection...
2025-12-12 13:22:57,894 - INFO - Selected 23 enriched clusters.
2025-12-12 13:22:58,790 - INFO -   Phase 3: Featurizing repertoires...
2025-12-12 13:27:08,935 - INFO -   Saved Phase 3 checkpoint to models/cluster/ds3_phase3_features.npz
2025-12-12 13:27:09,670 - INFO -   Phase 4: Training Classifier...
2025-12-12 13:27:09,671 - INFO - Training Logistic Regression on cluster features...
2025-12-12 13:27:09,691 - INFO -   Saved cluster model to models/cluster/ds3_cluster_model.joblib
2025-12-12 13:27:09,722 - INFO -   Predicting on ds3...
2025-12-12 13:33:34,665 - INFO -     Saved test preds to outputs/cluster_preds/ds3_test_cluster_preds.csv
2025-12-12 13:33:34,666 - INFO - 
Processing ds4...
2025-12-12 13:33:37,316 - INFO -   Phase 1: Subsampling sequences for clustering...
2025-12-12 13:41:18,073 - INFO -   Saved Phase 1 checkpoint to models/cluster/ds4_phase1_subsampled.npz
2025-12-12 13:41:18,694 - INFO -   Phase 2: Running Clustering (FAISS + Louvain)...
2025-12-12 13:41:18,695 - INFO - Clustering 200000 sequences...
2025-12-12 13:41:18,696 - INFO - GPU FAISS not detected. Using CPU HNSW index.
2025-12-12 13:42:07,666 - INFO - Running Louvain community detection...
2025-12-12 13:42:18,017 - INFO - Selected 17 enriched clusters.
2025-12-12 13:42:18,881 - INFO -   Phase 3: Featurizing repertoires...
2025-12-12 13:47:42,327 - INFO -   Saved Phase 3 checkpoint to models/cluster/ds4_phase3_features.npz
2025-12-12 13:47:43,049 - INFO -   Phase 4: Training Classifier...
2025-12-12 13:47:43,050 - INFO - Training Logistic Regression on cluster features...
2025-12-12 13:47:43,065 - INFO -   Saved cluster model to models/cluster/ds4_cluster_model.joblib
2025-12-12 13:47:43,075 - INFO -   Predicting on ds4...
