2025-12-11 12:24:00,597 - INFO - [DeepRC CV] Training on ds8 with 5 folds...
2025-12-11 12:24:26,268 - INFO - Using device: cuda
2025-12-11 12:24:26,272 - INFO - --- Fold 0 ---
2025-12-11 12:29:24,669 - INFO - [Fold 1/5] Epoch 1/20 - Loss: 0.6486 - Val AUC: 0.6634
2025-12-11 12:29:24,675 - INFO -    ⭐️ New best AUC for fold 1: 0.6634
2025-12-11 12:33:51,361 - INFO - [Fold 1/5] Epoch 2/20 - Loss: 0.6344 - Val AUC: 0.6735
2025-12-11 12:33:51,367 - INFO -    ⭐️ New best AUC for fold 1: 0.6735
2025-12-11 12:38:13,029 - INFO - [Fold 1/5] Epoch 3/20 - Loss: 0.6345 - Val AUC: 0.7045
2025-12-11 12:38:13,036 - INFO -    ⭐️ New best AUC for fold 1: 0.7045
2025-12-11 12:42:50,174 - INFO - [Fold 1/5] Epoch 4/20 - Loss: 0.6314 - Val AUC: 0.7183
2025-12-11 12:42:50,181 - INFO -    ⭐️ New best AUC for fold 1: 0.7183
2025-12-11 12:47:24,715 - INFO - [Fold 1/5] Epoch 5/20 - Loss: 0.6356 - Val AUC: 0.7064
2025-12-11 12:52:26,386 - INFO - [Fold 1/5] Epoch 6/20 - Loss: 0.6328 - Val AUC: 0.6919
2025-12-11 12:56:11,041 - INFO - [Fold 1/5] Epoch 7/20 - Loss: 0.6346 - Val AUC: 0.6975
2025-12-11 12:59:53,401 - INFO - [Fold 1/5] Epoch 8/20 - Loss: 0.6346 - Val AUC: 0.7014
2025-12-11 13:04:11,288 - INFO - [Fold 1/5] Epoch 9/20 - Loss: 0.6339 - Val AUC: 0.7139
2025-12-11 13:08:16,213 - INFO - [Fold 1/5] Epoch 10/20 - Loss: 0.6330 - Val AUC: 0.7204
2025-12-11 13:08:16,224 - INFO -    ⭐️ New best AUC for fold 1: 0.7204
2025-12-11 13:12:11,652 - INFO - [Fold 1/5] Epoch 11/20 - Loss: 0.6356 - Val AUC: 0.7143
2025-12-11 13:15:58,318 - INFO - [Fold 1/5] Epoch 12/20 - Loss: 0.6341 - Val AUC: 0.7052
2025-12-11 13:19:22,793 - INFO - [Fold 1/5] Epoch 13/20 - Loss: 0.6356 - Val AUC: 0.7115
2025-12-11 13:22:51,968 - INFO - [Fold 1/5] Epoch 14/20 - Loss: 0.6325 - Val AUC: 0.7133
2025-12-11 13:26:48,504 - INFO - [Fold 1/5] Epoch 15/20 - Loss: 0.6348 - Val AUC: 0.7086
2025-12-11 13:30:23,386 - INFO - [Fold 1/5] Epoch 16/20 - Loss: 0.6345 - Val AUC: 0.7114
2025-12-11 13:34:06,804 - INFO - [Fold 1/5] Epoch 17/20 - Loss: 0.6347 - Val AUC: 0.7156
2025-12-11 13:38:23,410 - INFO - [Fold 1/5] Epoch 18/20 - Loss: 0.6330 - Val AUC: 0.7042
2025-12-11 13:42:45,429 - INFO - [Fold 1/5] Epoch 19/20 - Loss: 0.6328 - Val AUC: 0.7005
2025-12-11 13:47:04,701 - INFO - [Fold 1/5] Epoch 20/20 - Loss: 0.6322 - Val AUC: 0.7010
2025-12-11 13:47:04,757 - INFO - Fold 1 Finished. Best Val AUC: 0.7204
2025-12-11 13:47:04,775 - INFO - Saved best model for fold 1 to models/deeprc_cv/ds8/fold0_model.pth
2025-12-11 13:47:46,274 - INFO -    💾 Fold 1 completed. Checkpoint updated for next fold.
2025-12-11 13:47:46,276 - INFO - --- Fold 1 ---
2025-12-11 13:51:17,893 - INFO - [Fold 2/5] Epoch 1/20 - Loss: 0.6525 - Val AUC: 0.6753
2025-12-11 13:51:17,898 - INFO -    ⭐️ New best AUC for fold 2: 0.6753
2025-12-11 13:55:33,504 - INFO - [Fold 2/5] Epoch 2/20 - Loss: 0.6335 - Val AUC: 0.7268
2025-12-11 13:55:33,524 - INFO -    ⭐️ New best AUC for fold 2: 0.7268
2025-12-11 13:59:54,527 - INFO - [Fold 2/5] Epoch 3/20 - Loss: 0.6347 - Val AUC: 0.7036
2025-12-11 14:04:38,898 - INFO - [Fold 2/5] Epoch 4/20 - Loss: 0.6357 - Val AUC: 0.7117
2025-12-11 14:09:03,227 - INFO - [Fold 2/5] Epoch 5/20 - Loss: 0.6325 - Val AUC: 0.7052
2025-12-11 14:13:32,840 - INFO - [Fold 2/5] Epoch 6/20 - Loss: 0.6329 - Val AUC: 0.7322
2025-12-11 14:13:32,845 - INFO -    ⭐️ New best AUC for fold 2: 0.7322
2025-12-11 14:17:55,245 - INFO - [Fold 2/5] Epoch 7/20 - Loss: 0.6360 - Val AUC: 0.7191
2025-12-11 14:21:47,869 - INFO - [Fold 2/5] Epoch 8/20 - Loss: 0.6342 - Val AUC: 0.7056
2025-12-11 14:25:36,342 - INFO - [Fold 2/5] Epoch 9/20 - Loss: 0.6371 - Val AUC: 0.6988
2025-12-11 14:29:47,095 - INFO - [Fold 2/5] Epoch 10/20 - Loss: 0.6338 - Val AUC: 0.6999
2025-12-11 14:33:46,150 - INFO - [Fold 2/5] Epoch 11/20 - Loss: 0.6336 - Val AUC: 0.7030
2025-12-11 14:37:34,458 - INFO - [Fold 2/5] Epoch 12/20 - Loss: 0.6338 - Val AUC: 0.7213
2025-12-11 14:41:40,241 - INFO - [Fold 2/5] Epoch 13/20 - Loss: 0.6351 - Val AUC: 0.7041
2025-12-11 14:45:44,978 - INFO - [Fold 2/5] Epoch 14/20 - Loss: 0.6334 - Val AUC: 0.7163
2025-12-11 14:50:33,785 - INFO - [Fold 2/5] Epoch 15/20 - Loss: 0.6357 - Val AUC: 0.7053
2025-12-11 14:55:13,852 - INFO - [Fold 2/5] Epoch 16/20 - Loss: 0.6322 - Val AUC: 0.7223
2025-12-11 14:59:36,367 - INFO - [Fold 2/5] Epoch 17/20 - Loss: 0.6333 - Val AUC: 0.7158
2025-12-11 15:03:57,020 - INFO - [Fold 2/5] Epoch 18/20 - Loss: 0.6331 - Val AUC: 0.6951
2025-12-11 15:08:19,275 - INFO - [Fold 2/5] Epoch 19/20 - Loss: 0.6329 - Val AUC: 0.7038
2025-12-11 15:14:40,933 - INFO - [Fold 2/5] Epoch 20/20 - Loss: 0.6328 - Val AUC: 0.7111
2025-12-11 15:14:40,978 - INFO - Fold 2 Finished. Best Val AUC: 0.7322
2025-12-11 15:14:40,997 - INFO - Saved best model for fold 2 to models/deeprc_cv/ds8/fold1_model.pth
2025-12-11 15:15:50,355 - INFO -    💾 Fold 2 completed. Checkpoint updated for next fold.
2025-12-11 15:15:50,357 - INFO - --- Fold 2 ---
2025-12-11 15:19:49,781 - INFO - [Fold 3/5] Epoch 1/20 - Loss: 0.6561 - Val AUC: 0.6153
2025-12-11 15:19:49,786 - INFO -    ⭐️ New best AUC for fold 3: 0.6153
2025-12-11 15:24:04,774 - INFO - [Fold 3/5] Epoch 2/20 - Loss: 0.6343 - Val AUC: 0.6223
2025-12-11 15:24:04,779 - INFO -    ⭐️ New best AUC for fold 3: 0.6223
2025-12-11 15:29:44,147 - INFO - [Fold 3/5] Epoch 3/20 - Loss: 0.6340 - Val AUC: 0.6610
2025-12-11 15:29:44,152 - INFO -    ⭐️ New best AUC for fold 3: 0.6610
2025-12-11 15:35:25,389 - INFO - [Fold 3/5] Epoch 4/20 - Loss: 0.6326 - Val AUC: 0.6488
2025-12-11 15:40:27,991 - INFO - [Fold 3/5] Epoch 5/20 - Loss: 0.6340 - Val AUC: 0.6639
2025-12-11 15:40:27,996 - INFO -    ⭐️ New best AUC for fold 3: 0.6639
2025-12-11 15:44:48,036 - INFO - [Fold 3/5] Epoch 6/20 - Loss: 0.6350 - Val AUC: 0.6725
2025-12-11 15:44:48,041 - INFO -    ⭐️ New best AUC for fold 3: 0.6725
2025-12-11 15:49:12,437 - INFO - [Fold 3/5] Epoch 7/20 - Loss: 0.6375 - Val AUC: 0.6818
2025-12-11 15:49:12,442 - INFO -    ⭐️ New best AUC for fold 3: 0.6818
2025-12-11 15:53:32,833 - INFO - [Fold 3/5] Epoch 8/20 - Loss: 0.6321 - Val AUC: 0.6876
2025-12-11 15:53:32,838 - INFO -    ⭐️ New best AUC for fold 3: 0.6876
2025-12-11 15:58:15,376 - INFO - [Fold 3/5] Epoch 9/20 - Loss: 0.6344 - Val AUC: 0.6592
2025-12-11 16:02:23,449 - INFO - [Fold 3/5] Epoch 10/20 - Loss: 0.6361 - Val AUC: 0.6826
2025-12-11 16:06:26,815 - INFO - [Fold 3/5] Epoch 11/20 - Loss: 0.6355 - Val AUC: 0.6811
2025-12-11 16:09:55,952 - INFO - [Fold 3/5] Epoch 12/20 - Loss: 0.6308 - Val AUC: 0.6688
2025-12-11 16:12:54,540 - INFO - [Fold 3/5] Epoch 13/20 - Loss: 0.6339 - Val AUC: 0.6881
2025-12-11 16:12:54,545 - INFO -    ⭐️ New best AUC for fold 3: 0.6881
2025-12-11 16:17:16,032 - INFO - [Fold 3/5] Epoch 14/20 - Loss: 0.6340 - Val AUC: 0.6859
2025-12-11 16:22:24,935 - INFO - [Fold 3/5] Epoch 15/20 - Loss: 0.6344 - Val AUC: 0.7003
2025-12-11 16:22:24,941 - INFO -    ⭐️ New best AUC for fold 3: 0.7003
2025-12-11 16:27:13,664 - INFO - [Fold 3/5] Epoch 16/20 - Loss: 0.6328 - Val AUC: 0.6888
2025-12-11 16:31:39,708 - INFO - [Fold 3/5] Epoch 17/20 - Loss: 0.6346 - Val AUC: 0.7097
2025-12-11 16:31:39,722 - INFO -    ⭐️ New best AUC for fold 3: 0.7097
2025-12-11 16:36:09,606 - INFO - [Fold 3/5] Epoch 18/20 - Loss: 0.6359 - Val AUC: 0.7060
2025-12-11 16:40:17,834 - INFO - [Fold 3/5] Epoch 19/20 - Loss: 0.6373 - Val AUC: 0.6959
2025-12-11 16:44:36,453 - INFO - [Fold 3/5] Epoch 20/20 - Loss: 0.6345 - Val AUC: 0.6981
2025-12-11 16:44:36,546 - INFO - Fold 3 Finished. Best Val AUC: 0.7097
2025-12-11 16:44:36,568 - INFO - Saved best model for fold 3 to models/deeprc_cv/ds8/fold2_model.pth
2025-12-11 16:45:32,315 - INFO -    💾 Fold 3 completed. Checkpoint updated for next fold.
2025-12-11 16:45:32,318 - INFO - --- Fold 3 ---
2025-12-11 16:50:08,116 - INFO - [Fold 4/5] Epoch 1/20 - Loss: 0.6522 - Val AUC: 0.5887
2025-12-11 16:50:08,130 - INFO -    ⭐️ New best AUC for fold 4: 0.5887
2025-12-11 16:55:01,887 - INFO - [Fold 4/5] Epoch 2/20 - Loss: 0.6362 - Val AUC: 0.5809
2025-12-11 16:59:26,394 - INFO - [Fold 4/5] Epoch 3/20 - Loss: 0.6355 - Val AUC: 0.6427
2025-12-11 16:59:26,401 - INFO -    ⭐️ New best AUC for fold 4: 0.6427
2025-12-11 17:04:14,205 - INFO - [Fold 4/5] Epoch 4/20 - Loss: 0.6374 - Val AUC: 0.6648
2025-12-11 17:04:14,228 - INFO -    ⭐️ New best AUC for fold 4: 0.6648
2025-12-11 17:08:34,446 - INFO - [Fold 4/5] Epoch 5/20 - Loss: 0.6366 - Val AUC: 0.6634
2025-12-11 17:12:56,618 - INFO - [Fold 4/5] Epoch 6/20 - Loss: 0.6337 - Val AUC: 0.6525
2025-12-11 17:17:15,203 - INFO - [Fold 4/5] Epoch 7/20 - Loss: 0.6346 - Val AUC: 0.6496
2025-12-11 17:21:42,121 - INFO - [Fold 4/5] Epoch 8/20 - Loss: 0.6349 - Val AUC: 0.6852
2025-12-11 17:21:42,132 - INFO -    ⭐️ New best AUC for fold 4: 0.6852
2025-12-11 17:26:04,900 - INFO - [Fold 4/5] Epoch 9/20 - Loss: 0.6347 - Val AUC: 0.6562
2025-12-11 17:31:07,222 - INFO - [Fold 4/5] Epoch 10/20 - Loss: 0.6332 - Val AUC: 0.6571
2025-12-11 17:35:41,137 - INFO - [Fold 4/5] Epoch 11/20 - Loss: 0.6355 - Val AUC: 0.6628
2025-12-11 17:39:58,449 - INFO - [Fold 4/5] Epoch 12/20 - Loss: 0.6341 - Val AUC: 0.6689
2025-12-11 17:44:18,696 - INFO - [Fold 4/5] Epoch 13/20 - Loss: 0.6340 - Val AUC: 0.6684
2025-12-11 17:48:52,250 - INFO - [Fold 4/5] Epoch 14/20 - Loss: 0.6349 - Val AUC: 0.6846
2025-12-11 17:53:02,841 - INFO - [Fold 4/5] Epoch 15/20 - Loss: 0.6354 - Val AUC: 0.6777
2025-12-11 17:57:14,704 - INFO - [Fold 4/5] Epoch 16/20 - Loss: 0.6328 - Val AUC: 0.6706
2025-12-11 18:01:40,771 - INFO - [Fold 4/5] Epoch 17/20 - Loss: 0.6349 - Val AUC: 0.6631
2025-12-11 18:05:57,455 - INFO - [Fold 4/5] Epoch 18/20 - Loss: 0.6354 - Val AUC: 0.6698
2025-12-11 18:09:55,844 - INFO - [Fold 4/5] Epoch 19/20 - Loss: 0.6339 - Val AUC: 0.6628
2025-12-11 18:14:48,783 - INFO - [Fold 4/5] Epoch 20/20 - Loss: 0.6350 - Val AUC: 0.6570
2025-12-11 18:14:48,876 - INFO - Fold 4 Finished. Best Val AUC: 0.6852
2025-12-11 18:14:48,897 - INFO - Saved best model for fold 4 to models/deeprc_cv/ds8/fold3_model.pth
2025-12-11 18:15:09,829 - INFO -    💾 Fold 4 completed. Checkpoint updated for next fold.
2025-12-11 18:15:09,830 - INFO - --- Fold 4 ---
2025-12-11 18:19:08,922 - INFO - [Fold 5/5] Epoch 1/20 - Loss: 0.6482 - Val AUC: 0.6312
2025-12-11 18:19:08,928 - INFO -    ⭐️ New best AUC for fold 5: 0.6312
2025-12-11 18:25:36,880 - INFO - [Fold 5/5] Epoch 2/20 - Loss: 0.6349 - Val AUC: 0.6719
2025-12-11 18:25:36,890 - INFO -    ⭐️ New best AUC for fold 5: 0.6719
2025-12-11 18:30:04,504 - INFO - [Fold 5/5] Epoch 3/20 - Loss: 0.6356 - Val AUC: 0.6700
2025-12-11 18:34:36,056 - INFO - [Fold 5/5] Epoch 4/20 - Loss: 0.6363 - Val AUC: 0.6429
2025-12-11 18:38:35,022 - INFO - [Fold 5/5] Epoch 5/20 - Loss: 0.6359 - Val AUC: 0.6822
2025-12-11 18:38:35,029 - INFO -    ⭐️ New best AUC for fold 5: 0.6822
2025-12-11 18:42:37,253 - INFO - [Fold 5/5] Epoch 6/20 - Loss: 0.6324 - Val AUC: 0.6675
2025-12-11 18:46:41,695 - INFO - [Fold 5/5] Epoch 7/20 - Loss: 0.6362 - Val AUC: 0.6628
2025-12-11 18:51:03,553 - INFO - [Fold 5/5] Epoch 8/20 - Loss: 0.6344 - Val AUC: 0.6674
2025-12-11 18:55:30,033 - INFO - [Fold 5/5] Epoch 9/20 - Loss: 0.6349 - Val AUC: 0.6295
2025-12-11 19:00:28,941 - INFO - [Fold 5/5] Epoch 10/20 - Loss: 0.6342 - Val AUC: 0.6738
2025-12-11 19:05:12,308 - INFO - [Fold 5/5] Epoch 11/20 - Loss: 0.6363 - Val AUC: 0.6714
2025-12-11 19:10:02,333 - INFO - [Fold 5/5] Epoch 12/20 - Loss: 0.6324 - Val AUC: 0.6695
2025-12-11 19:14:19,599 - INFO - [Fold 5/5] Epoch 13/20 - Loss: 0.6372 - Val AUC: 0.6614
2025-12-11 19:18:32,287 - INFO - [Fold 5/5] Epoch 14/20 - Loss: 0.6341 - Val AUC: 0.6847
2025-12-11 19:18:32,295 - INFO -    ⭐️ New best AUC for fold 5: 0.6847
2025-12-11 19:23:13,809 - INFO - [Fold 5/5] Epoch 15/20 - Loss: 0.6338 - Val AUC: 0.6857
2025-12-11 19:23:13,826 - INFO -    ⭐️ New best AUC for fold 5: 0.6857
2025-12-11 19:27:45,743 - INFO - [Fold 5/5] Epoch 16/20 - Loss: 0.6331 - Val AUC: 0.6637
2025-12-11 19:32:16,713 - INFO - [Fold 5/5] Epoch 17/20 - Loss: 0.6323 - Val AUC: 0.6717
2025-12-11 19:36:52,510 - INFO - [Fold 5/5] Epoch 18/20 - Loss: 0.6342 - Val AUC: 0.6777
2025-12-11 19:41:33,194 - INFO - [Fold 5/5] Epoch 19/20 - Loss: 0.6349 - Val AUC: 0.6819
2025-12-11 19:46:01,099 - INFO - [Fold 5/5] Epoch 20/20 - Loss: 0.6332 - Val AUC: 0.6767
2025-12-11 19:46:01,199 - INFO - Fold 5 Finished. Best Val AUC: 0.6857
2025-12-11 19:46:01,233 - INFO - Saved best model for fold 5 to models/deeprc_cv/ds8/fold4_model.pth
2025-12-11 19:46:11,297 - INFO -    💾 Fold 5 completed. Checkpoint updated for next fold.
2025-12-11 19:46:11,514 - INFO - Saved OOF predictions to outputs/deeprc_cv_preds/ds8_oof.csv
2025-12-11 19:46:11,517 - INFO - Training complete. Removed checkpoint.
