2025-12-11 03:55:09,958 - INFO - [DeepRC CV] Training on ds1 with 5 folds...
2025-12-11 03:55:13,899 - INFO - Using device: cuda
2025-12-11 03:55:13,922 - INFO - --- Fold 0 ---
2025-12-11 03:56:22,963 - INFO -   Fold 0 Epoch 1 - Loss: 0.6942 - Val AUC: 0.5503
2025-12-11 03:56:22,968 - INFO -     New best AUC for fold 0: 0.5503
2025-12-11 03:56:27,952 - INFO -   Fold 0 Epoch 2 - Loss: 0.6926 - Val AUC: 0.4869
2025-12-11 03:56:32,848 - INFO -   Fold 0 Epoch 3 - Loss: 0.6943 - Val AUC: 0.5166
2025-12-11 04:00:59,063 - INFO - [DeepRC CV] Training on ds1 with 5 folds...
2025-12-11 04:01:02,094 - INFO - Using device: cuda
2025-12-11 04:01:02,099 - INFO - Found checkpoint at models/deeprc_cv/ds1/checkpoint.pth. Resuming...
2025-12-11 04:01:02,356 - INFO - --- Fold 0 ---
2025-12-11 04:01:21,037 - INFO - [Fold 1/5] Epoch 4/20 - Loss: 0.6927 - Val AUC: 0.5684
2025-12-11 04:01:21,040 - INFO -    ⭐️ New best AUC for fold 1: 0.5684
2025-12-11 04:01:25,646 - INFO - [Fold 1/5] Epoch 5/20 - Loss: 0.6936 - Val AUC: 0.4888
2025-12-11 04:01:30,372 - INFO - [Fold 1/5] Epoch 6/20 - Loss: 0.6940 - Val AUC: 0.5272
2025-12-11 04:01:35,519 - INFO - [Fold 1/5] Epoch 7/20 - Loss: 0.6926 - Val AUC: 0.4031
2025-12-11 04:01:40,457 - INFO - [Fold 1/5] Epoch 8/20 - Loss: 0.6937 - Val AUC: 0.5381
2025-12-11 04:01:45,335 - INFO - [Fold 1/5] Epoch 9/20 - Loss: 0.6935 - Val AUC: 0.5019
2025-12-11 04:01:50,077 - INFO - [Fold 1/5] Epoch 10/20 - Loss: 0.6921 - Val AUC: 0.5081
2025-12-11 04:01:54,709 - INFO - [Fold 1/5] Epoch 11/20 - Loss: 0.6939 - Val AUC: 0.5041
2025-12-11 04:01:59,279 - INFO - [Fold 1/5] Epoch 12/20 - Loss: 0.6941 - Val AUC: 0.5103
2025-12-11 04:02:04,055 - INFO - [Fold 1/5] Epoch 13/20 - Loss: 0.6938 - Val AUC: 0.5097
2025-12-11 04:02:08,898 - INFO - [Fold 1/5] Epoch 14/20 - Loss: 0.6942 - Val AUC: 0.4809
2025-12-11 04:02:13,730 - INFO - [Fold 1/5] Epoch 15/20 - Loss: 0.6934 - Val AUC: 0.4263
2025-12-11 04:02:18,292 - INFO - [Fold 1/5] Epoch 16/20 - Loss: 0.6927 - Val AUC: 0.5216
2025-12-11 04:02:22,899 - INFO - [Fold 1/5] Epoch 17/20 - Loss: 0.6920 - Val AUC: 0.5766
2025-12-11 04:02:22,903 - INFO -    ⭐️ New best AUC for fold 1: 0.5766
2025-12-11 04:02:27,562 - INFO - [Fold 1/5] Epoch 18/20 - Loss: 0.6950 - Val AUC: 0.5356
2025-12-11 04:02:32,196 - INFO - [Fold 1/5] Epoch 19/20 - Loss: 0.6942 - Val AUC: 0.4622
2025-12-11 04:02:36,888 - INFO - [Fold 1/5] Epoch 20/20 - Loss: 0.6947 - Val AUC: 0.5453
2025-12-11 04:02:36,931 - INFO - Fold 1 Finished. Best Val AUC: 0.5766
2025-12-11 04:02:36,947 - INFO - Saved best model for fold 1 to models/deeprc_cv/ds1/fold0_model.pth
2025-12-11 04:02:38,231 - INFO -    💾 Fold 1 completed. Checkpoint updated for next fold.
2025-12-11 04:02:38,232 - INFO - --- Fold 1 ---
2025-12-11 04:02:43,017 - INFO - [Fold 2/5] Epoch 1/20 - Loss: 0.6954 - Val AUC: 0.5212
2025-12-11 04:02:43,022 - INFO -    ⭐️ New best AUC for fold 2: 0.5212
2025-12-11 04:02:47,735 - INFO - [Fold 2/5] Epoch 2/20 - Loss: 0.6960 - Val AUC: 0.4466
2025-12-11 04:02:52,680 - INFO - [Fold 2/5] Epoch 3/20 - Loss: 0.6951 - Val AUC: 0.5187
2025-12-11 04:02:57,468 - INFO - [Fold 2/5] Epoch 4/20 - Loss: 0.6942 - Val AUC: 0.5391
2025-12-11 04:02:57,472 - INFO -    ⭐️ New best AUC for fold 2: 0.5391
2025-12-11 04:03:02,217 - INFO - [Fold 2/5] Epoch 5/20 - Loss: 0.6945 - Val AUC: 0.5569
2025-12-11 04:03:02,222 - INFO -    ⭐️ New best AUC for fold 2: 0.5569
2025-12-11 04:03:06,886 - INFO - [Fold 2/5] Epoch 6/20 - Loss: 0.6944 - Val AUC: 0.5084
2025-12-11 04:03:11,700 - INFO - [Fold 2/5] Epoch 7/20 - Loss: 0.6930 - Val AUC: 0.5056
2025-12-11 04:03:16,556 - INFO - [Fold 2/5] Epoch 8/20 - Loss: 0.6941 - Val AUC: 0.5272
2025-12-11 04:03:21,226 - INFO - [Fold 2/5] Epoch 9/20 - Loss: 0.6936 - Val AUC: 0.6369
2025-12-11 04:03:21,228 - INFO -    ⭐️ New best AUC for fold 2: 0.6369
2025-12-11 04:03:25,865 - INFO - [Fold 2/5] Epoch 10/20 - Loss: 0.6938 - Val AUC: 0.5259
2025-12-11 04:03:30,462 - INFO - [Fold 2/5] Epoch 11/20 - Loss: 0.6934 - Val AUC: 0.5306
2025-12-11 04:03:35,422 - INFO - [Fold 2/5] Epoch 12/20 - Loss: 0.6943 - Val AUC: 0.5516
2025-12-11 04:03:40,211 - INFO - [Fold 2/5] Epoch 13/20 - Loss: 0.6930 - Val AUC: 0.5181
2025-12-11 04:03:45,013 - INFO - [Fold 2/5] Epoch 14/20 - Loss: 0.6941 - Val AUC: 0.4441
2025-12-11 04:03:49,899 - INFO - [Fold 2/5] Epoch 15/20 - Loss: 0.6947 - Val AUC: 0.6050
2025-12-11 04:03:54,596 - INFO - [Fold 2/5] Epoch 16/20 - Loss: 0.6936 - Val AUC: 0.5634
2025-12-11 04:03:59,407 - INFO - [Fold 2/5] Epoch 17/20 - Loss: 0.6936 - Val AUC: 0.5062
2025-12-11 04:04:04,027 - INFO - [Fold 2/5] Epoch 18/20 - Loss: 0.6934 - Val AUC: 0.5222
2025-12-11 04:04:08,917 - INFO - [Fold 2/5] Epoch 19/20 - Loss: 0.6928 - Val AUC: 0.5581
2025-12-11 04:04:13,639 - INFO - [Fold 2/5] Epoch 20/20 - Loss: 0.6937 - Val AUC: 0.4466
2025-12-11 04:04:13,680 - INFO - Fold 2 Finished. Best Val AUC: 0.6369
2025-12-11 04:04:13,718 - INFO - Saved best model for fold 2 to models/deeprc_cv/ds1/fold1_model.pth
2025-12-11 04:04:14,981 - INFO -    💾 Fold 2 completed. Checkpoint updated for next fold.
2025-12-11 04:04:14,982 - INFO - --- Fold 2 ---
2025-12-11 04:04:19,704 - INFO - [Fold 3/5] Epoch 1/20 - Loss: 0.6939 - Val AUC: 0.6159
2025-12-11 04:04:19,722 - INFO -    ⭐️ New best AUC for fold 3: 0.6159
2025-12-11 04:04:24,782 - INFO - [Fold 3/5] Epoch 2/20 - Loss: 0.6952 - Val AUC: 0.4534
2025-12-11 04:04:29,456 - INFO - [Fold 3/5] Epoch 3/20 - Loss: 0.6951 - Val AUC: 0.5934
2025-12-11 04:04:34,275 - INFO - [Fold 3/5] Epoch 4/20 - Loss: 0.6937 - Val AUC: 0.5856
2025-12-11 04:04:39,017 - INFO - [Fold 3/5] Epoch 5/20 - Loss: 0.6929 - Val AUC: 0.5669
2025-12-11 04:04:43,812 - INFO - [Fold 3/5] Epoch 6/20 - Loss: 0.6940 - Val AUC: 0.4387
2025-12-11 04:04:48,972 - INFO - [Fold 3/5] Epoch 7/20 - Loss: 0.6931 - Val AUC: 0.5109
2025-12-11 04:04:53,847 - INFO - [Fold 3/5] Epoch 8/20 - Loss: 0.6936 - Val AUC: 0.4872
2025-12-11 04:04:58,712 - INFO - [Fold 3/5] Epoch 9/20 - Loss: 0.6945 - Val AUC: 0.4934
2025-12-11 04:05:03,430 - INFO - [Fold 3/5] Epoch 10/20 - Loss: 0.6936 - Val AUC: 0.6028
2025-12-11 04:05:08,325 - INFO - [Fold 3/5] Epoch 11/20 - Loss: 0.6942 - Val AUC: 0.4984
2025-12-11 04:05:13,339 - INFO - [Fold 3/5] Epoch 12/20 - Loss: 0.6926 - Val AUC: 0.5053
2025-12-11 04:05:18,468 - INFO - [Fold 3/5] Epoch 13/20 - Loss: 0.6924 - Val AUC: 0.5137
2025-12-11 04:05:23,251 - INFO - [Fold 3/5] Epoch 14/20 - Loss: 0.6935 - Val AUC: 0.4759
2025-12-11 04:05:28,064 - INFO - [Fold 3/5] Epoch 15/20 - Loss: 0.6945 - Val AUC: 0.5441
2025-12-11 04:05:33,189 - INFO - [Fold 3/5] Epoch 16/20 - Loss: 0.6937 - Val AUC: 0.5072
2025-12-11 04:05:38,037 - INFO - [Fold 3/5] Epoch 17/20 - Loss: 0.6935 - Val AUC: 0.4297
2025-12-11 04:05:42,994 - INFO - [Fold 3/5] Epoch 18/20 - Loss: 0.6944 - Val AUC: 0.4863
2025-12-11 04:05:47,998 - INFO - [Fold 3/5] Epoch 19/20 - Loss: 0.6937 - Val AUC: 0.4547
2025-12-11 04:05:52,849 - INFO - [Fold 3/5] Epoch 20/20 - Loss: 0.6953 - Val AUC: 0.4647
2025-12-11 04:05:52,887 - INFO - Fold 3 Finished. Best Val AUC: 0.6159
2025-12-11 04:05:52,917 - INFO - Saved best model for fold 3 to models/deeprc_cv/ds1/fold2_model.pth
2025-12-11 04:05:54,152 - INFO -    💾 Fold 3 completed. Checkpoint updated for next fold.
2025-12-11 04:05:54,153 - INFO - --- Fold 3 ---
2025-12-11 04:05:59,102 - INFO - [Fold 4/5] Epoch 1/20 - Loss: 0.6933 - Val AUC: 0.5138
2025-12-11 04:05:59,121 - INFO -    ⭐️ New best AUC for fold 4: 0.5138
2025-12-11 04:06:03,849 - INFO - [Fold 4/5] Epoch 2/20 - Loss: 0.6946 - Val AUC: 0.4159
2025-12-11 04:06:08,684 - INFO - [Fold 4/5] Epoch 3/20 - Loss: 0.6931 - Val AUC: 0.5428
2025-12-11 04:06:08,688 - INFO -    ⭐️ New best AUC for fold 4: 0.5428
2025-12-11 04:06:13,553 - INFO - [Fold 4/5] Epoch 4/20 - Loss: 0.6930 - Val AUC: 0.5116
2025-12-11 04:06:18,470 - INFO - [Fold 4/5] Epoch 5/20 - Loss: 0.6950 - Val AUC: 0.5913
2025-12-11 04:06:18,474 - INFO -    ⭐️ New best AUC for fold 4: 0.5913
2025-12-11 04:06:23,353 - INFO - [Fold 4/5] Epoch 6/20 - Loss: 0.6933 - Val AUC: 0.5587
2025-12-11 04:06:28,153 - INFO - [Fold 4/5] Epoch 7/20 - Loss: 0.6942 - Val AUC: 0.5841
2025-12-11 04:06:32,990 - INFO - [Fold 4/5] Epoch 8/20 - Loss: 0.6941 - Val AUC: 0.5469
2025-12-11 04:06:37,835 - INFO - [Fold 4/5] Epoch 9/20 - Loss: 0.6941 - Val AUC: 0.4669
2025-12-11 04:06:42,736 - INFO - [Fold 4/5] Epoch 10/20 - Loss: 0.6939 - Val AUC: 0.5534
2025-12-11 04:06:47,650 - INFO - [Fold 4/5] Epoch 11/20 - Loss: 0.6951 - Val AUC: 0.6259
2025-12-11 04:06:47,655 - INFO -    ⭐️ New best AUC for fold 4: 0.6259
2025-12-11 04:06:52,545 - INFO - [Fold 4/5] Epoch 12/20 - Loss: 0.6940 - Val AUC: 0.4713
2025-12-11 04:06:57,415 - INFO - [Fold 4/5] Epoch 13/20 - Loss: 0.6945 - Val AUC: 0.5416
2025-12-11 04:07:02,324 - INFO - [Fold 4/5] Epoch 14/20 - Loss: 0.6940 - Val AUC: 0.4394
2025-12-11 04:07:07,214 - INFO - [Fold 4/5] Epoch 15/20 - Loss: 0.6948 - Val AUC: 0.5463
2025-12-11 04:07:12,059 - INFO - [Fold 4/5] Epoch 16/20 - Loss: 0.6944 - Val AUC: 0.6116
2025-12-11 04:07:17,049 - INFO - [Fold 4/5] Epoch 17/20 - Loss: 0.6941 - Val AUC: 0.4647
2025-12-11 04:07:22,018 - INFO - [Fold 4/5] Epoch 18/20 - Loss: 0.6938 - Val AUC: 0.5722
2025-12-11 04:07:26,975 - INFO - [Fold 4/5] Epoch 19/20 - Loss: 0.6951 - Val AUC: 0.5138
2025-12-11 04:07:32,008 - INFO - [Fold 4/5] Epoch 20/20 - Loss: 0.6930 - Val AUC: 0.5212
2025-12-11 04:07:32,123 - INFO - Fold 4 Finished. Best Val AUC: 0.6259
2025-12-11 04:07:32,141 - INFO - Saved best model for fold 4 to models/deeprc_cv/ds1/fold3_model.pth
2025-12-11 04:07:33,374 - INFO -    💾 Fold 4 completed. Checkpoint updated for next fold.
2025-12-11 04:07:33,375 - INFO - --- Fold 4 ---
2025-12-11 04:07:38,226 - INFO - [Fold 5/5] Epoch 1/20 - Loss: 0.6955 - Val AUC: 0.4991
2025-12-11 04:07:38,230 - INFO -    ⭐️ New best AUC for fold 5: 0.4991
2025-12-11 04:07:43,116 - INFO - [Fold 5/5] Epoch 2/20 - Loss: 0.6948 - Val AUC: 0.4288
2025-12-11 04:07:48,026 - INFO - [Fold 5/5] Epoch 3/20 - Loss: 0.6937 - Val AUC: 0.4769
2025-12-11 04:07:52,799 - INFO - [Fold 5/5] Epoch 4/20 - Loss: 0.6939 - Val AUC: 0.5094
2025-12-11 04:07:52,803 - INFO -    ⭐️ New best AUC for fold 5: 0.5094
2025-12-11 04:07:57,799 - INFO - [Fold 5/5] Epoch 5/20 - Loss: 0.6939 - Val AUC: 0.4784
2025-12-11 04:08:02,901 - INFO - [Fold 5/5] Epoch 6/20 - Loss: 0.6935 - Val AUC: 0.4719
2025-12-11 04:08:07,779 - INFO - [Fold 5/5] Epoch 7/20 - Loss: 0.6927 - Val AUC: 0.3659
2025-12-11 04:08:12,529 - INFO - [Fold 5/5] Epoch 8/20 - Loss: 0.6935 - Val AUC: 0.5447
2025-12-11 04:08:12,533 - INFO -    ⭐️ New best AUC for fold 5: 0.5447
2025-12-11 04:08:17,437 - INFO - [Fold 5/5] Epoch 9/20 - Loss: 0.6926 - Val AUC: 0.3928
2025-12-11 04:08:22,444 - INFO - [Fold 5/5] Epoch 10/20 - Loss: 0.6934 - Val AUC: 0.4553
2025-12-11 04:08:27,501 - INFO - [Fold 5/5] Epoch 11/20 - Loss: 0.6937 - Val AUC: 0.4391
2025-12-11 04:08:32,461 - INFO - [Fold 5/5] Epoch 12/20 - Loss: 0.6936 - Val AUC: 0.4872
2025-12-11 04:08:37,314 - INFO - [Fold 5/5] Epoch 13/20 - Loss: 0.6932 - Val AUC: 0.3781
2025-12-11 04:08:42,267 - INFO - [Fold 5/5] Epoch 14/20 - Loss: 0.6933 - Val AUC: 0.5578
2025-12-11 04:08:42,272 - INFO -    ⭐️ New best AUC for fold 5: 0.5578
2025-12-11 04:08:47,162 - INFO - [Fold 5/5] Epoch 15/20 - Loss: 0.6932 - Val AUC: 0.4378
2025-12-11 04:08:52,056 - INFO - [Fold 5/5] Epoch 16/20 - Loss: 0.6937 - Val AUC: 0.4722
2025-12-11 04:08:56,975 - INFO - [Fold 5/5] Epoch 17/20 - Loss: 0.6929 - Val AUC: 0.5459
2025-12-11 04:09:02,186 - INFO - [Fold 5/5] Epoch 18/20 - Loss: 0.6936 - Val AUC: 0.4938
2025-12-11 04:09:07,002 - INFO - [Fold 5/5] Epoch 19/20 - Loss: 0.6936 - Val AUC: 0.4050
2025-12-11 04:09:12,028 - INFO - [Fold 5/5] Epoch 20/20 - Loss: 0.6939 - Val AUC: 0.4637
2025-12-11 04:09:12,078 - INFO - Fold 5 Finished. Best Val AUC: 0.5578
2025-12-11 04:09:12,099 - INFO - Saved best model for fold 5 to models/deeprc_cv/ds1/fold4_model.pth
2025-12-11 04:09:13,373 - INFO -    💾 Fold 5 completed. Checkpoint updated for next fold.
2025-12-11 04:09:13,495 - INFO - Saved OOF predictions to outputs/deeprc_cv_preds/ds1_oof.csv
2025-12-11 04:09:13,498 - INFO - Training complete. Removed checkpoint.
