2025-12-11 05:05:29,416 - INFO - [DeepRC CV] Training on ds7 with 5 folds...
2025-12-11 05:06:03,773 - INFO - Using device: cuda
2025-12-11 05:06:03,776 - INFO - --- Fold 0 ---
2025-12-11 05:12:24,293 - INFO - [Fold 1/5] Epoch 1/20 - Loss: 0.6788 - Val AUC: 0.5078
2025-12-11 05:12:24,298 - INFO -    ⭐️ New best AUC for fold 1: 0.5078
2025-12-11 05:17:38,605 - INFO - [Fold 1/5] Epoch 2/20 - Loss: 0.5189 - Val AUC: 0.4667
2025-12-11 05:22:11,132 - INFO - [Fold 1/5] Epoch 3/20 - Loss: 0.4540 - Val AUC: 0.4157
2025-12-11 05:26:44,872 - INFO - [Fold 1/5] Epoch 4/20 - Loss: 0.4556 - Val AUC: 0.4490
2025-12-11 05:30:19,656 - INFO - [Fold 1/5] Epoch 5/20 - Loss: 0.4479 - Val AUC: 0.4941
2025-12-11 05:33:20,533 - INFO - [Fold 1/5] Epoch 6/20 - Loss: 0.4528 - Val AUC: 0.4235
2025-12-11 05:36:25,482 - INFO - [Fold 1/5] Epoch 7/20 - Loss: 0.4514 - Val AUC: 0.4353
2025-12-11 05:40:16,457 - INFO - [Fold 1/5] Epoch 8/20 - Loss: 0.4457 - Val AUC: 0.5784
2025-12-11 05:40:16,462 - INFO -    ⭐️ New best AUC for fold 1: 0.5784
2025-12-11 05:43:49,296 - INFO - [Fold 1/5] Epoch 9/20 - Loss: 0.4583 - Val AUC: 0.4471
2025-12-11 05:47:11,551 - INFO - [Fold 1/5] Epoch 10/20 - Loss: 0.4620 - Val AUC: 0.5059
2025-12-11 05:51:26,582 - INFO - [Fold 1/5] Epoch 11/20 - Loss: 0.4513 - Val AUC: 0.5039
2025-12-11 05:55:49,911 - INFO - [Fold 1/5] Epoch 12/20 - Loss: 0.4515 - Val AUC: 0.4824
2025-12-11 06:00:00,088 - INFO - [Fold 1/5] Epoch 13/20 - Loss: 0.4515 - Val AUC: 0.5118
2025-12-11 06:04:27,025 - INFO - [Fold 1/5] Epoch 14/20 - Loss: 0.4640 - Val AUC: 0.5176
2025-12-11 06:08:33,595 - INFO - [Fold 1/5] Epoch 15/20 - Loss: 0.4479 - Val AUC: 0.4637
2025-12-11 06:12:54,811 - INFO - [Fold 1/5] Epoch 16/20 - Loss: 0.4495 - Val AUC: 0.4922
2025-12-11 06:17:01,474 - INFO - [Fold 1/5] Epoch 17/20 - Loss: 0.4467 - Val AUC: 0.5118
2025-12-11 06:21:13,854 - INFO - [Fold 1/5] Epoch 18/20 - Loss: 0.4532 - Val AUC: 0.5216
2025-12-11 06:25:28,822 - INFO - [Fold 1/5] Epoch 19/20 - Loss: 0.4540 - Val AUC: 0.5157
2025-12-11 06:29:59,953 - INFO - [Fold 1/5] Epoch 20/20 - Loss: 0.4507 - Val AUC: 0.5000
2025-12-11 06:29:59,989 - INFO - Fold 1 Finished. Best Val AUC: 0.5784
2025-12-11 06:30:00,016 - INFO - Saved best model for fold 1 to models/deeprc_cv/ds7/fold0_model.pth
2025-12-11 06:31:11,352 - INFO -    💾 Fold 1 completed. Checkpoint updated for next fold.
2025-12-11 06:31:11,353 - INFO - --- Fold 1 ---
2025-12-11 06:35:50,248 - INFO - [Fold 2/5] Epoch 1/20 - Loss: 0.6847 - Val AUC: 0.4706
2025-12-11 06:35:50,253 - INFO -    ⭐️ New best AUC for fold 2: 0.4706
2025-12-11 06:39:39,862 - INFO - [Fold 2/5] Epoch 2/20 - Loss: 0.5502 - Val AUC: 0.5314
2025-12-11 06:39:39,867 - INFO -    ⭐️ New best AUC for fold 2: 0.5314
2025-12-11 06:44:18,520 - INFO - [Fold 2/5] Epoch 3/20 - Loss: 0.4554 - Val AUC: 0.4686
2025-12-11 06:48:51,985 - INFO - [Fold 2/5] Epoch 4/20 - Loss: 0.4510 - Val AUC: 0.5059
2025-12-11 06:53:44,413 - INFO - [Fold 2/5] Epoch 5/20 - Loss: 0.4552 - Val AUC: 0.4196
2025-12-11 06:58:40,981 - INFO - [Fold 2/5] Epoch 6/20 - Loss: 0.4559 - Val AUC: 0.4765
2025-12-11 07:03:21,401 - INFO - [Fold 2/5] Epoch 7/20 - Loss: 0.4547 - Val AUC: 0.4588
2025-12-11 07:09:05,046 - INFO - [Fold 2/5] Epoch 8/20 - Loss: 0.4543 - Val AUC: 0.5059
2025-12-11 07:14:17,371 - INFO - [Fold 2/5] Epoch 9/20 - Loss: 0.4589 - Val AUC: 0.4529
2025-12-11 07:18:59,830 - INFO - [Fold 2/5] Epoch 10/20 - Loss: 0.4559 - Val AUC: 0.4686
2025-12-11 07:24:01,306 - INFO - [Fold 2/5] Epoch 11/20 - Loss: 0.4533 - Val AUC: 0.4863
2025-12-11 07:28:53,646 - INFO - [Fold 2/5] Epoch 12/20 - Loss: 0.4478 - Val AUC: 0.4922
2025-12-11 07:34:07,390 - INFO - [Fold 2/5] Epoch 13/20 - Loss: 0.4566 - Val AUC: 0.4765
2025-12-11 07:38:38,759 - INFO - [Fold 2/5] Epoch 14/20 - Loss: 0.4443 - Val AUC: 0.4510
2025-12-11 07:43:04,506 - INFO - [Fold 2/5] Epoch 15/20 - Loss: 0.4542 - Val AUC: 0.4980
2025-12-11 07:47:52,933 - INFO - [Fold 2/5] Epoch 16/20 - Loss: 0.4533 - Val AUC: 0.4510
2025-12-11 07:52:29,300 - INFO - [Fold 2/5] Epoch 17/20 - Loss: 0.4526 - Val AUC: 0.5020
2025-12-11 07:57:26,925 - INFO - [Fold 2/5] Epoch 18/20 - Loss: 0.4445 - Val AUC: 0.4843
2025-12-11 08:02:39,660 - INFO - [Fold 2/5] Epoch 19/20 - Loss: 0.4538 - Val AUC: 0.4706
2025-12-11 08:07:16,493 - INFO - [Fold 2/5] Epoch 20/20 - Loss: 0.4585 - Val AUC: 0.4784
2025-12-11 08:07:16,557 - INFO - Fold 2 Finished. Best Val AUC: 0.5314
2025-12-11 08:07:16,572 - INFO - Saved best model for fold 2 to models/deeprc_cv/ds7/fold1_model.pth
2025-12-11 08:07:52,923 - INFO -    💾 Fold 2 completed. Checkpoint updated for next fold.
2025-12-11 08:07:52,927 - INFO - --- Fold 2 ---
2025-12-11 08:12:26,710 - INFO - [Fold 3/5] Epoch 1/20 - Loss: 0.5913 - Val AUC: 0.6900
2025-12-11 08:12:26,720 - INFO -    ⭐️ New best AUC for fold 3: 0.6900
2025-12-11 08:17:12,086 - INFO - [Fold 3/5] Epoch 2/20 - Loss: 0.4638 - Val AUC: 0.5420
2025-12-11 08:22:03,164 - INFO - [Fold 3/5] Epoch 3/20 - Loss: 0.4533 - Val AUC: 0.5520
2025-12-11 08:27:24,417 - INFO - [Fold 3/5] Epoch 4/20 - Loss: 0.4465 - Val AUC: 0.6060
2025-12-11 08:32:44,924 - INFO - [Fold 3/5] Epoch 5/20 - Loss: 0.4547 - Val AUC: 0.5640
2025-12-11 08:37:42,057 - INFO - [Fold 3/5] Epoch 6/20 - Loss: 0.4496 - Val AUC: 0.5400
2025-12-11 08:42:39,026 - INFO - [Fold 3/5] Epoch 7/20 - Loss: 0.4531 - Val AUC: 0.6440
2025-12-11 08:47:53,852 - INFO - [Fold 3/5] Epoch 8/20 - Loss: 0.4513 - Val AUC: 0.5600
2025-12-11 08:52:30,379 - INFO - [Fold 3/5] Epoch 9/20 - Loss: 0.4510 - Val AUC: 0.5860
2025-12-11 08:57:20,208 - INFO - [Fold 3/5] Epoch 10/20 - Loss: 0.4461 - Val AUC: 0.6200
2025-12-11 09:01:49,656 - INFO - [Fold 3/5] Epoch 11/20 - Loss: 0.4548 - Val AUC: 0.6980
2025-12-11 09:01:49,665 - INFO -    ⭐️ New best AUC for fold 3: 0.6980
2025-12-11 09:06:38,228 - INFO - [Fold 3/5] Epoch 12/20 - Loss: 0.4545 - Val AUC: 0.5480
2025-12-11 09:11:23,532 - INFO - [Fold 3/5] Epoch 13/20 - Loss: 0.4511 - Val AUC: 0.6260
2025-12-11 09:16:08,878 - INFO - [Fold 3/5] Epoch 14/20 - Loss: 0.4485 - Val AUC: 0.6280
2025-12-11 09:21:17,205 - INFO - [Fold 3/5] Epoch 15/20 - Loss: 0.4527 - Val AUC: 0.7500
2025-12-11 09:21:17,225 - INFO -    ⭐️ New best AUC for fold 3: 0.7500
2025-12-11 09:26:20,990 - INFO - [Fold 3/5] Epoch 16/20 - Loss: 0.4532 - Val AUC: 0.6760
2025-12-11 09:30:27,125 - INFO - [Fold 3/5] Epoch 17/20 - Loss: 0.4503 - Val AUC: 0.6520
2025-12-11 09:34:35,341 - INFO - [Fold 3/5] Epoch 18/20 - Loss: 0.4481 - Val AUC: 0.6220
2025-12-11 09:39:02,309 - INFO - [Fold 3/5] Epoch 19/20 - Loss: 0.4541 - Val AUC: 0.6420
2025-12-11 09:42:44,632 - INFO - [Fold 3/5] Epoch 20/20 - Loss: 0.4451 - Val AUC: 0.6720
2025-12-11 09:42:44,682 - INFO - Fold 3 Finished. Best Val AUC: 0.7500
2025-12-11 09:42:44,717 - INFO - Saved best model for fold 3 to models/deeprc_cv/ds7/fold2_model.pth
2025-12-11 09:43:15,552 - INFO -    💾 Fold 3 completed. Checkpoint updated for next fold.
2025-12-11 09:43:15,553 - INFO - --- Fold 3 ---
2025-12-11 09:47:29,953 - INFO - [Fold 4/5] Epoch 1/20 - Loss: 0.6147 - Val AUC: 0.3900
2025-12-11 09:47:29,963 - INFO -    ⭐️ New best AUC for fold 4: 0.3900
2025-12-11 09:51:55,643 - INFO - [Fold 4/5] Epoch 2/20 - Loss: 0.4930 - Val AUC: 0.4380
2025-12-11 09:51:55,649 - INFO -    ⭐️ New best AUC for fold 4: 0.4380
2025-12-11 09:56:43,637 - INFO - [Fold 4/5] Epoch 3/20 - Loss: 0.4526 - Val AUC: 0.3660
2025-12-11 10:01:09,344 - INFO - [Fold 4/5] Epoch 4/20 - Loss: 0.4499 - Val AUC: 0.3620
2025-12-11 10:05:51,943 - INFO - [Fold 4/5] Epoch 5/20 - Loss: 0.4515 - Val AUC: 0.3820
2025-12-11 10:10:04,126 - INFO - [Fold 4/5] Epoch 6/20 - Loss: 0.4512 - Val AUC: 0.3620
2025-12-11 10:14:45,630 - INFO - [Fold 4/5] Epoch 7/20 - Loss: 0.4502 - Val AUC: 0.4600
2025-12-11 10:14:45,635 - INFO -    ⭐️ New best AUC for fold 4: 0.4600
2025-12-11 10:19:29,805 - INFO - [Fold 4/5] Epoch 8/20 - Loss: 0.4480 - Val AUC: 0.4140
2025-12-11 10:23:50,216 - INFO - [Fold 4/5] Epoch 9/20 - Loss: 0.4542 - Val AUC: 0.4360
2025-12-11 10:28:18,210 - INFO - [Fold 4/5] Epoch 10/20 - Loss: 0.4489 - Val AUC: 0.3920
2025-12-11 10:31:55,378 - INFO - [Fold 4/5] Epoch 11/20 - Loss: 0.4499 - Val AUC: 0.3580
2025-12-11 10:36:09,620 - INFO - [Fold 4/5] Epoch 12/20 - Loss: 0.4548 - Val AUC: 0.3560
2025-12-11 10:40:06,534 - INFO - [Fold 4/5] Epoch 13/20 - Loss: 0.4521 - Val AUC: 0.3680
2025-12-11 10:43:55,081 - INFO - [Fold 4/5] Epoch 14/20 - Loss: 0.4517 - Val AUC: 0.3540
2025-12-11 10:47:15,934 - INFO - [Fold 4/5] Epoch 15/20 - Loss: 0.4501 - Val AUC: 0.4620
2025-12-11 10:47:15,945 - INFO -    ⭐️ New best AUC for fold 4: 0.4620
2025-12-11 10:50:34,254 - INFO - [Fold 4/5] Epoch 16/20 - Loss: 0.4539 - Val AUC: 0.3240
2025-12-11 10:53:44,356 - INFO - [Fold 4/5] Epoch 17/20 - Loss: 0.4484 - Val AUC: 0.4240
2025-12-11 10:57:30,523 - INFO - [Fold 4/5] Epoch 18/20 - Loss: 0.4525 - Val AUC: 0.3700
2025-12-11 11:01:13,291 - INFO - [Fold 4/5] Epoch 19/20 - Loss: 0.4527 - Val AUC: 0.4000
2025-12-11 11:04:30,272 - INFO - [Fold 4/5] Epoch 20/20 - Loss: 0.4520 - Val AUC: 0.4220
2025-12-11 11:04:30,378 - INFO - Fold 4 Finished. Best Val AUC: 0.4620
2025-12-11 11:04:30,416 - INFO - Saved best model for fold 4 to models/deeprc_cv/ds7/fold3_model.pth
2025-12-11 11:05:16,222 - INFO -    💾 Fold 4 completed. Checkpoint updated for next fold.
2025-12-11 11:05:16,224 - INFO - --- Fold 4 ---
2025-12-11 11:09:05,806 - INFO - [Fold 5/5] Epoch 1/20 - Loss: 0.6814 - Val AUC: 0.3400
2025-12-11 11:09:05,822 - INFO -    ⭐️ New best AUC for fold 5: 0.3400
2025-12-11 11:13:33,993 - INFO - [Fold 5/5] Epoch 2/20 - Loss: 0.5240 - Val AUC: 0.3240
2025-12-11 11:17:42,833 - INFO - [Fold 5/5] Epoch 3/20 - Loss: 0.4602 - Val AUC: 0.3760
2025-12-11 11:17:42,840 - INFO -    ⭐️ New best AUC for fold 5: 0.3760
2025-12-11 11:21:29,112 - INFO - [Fold 5/5] Epoch 4/20 - Loss: 0.4490 - Val AUC: 0.2700
2025-12-11 11:24:54,477 - INFO - [Fold 5/5] Epoch 5/20 - Loss: 0.4541 - Val AUC: 0.3240
2025-12-11 11:28:30,876 - INFO - [Fold 5/5] Epoch 6/20 - Loss: 0.4461 - Val AUC: 0.3520
2025-12-11 11:32:01,625 - INFO - [Fold 5/5] Epoch 7/20 - Loss: 0.4606 - Val AUC: 0.3360
2025-12-11 11:35:28,919 - INFO - [Fold 5/5] Epoch 8/20 - Loss: 0.4454 - Val AUC: 0.3540
2025-12-11 11:39:28,365 - INFO - [Fold 5/5] Epoch 9/20 - Loss: 0.4543 - Val AUC: 0.3180
2025-12-11 11:43:49,180 - INFO - [Fold 5/5] Epoch 10/20 - Loss: 0.4508 - Val AUC: 0.3300
2025-12-11 11:47:48,523 - INFO - [Fold 5/5] Epoch 11/20 - Loss: 0.4433 - Val AUC: 0.3500
2025-12-11 11:51:45,587 - INFO - [Fold 5/5] Epoch 12/20 - Loss: 0.4536 - Val AUC: 0.3020
2025-12-11 11:55:12,999 - INFO - [Fold 5/5] Epoch 13/20 - Loss: 0.4592 - Val AUC: 0.3480
2025-12-11 11:58:43,414 - INFO - [Fold 5/5] Epoch 14/20 - Loss: 0.4509 - Val AUC: 0.2800
2025-12-11 12:02:05,230 - INFO - [Fold 5/5] Epoch 15/20 - Loss: 0.4548 - Val AUC: 0.3060
2025-12-11 12:06:40,282 - INFO - [Fold 5/5] Epoch 16/20 - Loss: 0.4550 - Val AUC: 0.3420
2025-12-11 12:10:36,544 - INFO - [Fold 5/5] Epoch 17/20 - Loss: 0.4531 - Val AUC: 0.2200
2025-12-11 12:14:40,470 - INFO - [Fold 5/5] Epoch 18/20 - Loss: 0.4480 - Val AUC: 0.3460
2025-12-11 12:18:20,309 - INFO - [Fold 5/5] Epoch 19/20 - Loss: 0.4541 - Val AUC: 0.3820
2025-12-11 12:18:20,328 - INFO -    ⭐️ New best AUC for fold 5: 0.3820
2025-12-11 12:22:40,955 - INFO - [Fold 5/5] Epoch 20/20 - Loss: 0.4459 - Val AUC: 0.3700
2025-12-11 12:22:41,023 - INFO - Fold 5 Finished. Best Val AUC: 0.3820
2025-12-11 12:22:41,041 - INFO - Saved best model for fold 5 to models/deeprc_cv/ds7/fold4_model.pth
2025-12-11 12:23:01,149 - INFO -    💾 Fold 5 completed. Checkpoint updated for next fold.
2025-12-11 12:23:01,328 - INFO - Saved OOF predictions to outputs/deeprc_cv_preds/ds7_oof.csv
2025-12-11 12:23:01,331 - INFO - Training complete. Removed checkpoint.
