2025-12-11 04:51:56,174 - INFO - [DeepRC CV] Training on ds6 with 5 folds...
2025-12-11 04:51:58,695 - INFO - Using device: cuda
2025-12-11 04:51:58,698 - INFO - --- Fold 0 ---
2025-12-11 04:53:04,983 - INFO - [Fold 1/5] Epoch 1/20 - Loss: 0.6941 - Val AUC: 0.5453
2025-12-11 04:53:04,990 - INFO -    ⭐️ New best AUC for fold 1: 0.5453
2025-12-11 04:54:09,120 - INFO - [Fold 1/5] Epoch 2/20 - Loss: 0.6937 - Val AUC: 0.5119
2025-12-11 04:55:00,083 - INFO - [Fold 1/5] Epoch 3/20 - Loss: 0.6933 - Val AUC: 0.5209
2025-12-11 04:55:35,696 - INFO - [Fold 1/5] Epoch 4/20 - Loss: 0.6938 - Val AUC: 0.4919
2025-12-11 04:55:44,792 - INFO - [Fold 1/5] Epoch 5/20 - Loss: 0.6939 - Val AUC: 0.5750
2025-12-11 04:55:44,797 - INFO -    ⭐️ New best AUC for fold 1: 0.5750
2025-12-11 04:55:50,135 - INFO - [Fold 1/5] Epoch 6/20 - Loss: 0.6945 - Val AUC: 0.5606
2025-12-11 04:55:55,111 - INFO - [Fold 1/5] Epoch 7/20 - Loss: 0.6923 - Val AUC: 0.4853
2025-12-11 04:56:00,261 - INFO - [Fold 1/5] Epoch 8/20 - Loss: 0.6946 - Val AUC: 0.5197
2025-12-11 04:56:04,896 - INFO - [Fold 1/5] Epoch 9/20 - Loss: 0.6938 - Val AUC: 0.4559
2025-12-11 04:56:10,078 - INFO - [Fold 1/5] Epoch 10/20 - Loss: 0.6943 - Val AUC: 0.4575
2025-12-11 04:56:15,048 - INFO - [Fold 1/5] Epoch 11/20 - Loss: 0.6936 - Val AUC: 0.4675
2025-12-11 04:56:19,815 - INFO - [Fold 1/5] Epoch 12/20 - Loss: 0.6935 - Val AUC: 0.5769
2025-12-11 04:56:19,821 - INFO -    ⭐️ New best AUC for fold 1: 0.5769
2025-12-11 04:56:24,767 - INFO - [Fold 1/5] Epoch 13/20 - Loss: 0.6945 - Val AUC: 0.4531
2025-12-11 04:56:29,586 - INFO - [Fold 1/5] Epoch 14/20 - Loss: 0.6938 - Val AUC: 0.4012
2025-12-11 04:56:34,383 - INFO - [Fold 1/5] Epoch 15/20 - Loss: 0.6936 - Val AUC: 0.5169
2025-12-11 04:56:39,365 - INFO - [Fold 1/5] Epoch 16/20 - Loss: 0.6939 - Val AUC: 0.3234
2025-12-11 04:56:44,043 - INFO - [Fold 1/5] Epoch 17/20 - Loss: 0.6937 - Val AUC: 0.5312
2025-12-11 04:56:48,996 - INFO - [Fold 1/5] Epoch 18/20 - Loss: 0.6939 - Val AUC: 0.4587
2025-12-11 04:56:54,622 - INFO - [Fold 1/5] Epoch 19/20 - Loss: 0.6931 - Val AUC: 0.4797
2025-12-11 04:56:59,502 - INFO - [Fold 1/5] Epoch 20/20 - Loss: 0.6941 - Val AUC: 0.4509
2025-12-11 04:56:59,543 - INFO - Fold 1 Finished. Best Val AUC: 0.5769
2025-12-11 04:56:59,558 - INFO - Saved best model for fold 1 to models/deeprc_cv/ds6/fold0_model.pth
2025-12-11 04:57:00,755 - INFO -    💾 Fold 1 completed. Checkpoint updated for next fold.
2025-12-11 04:57:00,756 - INFO - --- Fold 1 ---
2025-12-11 04:57:05,561 - INFO - [Fold 2/5] Epoch 1/20 - Loss: 0.6940 - Val AUC: 0.4012
2025-12-11 04:57:05,563 - INFO -    ⭐️ New best AUC for fold 2: 0.4012
2025-12-11 04:57:10,393 - INFO - [Fold 2/5] Epoch 2/20 - Loss: 0.6947 - Val AUC: 0.6097
2025-12-11 04:57:10,397 - INFO -    ⭐️ New best AUC for fold 2: 0.6097
2025-12-11 04:57:15,108 - INFO - [Fold 2/5] Epoch 3/20 - Loss: 0.6930 - Val AUC: 0.4634
2025-12-11 04:57:20,022 - INFO - [Fold 2/5] Epoch 4/20 - Loss: 0.6941 - Val AUC: 0.5781
2025-12-11 04:57:24,941 - INFO - [Fold 2/5] Epoch 5/20 - Loss: 0.6944 - Val AUC: 0.4384
2025-12-11 04:57:29,914 - INFO - [Fold 2/5] Epoch 6/20 - Loss: 0.6929 - Val AUC: 0.4678
2025-12-11 04:57:34,682 - INFO - [Fold 2/5] Epoch 7/20 - Loss: 0.6932 - Val AUC: 0.4653
2025-12-11 04:57:39,385 - INFO - [Fold 2/5] Epoch 8/20 - Loss: 0.6935 - Val AUC: 0.5231
2025-12-11 04:57:44,014 - INFO - [Fold 2/5] Epoch 9/20 - Loss: 0.6943 - Val AUC: 0.5663
2025-12-11 04:57:48,800 - INFO - [Fold 2/5] Epoch 10/20 - Loss: 0.6939 - Val AUC: 0.5156
2025-12-11 04:57:53,463 - INFO - [Fold 2/5] Epoch 11/20 - Loss: 0.6937 - Val AUC: 0.5650
2025-12-11 04:57:58,134 - INFO - [Fold 2/5] Epoch 12/20 - Loss: 0.6942 - Val AUC: 0.4584
2025-12-11 04:58:02,944 - INFO - [Fold 2/5] Epoch 13/20 - Loss: 0.6930 - Val AUC: 0.4288
2025-12-11 04:58:07,629 - INFO - [Fold 2/5] Epoch 14/20 - Loss: 0.6936 - Val AUC: 0.5787
2025-12-11 04:58:12,436 - INFO - [Fold 2/5] Epoch 15/20 - Loss: 0.6925 - Val AUC: 0.4556
2025-12-11 04:58:17,385 - INFO - [Fold 2/5] Epoch 16/20 - Loss: 0.6940 - Val AUC: 0.4903
2025-12-11 04:58:22,294 - INFO - [Fold 2/5] Epoch 17/20 - Loss: 0.6937 - Val AUC: 0.4953
2025-12-11 04:58:27,108 - INFO - [Fold 2/5] Epoch 18/20 - Loss: 0.6929 - Val AUC: 0.5769
2025-12-11 04:58:31,856 - INFO - [Fold 2/5] Epoch 19/20 - Loss: 0.6940 - Val AUC: 0.4200
2025-12-11 04:58:36,633 - INFO - [Fold 2/5] Epoch 20/20 - Loss: 0.6929 - Val AUC: 0.5097
2025-12-11 04:58:36,686 - INFO - Fold 2 Finished. Best Val AUC: 0.6097
2025-12-11 04:58:36,721 - INFO - Saved best model for fold 2 to models/deeprc_cv/ds6/fold1_model.pth
2025-12-11 04:58:38,062 - INFO -    💾 Fold 2 completed. Checkpoint updated for next fold.
2025-12-11 04:58:38,063 - INFO - --- Fold 2 ---
2025-12-11 04:58:42,738 - INFO - [Fold 3/5] Epoch 1/20 - Loss: 0.6943 - Val AUC: 0.4934
2025-12-11 04:58:42,742 - INFO -    ⭐️ New best AUC for fold 3: 0.4934
2025-12-11 04:58:47,535 - INFO - [Fold 3/5] Epoch 2/20 - Loss: 0.6944 - Val AUC: 0.5822
2025-12-11 04:58:47,539 - INFO -    ⭐️ New best AUC for fold 3: 0.5822
2025-12-11 04:58:52,679 - INFO - [Fold 3/5] Epoch 3/20 - Loss: 0.6937 - Val AUC: 0.4578
2025-12-11 04:58:58,605 - INFO - [Fold 3/5] Epoch 4/20 - Loss: 0.6944 - Val AUC: 0.4116
2025-12-11 04:59:03,370 - INFO - [Fold 3/5] Epoch 5/20 - Loss: 0.6932 - Val AUC: 0.5628
2025-12-11 04:59:08,194 - INFO - [Fold 3/5] Epoch 6/20 - Loss: 0.6929 - Val AUC: 0.5700
2025-12-11 04:59:13,367 - INFO - [Fold 3/5] Epoch 7/20 - Loss: 0.6928 - Val AUC: 0.4991
2025-12-11 04:59:18,529 - INFO - [Fold 3/5] Epoch 8/20 - Loss: 0.6935 - Val AUC: 0.5584
2025-12-11 04:59:23,313 - INFO - [Fold 3/5] Epoch 9/20 - Loss: 0.6929 - Val AUC: 0.6525
2025-12-11 04:59:23,325 - INFO -    ⭐️ New best AUC for fold 3: 0.6525
2025-12-11 04:59:28,146 - INFO - [Fold 3/5] Epoch 10/20 - Loss: 0.6928 - Val AUC: 0.5575
2025-12-11 04:59:32,897 - INFO - [Fold 3/5] Epoch 11/20 - Loss: 0.6942 - Val AUC: 0.5241
2025-12-11 04:59:37,854 - INFO - [Fold 3/5] Epoch 12/20 - Loss: 0.6935 - Val AUC: 0.4225
2025-12-11 04:59:42,835 - INFO - [Fold 3/5] Epoch 13/20 - Loss: 0.6931 - Val AUC: 0.4744
2025-12-11 04:59:47,631 - INFO - [Fold 3/5] Epoch 14/20 - Loss: 0.6935 - Val AUC: 0.5259
2025-12-11 04:59:52,433 - INFO - [Fold 3/5] Epoch 15/20 - Loss: 0.6944 - Val AUC: 0.4656
2025-12-11 04:59:57,297 - INFO - [Fold 3/5] Epoch 16/20 - Loss: 0.6933 - Val AUC: 0.4981
2025-12-11 05:00:02,058 - INFO - [Fold 3/5] Epoch 17/20 - Loss: 0.6938 - Val AUC: 0.5606
2025-12-11 05:00:07,033 - INFO - [Fold 3/5] Epoch 18/20 - Loss: 0.6937 - Val AUC: 0.5019
2025-12-11 05:00:11,861 - INFO - [Fold 3/5] Epoch 19/20 - Loss: 0.6937 - Val AUC: 0.5822
2025-12-11 05:00:16,822 - INFO - [Fold 3/5] Epoch 20/20 - Loss: 0.6933 - Val AUC: 0.5994
2025-12-11 05:00:16,864 - INFO - Fold 3 Finished. Best Val AUC: 0.6525
2025-12-11 05:00:16,883 - INFO - Saved best model for fold 3 to models/deeprc_cv/ds6/fold2_model.pth
2025-12-11 05:00:18,166 - INFO -    💾 Fold 3 completed. Checkpoint updated for next fold.
2025-12-11 05:00:18,167 - INFO - --- Fold 3 ---
2025-12-11 05:00:22,983 - INFO - [Fold 4/5] Epoch 1/20 - Loss: 0.6956 - Val AUC: 0.4803
2025-12-11 05:00:22,987 - INFO -    ⭐️ New best AUC for fold 4: 0.4803
2025-12-11 05:00:27,819 - INFO - [Fold 4/5] Epoch 2/20 - Loss: 0.6934 - Val AUC: 0.5694
2025-12-11 05:00:27,824 - INFO -    ⭐️ New best AUC for fold 4: 0.5694
2025-12-11 05:00:32,806 - INFO - [Fold 4/5] Epoch 3/20 - Loss: 0.6941 - Val AUC: 0.5484
2025-12-11 05:00:37,745 - INFO - [Fold 4/5] Epoch 4/20 - Loss: 0.6930 - Val AUC: 0.4897
2025-12-11 05:00:42,632 - INFO - [Fold 4/5] Epoch 5/20 - Loss: 0.6927 - Val AUC: 0.4409
2025-12-11 05:00:47,302 - INFO - [Fold 4/5] Epoch 6/20 - Loss: 0.6935 - Val AUC: 0.5856
2025-12-11 05:00:47,326 - INFO -    ⭐️ New best AUC for fold 4: 0.5856
2025-12-11 05:00:52,334 - INFO - [Fold 4/5] Epoch 7/20 - Loss: 0.6947 - Val AUC: 0.5194
2025-12-11 05:00:57,115 - INFO - [Fold 4/5] Epoch 8/20 - Loss: 0.6937 - Val AUC: 0.4684
2025-12-11 05:01:02,030 - INFO - [Fold 4/5] Epoch 9/20 - Loss: 0.6940 - Val AUC: 0.4369
2025-12-11 05:01:06,747 - INFO - [Fold 4/5] Epoch 10/20 - Loss: 0.6933 - Val AUC: 0.5088
2025-12-11 05:01:11,587 - INFO - [Fold 4/5] Epoch 11/20 - Loss: 0.6939 - Val AUC: 0.5413
2025-12-11 05:01:16,398 - INFO - [Fold 4/5] Epoch 12/20 - Loss: 0.6942 - Val AUC: 0.5547
2025-12-11 05:01:21,138 - INFO - [Fold 4/5] Epoch 13/20 - Loss: 0.6937 - Val AUC: 0.4572
2025-12-11 05:01:25,885 - INFO - [Fold 4/5] Epoch 14/20 - Loss: 0.6936 - Val AUC: 0.5800
2025-12-11 05:01:30,807 - INFO - [Fold 4/5] Epoch 15/20 - Loss: 0.6927 - Val AUC: 0.5487
2025-12-11 05:01:35,514 - INFO - [Fold 4/5] Epoch 16/20 - Loss: 0.6926 - Val AUC: 0.4288
2025-12-11 05:01:40,319 - INFO - [Fold 4/5] Epoch 17/20 - Loss: 0.6924 - Val AUC: 0.5141
2025-12-11 05:01:45,771 - INFO - [Fold 4/5] Epoch 18/20 - Loss: 0.6929 - Val AUC: 0.4872
2025-12-11 05:01:50,786 - INFO - [Fold 4/5] Epoch 19/20 - Loss: 0.6946 - Val AUC: 0.5212
2025-12-11 05:01:55,632 - INFO - [Fold 4/5] Epoch 20/20 - Loss: 0.6941 - Val AUC: 0.5409
2025-12-11 05:01:55,678 - INFO - Fold 4 Finished. Best Val AUC: 0.5856
2025-12-11 05:01:55,697 - INFO - Saved best model for fold 4 to models/deeprc_cv/ds6/fold3_model.pth
2025-12-11 05:01:56,971 - INFO -    💾 Fold 4 completed. Checkpoint updated for next fold.
2025-12-11 05:01:56,972 - INFO - --- Fold 4 ---
2025-12-11 05:02:01,745 - INFO - [Fold 5/5] Epoch 1/20 - Loss: 0.6946 - Val AUC: 0.4759
2025-12-11 05:02:01,749 - INFO -    ⭐️ New best AUC for fold 5: 0.4759
2025-12-11 05:02:06,781 - INFO - [Fold 5/5] Epoch 2/20 - Loss: 0.6935 - Val AUC: 0.5413
2025-12-11 05:02:06,804 - INFO -    ⭐️ New best AUC for fold 5: 0.5413
2025-12-11 05:02:11,900 - INFO - [Fold 5/5] Epoch 3/20 - Loss: 0.6927 - Val AUC: 0.5406
2025-12-11 05:02:16,930 - INFO - [Fold 5/5] Epoch 4/20 - Loss: 0.6941 - Val AUC: 0.5256
2025-12-11 05:02:21,579 - INFO - [Fold 5/5] Epoch 5/20 - Loss: 0.6933 - Val AUC: 0.5419
2025-12-11 05:02:21,583 - INFO -    ⭐️ New best AUC for fold 5: 0.5419
2025-12-11 05:02:26,420 - INFO - [Fold 5/5] Epoch 6/20 - Loss: 0.6940 - Val AUC: 0.4044
2025-12-11 05:02:31,225 - INFO - [Fold 5/5] Epoch 7/20 - Loss: 0.6926 - Val AUC: 0.4763
2025-12-11 05:02:36,179 - INFO - [Fold 5/5] Epoch 8/20 - Loss: 0.6935 - Val AUC: 0.4437
2025-12-11 05:02:40,903 - INFO - [Fold 5/5] Epoch 9/20 - Loss: 0.6937 - Val AUC: 0.4756
2025-12-11 05:02:45,852 - INFO - [Fold 5/5] Epoch 10/20 - Loss: 0.6923 - Val AUC: 0.4747
2025-12-11 05:02:50,781 - INFO - [Fold 5/5] Epoch 11/20 - Loss: 0.6948 - Val AUC: 0.5181
2025-12-11 05:02:55,730 - INFO - [Fold 5/5] Epoch 12/20 - Loss: 0.6926 - Val AUC: 0.4994
2025-12-11 05:03:00,573 - INFO - [Fold 5/5] Epoch 13/20 - Loss: 0.6942 - Val AUC: 0.3900
2025-12-11 05:03:05,497 - INFO - [Fold 5/5] Epoch 14/20 - Loss: 0.6939 - Val AUC: 0.4491
2025-12-11 05:03:10,168 - INFO - [Fold 5/5] Epoch 15/20 - Loss: 0.6945 - Val AUC: 0.4416
2025-12-11 05:03:14,914 - INFO - [Fold 5/5] Epoch 16/20 - Loss: 0.6930 - Val AUC: 0.4762
2025-12-11 05:03:20,025 - INFO - [Fold 5/5] Epoch 17/20 - Loss: 0.6946 - Val AUC: 0.5088
2025-12-11 05:03:24,814 - INFO - [Fold 5/5] Epoch 18/20 - Loss: 0.6930 - Val AUC: 0.3841
2025-12-11 05:03:29,628 - INFO - [Fold 5/5] Epoch 19/20 - Loss: 0.6928 - Val AUC: 0.5034
2025-12-11 05:03:34,554 - INFO - [Fold 5/5] Epoch 20/20 - Loss: 0.6946 - Val AUC: 0.4709
2025-12-11 05:03:34,779 - INFO - Fold 5 Finished. Best Val AUC: 0.5419
2025-12-11 05:03:34,797 - INFO - Saved best model for fold 5 to models/deeprc_cv/ds6/fold4_model.pth
2025-12-11 05:03:36,120 - INFO -    💾 Fold 5 completed. Checkpoint updated for next fold.
2025-12-11 05:03:36,279 - INFO - Saved OOF predictions to outputs/deeprc_cv_preds/ds6_oof.csv
2025-12-11 05:03:36,282 - INFO - Training complete. Removed checkpoint.
