2025-12-11 23:53:31,583 - INFO - Processing ds1...
2025-12-11 23:53:35,559 - INFO -   Loading embeddings...
2025-12-11 23:55:31,179 - INFO -   Training on 10000000 sequences from 400 repertoires...
2025-12-12 00:31:13,424 - INFO - Processing ds1...
2025-12-12 00:31:18,912 - INFO -   Initializing streaming models...
2025-12-12 00:31:18,918 - INFO -   Training (Streaming Batches of 50)...
2025-12-12 00:31:19,198 - INFO -   Training complete. Saving main model...
2025-12-12 00:31:19,226 - INFO -   Generating OOF Predictions (Streaming)...
2025-12-12 00:31:19,497 - INFO -   Saved CV preds to outputs/esm_seq_preds/ds1_train_esm_preds.csv
2025-12-12 00:31:19,813 - INFO -   Starting Test Inference...
2025-12-12 00:31:22,945 - INFO -     Inferring ds1 (Streaming)...
2025-12-12 00:31:23,252 - WARNING -     No predictions generated (missing embeddings?).
2025-12-12 00:31:23,254 - INFO - Processing ds2...
2025-12-12 00:31:29,048 - INFO -   Initializing streaming models...
2025-12-12 00:31:29,049 - INFO -   Training (Streaming Batches of 50)...
2025-12-12 00:31:29,553 - INFO -   Training complete. Saving main model...
2025-12-12 00:31:29,592 - INFO -   Generating OOF Predictions (Streaming)...
2025-12-12 00:31:29,830 - INFO -   Saved CV preds to outputs/esm_seq_preds/ds2_train_esm_preds.csv
2025-12-12 00:31:30,095 - INFO -   Starting Test Inference...
2025-12-12 00:31:32,129 - INFO -     Inferring ds2 (Streaming)...
2025-12-12 00:31:32,429 - WARNING -     No predictions generated (missing embeddings?).
2025-12-12 00:31:32,430 - INFO - Processing ds3...
2025-12-12 00:31:38,301 - INFO -   Initializing streaming models...
2025-12-12 00:31:38,321 - INFO -   Training (Streaming Batches of 50)...
2025-12-12 00:31:38,859 - INFO -   Training complete. Saving main model...
2025-12-12 00:31:38,869 - INFO -   Generating OOF Predictions (Streaming)...
2025-12-12 00:31:39,160 - INFO -   Saved CV preds to outputs/esm_seq_preds/ds3_train_esm_preds.csv
2025-12-12 00:31:39,420 - INFO -   Starting Test Inference...
2025-12-12 00:31:41,260 - INFO -     Inferring ds3 (Streaming)...
2025-12-12 00:31:41,499 - WARNING -     No predictions generated (missing embeddings?).
2025-12-12 00:31:41,500 - INFO - Processing ds4...
2025-12-12 00:31:46,072 - INFO -   Initializing streaming models...
2025-12-12 00:31:46,073 - INFO -   Training (Streaming Batches of 50)...
2025-12-12 00:31:46,578 - INFO -   Training complete. Saving main model...
2025-12-12 00:31:46,587 - INFO -   Generating OOF Predictions (Streaming)...
2025-12-12 00:31:46,875 - INFO -   Saved CV preds to outputs/esm_seq_preds/ds4_train_esm_preds.csv
2025-12-12 00:31:47,133 - INFO -   Starting Test Inference...
2025-12-12 00:31:48,892 - INFO -     Inferring ds4 (Streaming)...
2025-12-12 00:31:49,156 - WARNING -     No predictions generated (missing embeddings?).
2025-12-12 00:31:49,157 - INFO - Processing ds5...
2025-12-12 00:31:55,615 - INFO -   Initializing streaming models...
2025-12-12 00:31:55,617 - INFO -   Training (Streaming Batches of 50)...
2025-12-12 00:31:56,149 - INFO -   Training complete. Saving main model...
2025-12-12 00:31:56,159 - INFO -   Generating OOF Predictions (Streaming)...
2025-12-12 00:31:56,417 - INFO -   Saved CV preds to outputs/esm_seq_preds/ds5_train_esm_preds.csv
2025-12-12 00:31:56,720 - INFO -   Starting Test Inference...
2025-12-12 00:32:00,278 - INFO -     Inferring ds5 (Streaming)...
2025-12-12 00:32:00,538 - WARNING -     No predictions generated (missing embeddings?).
2025-12-12 00:32:00,539 - INFO - Processing ds6...
2025-12-12 00:48:32,965 - INFO - Processing ds1...
2025-12-12 00:48:32,968 - INFO -   ✅ Training artifacts (Model + OOF Preds) exist for ds1. Skipping training.
2025-12-12 00:48:32,968 - INFO -   Starting Test Inference...
2025-12-12 00:48:32,969 - INFO -   Loading model for test inference...
2025-12-12 00:48:35,355 - INFO -     Inferring ds1 (Streaming)...
2025-12-12 00:53:32,256 - INFO - Processing ds1...
2025-12-12 00:53:32,262 - INFO -   ✅ Training artifacts (Model + OOF Preds) exist and are valid for ds1. Skipping training.
2025-12-12 00:53:32,262 - INFO -   Starting Test Inference...
2025-12-12 00:53:32,263 - INFO -   Loading model for test inference...
2025-12-12 00:53:34,658 - INFO -     Inferring ds1 (Streaming)...
2025-12-12 00:59:13,375 - INFO - Processing ds1...
2025-12-12 00:59:13,381 - WARNING -   ⚠️ Found existing model for ds1 but it is invalid/old (Model components not fitted: This StandardScaler instance is not fitted yet. Call 'fit' with appropriate arguments before using this estimator.). Retraining...
2025-12-12 00:59:16,624 - INFO -   Initializing streaming models...
2025-12-12 00:59:16,625 - INFO -   Training (Streaming Batches of 50)...
2025-12-12 01:02:21,263 - INFO - Processing ds1...
2025-12-12 01:02:21,270 - WARNING -   ⚠️ Found existing model for ds1 but it is invalid/old (Model components not fitted: This StandardScaler instance is not fitted yet. Call 'fit' with appropriate arguments before using this estimator.). Retraining...
2025-12-12 01:02:23,332 - INFO -   Initializing streaming models...
2025-12-12 01:02:23,333 - INFO -   Training (Streaming Batches of 50)...
2025-12-12 01:09:26,389 - INFO -   Training complete. Saving main model...
2025-12-12 01:09:26,428 - INFO -   Generating OOF Predictions (Streaming)...
2025-12-12 01:11:14,445 - INFO -   Saved CV preds to outputs/esm_seq_preds/ds1_train_esm_preds.csv
2025-12-12 01:11:14,652 - INFO -   Starting Test Inference...
2025-12-12 01:11:16,804 - INFO -     Inferring ds1 (Streaming)...
2025-12-12 01:14:21,726 - INFO -     Saved test preds to outputs/esm_seq_preds/ds1_test_esm_preds.csv
2025-12-12 01:14:21,728 - INFO - Processing ds2...
2025-12-12 01:14:21,737 - WARNING -   ⚠️ Found existing model for ds2 but it is invalid/old (Model components not fitted: This StandardScaler instance is not fitted yet. Call 'fit' with appropriate arguments before using this estimator.). Retraining...
2025-12-12 01:14:27,228 - INFO -   Initializing streaming models...
2025-12-12 01:14:27,229 - INFO -   Training (Streaming Batches of 50)...
2025-12-12 01:22:16,613 - INFO -   Training complete. Saving main model...
2025-12-12 01:22:16,629 - INFO -   Generating OOF Predictions (Streaming)...
2025-12-12 01:24:15,368 - INFO -   Saved CV preds to outputs/esm_seq_preds/ds2_train_esm_preds.csv
2025-12-12 01:24:15,597 - INFO -   Starting Test Inference...
2025-12-12 01:24:17,880 - INFO -     Inferring ds2 (Streaming)...
2025-12-12 01:26:48,031 - INFO -     Saved test preds to outputs/esm_seq_preds/ds2_test_esm_preds.csv
2025-12-12 01:26:48,032 - INFO - Processing ds3...
2025-12-12 01:26:48,063 - WARNING -   ⚠️ Found existing model for ds3 but it is invalid/old (Model components not fitted: This StandardScaler instance is not fitted yet. Call 'fit' with appropriate arguments before using this estimator.). Retraining...
2025-12-12 01:26:50,623 - INFO -   Initializing streaming models...
2025-12-12 01:26:50,624 - INFO -   Training (Streaming Batches of 50)...
2025-12-12 01:34:11,120 - INFO -   Training complete. Saving main model...
2025-12-12 01:34:11,132 - INFO -   Generating OOF Predictions (Streaming)...
2025-12-12 01:36:30,328 - INFO -   Saved CV preds to outputs/esm_seq_preds/ds3_train_esm_preds.csv
2025-12-12 01:36:30,570 - INFO -   Starting Test Inference...
2025-12-12 01:36:32,753 - INFO -     Inferring ds3 (Streaming)...
2025-12-12 01:40:08,569 - INFO -     Saved test preds to outputs/esm_seq_preds/ds3_test_esm_preds.csv
2025-12-12 01:40:08,570 - INFO - Processing ds4...
2025-12-12 01:40:08,576 - WARNING -   ⚠️ Found existing model for ds4 but it is invalid/old (Model components not fitted: This StandardScaler instance is not fitted yet. Call 'fit' with appropriate arguments before using this estimator.). Retraining...
2025-12-12 01:40:10,691 - INFO -   Initializing streaming models...
2025-12-12 01:40:10,692 - INFO -   Training (Streaming Batches of 50)...
2025-12-12 01:48:42,620 - INFO -   Training complete. Saving main model...
2025-12-12 01:48:42,641 - INFO -   Generating OOF Predictions (Streaming)...
2025-12-12 01:51:07,700 - INFO -   Saved CV preds to outputs/esm_seq_preds/ds4_train_esm_preds.csv
2025-12-12 01:51:07,972 - INFO -   Starting Test Inference...
2025-12-12 01:51:10,153 - INFO -     Inferring ds4 (Streaming)...
2025-12-12 01:54:37,235 - INFO -     Saved test preds to outputs/esm_seq_preds/ds4_test_esm_preds.csv
2025-12-12 01:54:37,236 - INFO - Processing ds5...
2025-12-12 01:54:37,242 - WARNING -   ⚠️ Found existing model for ds5 but it is invalid/old (Model components not fitted: This StandardScaler instance is not fitted yet. Call 'fit' with appropriate arguments before using this estimator.). Retraining...
2025-12-12 01:54:40,595 - INFO -   Initializing streaming models...
2025-12-12 01:54:40,596 - INFO -   Training (Streaming Batches of 50)...
2025-12-12 02:05:23,315 - INFO -   Training complete. Saving main model...
2025-12-12 02:05:23,438 - INFO -   Generating OOF Predictions (Streaming)...
2025-12-12 02:09:35,545 - INFO -   Saved CV preds to outputs/esm_seq_preds/ds5_train_esm_preds.csv
2025-12-12 02:09:36,084 - INFO -   Starting Test Inference...
2025-12-12 02:09:40,833 - INFO -     Inferring ds5 (Streaming)...
2025-12-12 02:14:32,037 - INFO -     Saved test preds to outputs/esm_seq_preds/ds5_test_esm_preds.csv
2025-12-12 02:14:32,038 - INFO - Processing ds6...
2025-12-12 02:14:37,314 - INFO -   Initializing streaming models...
2025-12-12 02:14:37,316 - INFO -   Training (Streaming Batches of 50)...
2025-12-12 02:29:28,472 - INFO -   Training complete. Saving main model...
2025-12-12 02:29:28,488 - INFO -   Generating OOF Predictions (Streaming)...
2025-12-12 02:34:04,155 - INFO -   Saved CV preds to outputs/esm_seq_preds/ds6_train_esm_preds.csv
2025-12-12 02:34:04,379 - INFO -   Starting Test Inference...
2025-12-12 02:34:06,761 - INFO -     Inferring ds6 (Streaming)...
2025-12-12 02:38:23,893 - INFO -     Saved test preds to outputs/esm_seq_preds/ds6_test_esm_preds.csv
2025-12-12 02:38:23,895 - INFO - Processing ds7...
2025-12-12 02:38:55,208 - INFO -   Initializing streaming models...
2025-12-12 02:38:55,217 - INFO -   Training (Streaming Batches of 50)...
2025-12-12 04:10:02,558 - INFO - Processing ds1...
2025-12-12 04:10:02,568 - INFO -   ✅ Training artifacts (Model + OOF Preds) exist and are valid for ds1. Skipping training.
2025-12-12 04:10:02,568 - INFO -   Starting Test Inference...
2025-12-12 04:10:02,569 - INFO -   Loading model for test inference...
2025-12-12 04:10:02,574 - INFO -     ✅ Test preds exist for ds1. Skipping.
2025-12-12 04:10:02,575 - INFO - Processing ds2...
2025-12-12 04:10:02,597 - INFO -   ✅ Training artifacts (Model + OOF Preds) exist and are valid for ds2. Skipping training.
2025-12-12 04:10:02,597 - INFO -   Starting Test Inference...
2025-12-12 04:10:02,598 - INFO -   Loading model for test inference...
2025-12-12 04:10:02,620 - INFO -     ✅ Test preds exist for ds2. Skipping.
2025-12-12 04:10:02,623 - INFO - Processing ds3...
2025-12-12 04:10:02,631 - INFO -   ✅ Training artifacts (Model + OOF Preds) exist and are valid for ds3. Skipping training.
2025-12-12 04:10:02,632 - INFO -   Starting Test Inference...
2025-12-12 04:10:02,632 - INFO -   Loading model for test inference...
2025-12-12 04:10:02,637 - INFO -     ✅ Test preds exist for ds3. Skipping.
2025-12-12 04:10:02,637 - INFO - Processing ds4...
2025-12-12 04:10:02,647 - INFO -   ✅ Training artifacts (Model + OOF Preds) exist and are valid for ds4. Skipping training.
2025-12-12 04:10:02,647 - INFO -   Starting Test Inference...
2025-12-12 04:10:02,648 - INFO -   Loading model for test inference...
2025-12-12 04:10:02,652 - INFO -     ✅ Test preds exist for ds4. Skipping.
2025-12-12 04:10:02,652 - INFO - Processing ds5...
2025-12-12 04:10:02,659 - INFO -   ✅ Training artifacts (Model + OOF Preds) exist and are valid for ds5. Skipping training.
2025-12-12 04:10:02,660 - INFO -   Starting Test Inference...
2025-12-12 04:10:02,660 - INFO -   Loading model for test inference...
2025-12-12 04:10:02,665 - INFO -     ✅ Test preds exist for ds5. Skipping.
2025-12-12 04:10:02,667 - INFO - Processing ds6...
2025-12-12 04:10:02,673 - INFO -   ✅ Training artifacts (Model + OOF Preds) exist and are valid for ds6. Skipping training.
2025-12-12 04:10:02,674 - INFO -   Starting Test Inference...
2025-12-12 04:10:02,674 - INFO -   Loading model for test inference...
2025-12-12 04:10:02,679 - INFO -     ✅ Test preds exist for ds6. Skipping.
2025-12-12 04:10:02,680 - INFO - Processing ds7...
2025-12-12 04:10:25,995 - INFO -   Initializing streaming models...
2025-12-12 04:10:25,997 - INFO -   Training (Streaming Batches of 50)...
2025-12-12 04:36:31,819 - INFO - Processing ds1...
2025-12-12 04:36:31,828 - INFO -   ✅ Training artifacts (Model + OOF Preds) exist and are valid for ds1. Skipping training.
2025-12-12 04:36:31,829 - INFO -   Starting Test Inference...
2025-12-12 04:36:31,829 - INFO -   Loading model for test inference...
2025-12-12 04:36:31,834 - INFO -     ✅ Test preds exist for ds1. Skipping.
2025-12-12 04:36:31,835 - INFO - Processing ds2...
2025-12-12 04:36:31,842 - INFO -   ✅ Training artifacts (Model + OOF Preds) exist and are valid for ds2. Skipping training.
2025-12-12 04:36:31,843 - INFO -   Starting Test Inference...
2025-12-12 04:36:31,843 - INFO -   Loading model for test inference...
2025-12-12 04:36:31,849 - INFO -     ✅ Test preds exist for ds2. Skipping.
2025-12-12 04:36:31,849 - INFO - Processing ds3...
2025-12-12 04:36:31,856 - INFO -   ✅ Training artifacts (Model + OOF Preds) exist and are valid for ds3. Skipping training.
2025-12-12 04:36:31,857 - INFO -   Starting Test Inference...
2025-12-12 04:36:31,858 - INFO -   Loading model for test inference...
2025-12-12 04:36:31,862 - INFO -     ✅ Test preds exist for ds3. Skipping.
2025-12-12 04:36:31,863 - INFO - Processing ds4...
2025-12-12 04:36:31,869 - INFO -   ✅ Training artifacts (Model + OOF Preds) exist and are valid for ds4. Skipping training.
2025-12-12 04:36:31,870 - INFO -   Starting Test Inference...
2025-12-12 04:36:31,870 - INFO -   Loading model for test inference...
2025-12-12 04:36:31,873 - INFO -     ✅ Test preds exist for ds4. Skipping.
2025-12-12 04:36:31,874 - INFO - Processing ds5...
2025-12-12 04:36:31,883 - INFO -   ✅ Training artifacts (Model + OOF Preds) exist and are valid for ds5. Skipping training.
2025-12-12 04:36:31,884 - INFO -   Starting Test Inference...
2025-12-12 04:36:31,884 - INFO -   Loading model for test inference...
2025-12-12 04:36:31,888 - INFO -     ✅ Test preds exist for ds5. Skipping.
2025-12-12 04:36:31,888 - INFO - Processing ds6...
2025-12-12 04:36:31,894 - INFO -   ✅ Training artifacts (Model + OOF Preds) exist and are valid for ds6. Skipping training.
2025-12-12 04:36:31,894 - INFO -   Starting Test Inference...
2025-12-12 04:36:31,895 - INFO -   Loading model for test inference...
2025-12-12 04:36:31,898 - INFO -     ✅ Test preds exist for ds6. Skipping.
2025-12-12 04:36:31,899 - INFO - Processing ds7...
2025-12-12 04:37:01,435 - INFO -   Initializing streaming models...
2025-12-12 04:37:01,436 - INFO -   Training (Streaming Batches of 50)...
2025-12-12 04:59:59,997 - INFO - Processing ds1...
2025-12-12 05:00:00,002 - INFO -   ✅ Training artifacts (Model + OOF Preds) exist and are valid for ds1. Skipping training.
2025-12-12 05:00:00,018 - INFO -   Starting Test Inference...
2025-12-12 05:00:00,021 - INFO -   Loading model for test inference...
2025-12-12 05:00:00,024 - INFO -     ✅ Test preds exist for ds1. Skipping.
2025-12-12 05:00:00,025 - INFO - Processing ds2...
2025-12-12 05:00:00,030 - INFO -   ✅ Training artifacts (Model + OOF Preds) exist and are valid for ds2. Skipping training.
2025-12-12 05:00:00,031 - INFO -   Starting Test Inference...
2025-12-12 05:00:00,031 - INFO -   Loading model for test inference...
2025-12-12 05:00:00,034 - INFO -     ✅ Test preds exist for ds2. Skipping.
2025-12-12 05:00:00,034 - INFO - Processing ds3...
2025-12-12 05:00:00,040 - INFO -   ✅ Training artifacts (Model + OOF Preds) exist and are valid for ds3. Skipping training.
2025-12-12 05:00:00,041 - INFO -   Starting Test Inference...
2025-12-12 05:00:00,041 - INFO -   Loading model for test inference...
2025-12-12 05:00:00,044 - INFO -     ✅ Test preds exist for ds3. Skipping.
2025-12-12 05:00:00,046 - INFO - Processing ds4...
2025-12-12 05:00:00,051 - INFO -   ✅ Training artifacts (Model + OOF Preds) exist and are valid for ds4. Skipping training.
2025-12-12 05:00:00,051 - INFO -   Starting Test Inference...
2025-12-12 05:00:00,052 - INFO -   Loading model for test inference...
2025-12-12 05:00:00,055 - INFO -     ✅ Test preds exist for ds4. Skipping.
2025-12-12 05:00:00,056 - INFO - Processing ds5...
2025-12-12 05:00:00,062 - INFO -   ✅ Training artifacts (Model + OOF Preds) exist and are valid for ds5. Skipping training.
2025-12-12 05:00:00,062 - INFO -   Starting Test Inference...
2025-12-12 05:00:00,063 - INFO -   Loading model for test inference...
2025-12-12 05:00:00,065 - INFO -     ✅ Test preds exist for ds5. Skipping.
2025-12-12 05:00:00,066 - INFO - Processing ds6...
2025-12-12 05:00:00,071 - INFO -   ✅ Training artifacts (Model + OOF Preds) exist and are valid for ds6. Skipping training.
2025-12-12 05:00:00,071 - INFO -   Starting Test Inference...
2025-12-12 05:00:00,072 - INFO -   Loading model for test inference...
2025-12-12 05:00:00,074 - INFO -     ✅ Test preds exist for ds6. Skipping.
2025-12-12 05:00:00,074 - INFO - Processing ds7...
2025-12-12 05:00:27,761 - INFO -   Initializing streaming models...
2025-12-12 05:00:27,762 - INFO -   Training (Streaming Batches of 5)...
2025-12-12 06:23:05,164 - INFO -   Training complete. Saving main model...
2025-12-12 06:23:05,235 - INFO -   Generating OOF Predictions (Streaming)...
2025-12-12 06:55:20,662 - INFO -   Saved CV preds to outputs/esm_seq_preds/ds7_train_esm_preds.csv
2025-12-12 06:55:22,816 - INFO -   Starting Test Inference...
2025-12-12 06:55:27,223 - INFO -     Inferring ds7_1 (Streaming)...
2025-12-12 07:01:15,533 - INFO -     Saved test preds to outputs/esm_seq_preds/ds7_1_test_esm_preds.csv
2025-12-12 07:01:19,391 - INFO -     Inferring ds7_2 (Streaming)...
2025-12-12 07:06:52,373 - INFO -     Saved test preds to outputs/esm_seq_preds/ds7_2_test_esm_preds.csv
2025-12-12 07:06:52,375 - INFO - Processing ds8...
2025-12-12 07:07:26,504 - INFO -   Initializing streaming models...
2025-12-12 07:07:26,516 - INFO -   Training (Streaming Batches of 5)...
2025-12-12 08:35:50,813 - INFO -   Training complete. Saving main model...
2025-12-12 08:35:50,828 - INFO -   Generating OOF Predictions (Streaming)...
2025-12-12 09:03:27,545 - INFO -   Saved CV preds to outputs/esm_seq_preds/ds8_train_esm_preds.csv
2025-12-12 09:03:29,335 - INFO -   Starting Test Inference...
2025-12-12 09:03:39,625 - INFO -     Inferring ds8_1 (Streaming)...
2025-12-12 09:15:24,529 - INFO -     Saved test preds to outputs/esm_seq_preds/ds8_1_test_esm_preds.csv
2025-12-12 09:15:33,659 - INFO -     Inferring ds8_2 (Streaming)...
2025-12-12 09:34:51,469 - INFO -     Saved test preds to outputs/esm_seq_preds/ds8_2_test_esm_preds.csv
2025-12-12 09:35:00,076 - INFO -     Inferring ds8_3 (Streaming)...
2025-12-12 09:52:17,846 - INFO -     Saved test preds to outputs/esm_seq_preds/ds8_3_test_esm_preds.csv
