2025-12-13 20:38:43,737 - INFO - Generating OOF Preds for ds1...
2025-12-13 20:44:34,633 - INFO -   🔄 Resuming ds1: Found 400 already processed.
2025-12-13 20:44:34,644 - INFO -   ✅ All items already processed for ds1.
2025-12-13 20:44:35,895 - INFO - Generating OOF Preds for ds2...
2025-12-13 21:04:59,434 - INFO - Generating OOF Preds for ds1...
2025-12-13 21:04:59,437 - INFO -   ⚠️ Force enabled: Deleting existing file outputs/esm_seq_preds/ds1_train_esm_preds.csv
2025-12-13 21:08:56,635 - INFO - Generating OOF Preds for ds1...
2025-12-13 21:09:01,789 - INFO -   Processing 400 remaining items for ds1...
2025-12-13 21:15:04,150 - INFO -   ✅ Completed OOF preds for ds1
2025-12-13 21:15:06,671 - INFO - Generating OOF Preds for ds2...
2025-12-13 21:15:06,677 - INFO -   ⚠️ Force enabled: Deleting existing file outputs/esm_seq_preds/ds2_train_esm_preds.csv
2025-12-13 21:15:10,898 - INFO -   Processing 400 remaining items for ds2...
2025-12-13 21:20:16,743 - INFO -   ✅ Completed OOF preds for ds2
2025-12-13 21:20:17,254 - INFO - Generating OOF Preds for ds3...
2025-12-13 21:20:17,259 - INFO -   ⚠️ Force enabled: Deleting existing file outputs/esm_seq_preds/ds3_train_esm_preds.csv
2025-12-13 21:20:19,385 - INFO -   Processing 400 remaining items for ds3...
2025-12-13 21:24:10,235 - INFO -   ✅ Completed OOF preds for ds3
2025-12-13 21:24:10,914 - INFO - Generating OOF Preds for ds4...
2025-12-13 21:24:10,921 - INFO -   ⚠️ Force enabled: Deleting existing file outputs/esm_seq_preds/ds4_train_esm_preds.csv
2025-12-13 21:24:13,585 - INFO -   Processing 400 remaining items for ds4...
2025-12-13 21:27:42,048 - INFO -   ✅ Completed OOF preds for ds4
2025-12-13 21:27:42,613 - INFO - Generating OOF Preds for ds5...
2025-12-13 21:27:42,621 - INFO -   ⚠️ Force enabled: Deleting existing file outputs/esm_seq_preds/ds5_train_esm_preds.csv
2025-12-13 21:27:45,167 - INFO -   Processing 400 remaining items for ds5...
2025-12-13 21:31:28,631 - INFO -   ✅ Completed OOF preds for ds5
2025-12-13 21:31:30,163 - INFO - Generating OOF Preds for ds6...
2025-12-13 21:31:30,169 - INFO -   ⚠️ Force enabled: Deleting existing file outputs/esm_seq_preds/ds6_train_esm_preds.csv
2025-12-13 21:31:32,732 - INFO -   Processing 400 remaining items for ds6...
2025-12-13 21:35:56,434 - INFO -   ✅ Completed OOF preds for ds6
2025-12-13 21:35:56,982 - INFO - Generating OOF Preds for ds7...
2025-12-13 21:35:56,986 - INFO -   ⚠️ Force enabled: Deleting existing file outputs/esm_seq_preds/ds7_train_esm_preds.csv
2025-12-13 21:36:21,929 - INFO -   Processing 302 remaining items for ds7...
2025-12-13 21:52:07,737 - INFO -   ✅ Completed OOF preds for ds7
2025-12-13 21:52:12,344 - INFO - Generating OOF Preds for ds8...
2025-12-13 21:52:12,351 - INFO -   ⚠️ Force enabled: Deleting existing file outputs/esm_seq_preds/ds8_train_esm_preds.csv
2025-12-13 21:52:37,454 - INFO -   Processing 908 remaining items for ds8...
2025-12-13 22:15:38,236 - INFO -   ✅ Completed OOF preds for ds8
2025-12-13 22:15:44,682 - INFO - Generating TEST Ensemble Preds for ds1...
2025-12-13 22:15:44,687 - INFO -   ⚠️ Force enabled: Deleting existing file outputs/esm_seq_preds/ds1_test_esm_preds.csv
2025-12-13 22:15:47,691 - INFO -   Processing 400 remaining items for ds1...
2025-12-13 22:25:46,192 - INFO -   ✅ Completed Ensemble preds for ds1
2025-12-13 22:25:46,745 - INFO - Generating TEST Ensemble Preds for ds2...
2025-12-13 22:25:46,749 - INFO -   ⚠️ Force enabled: Deleting existing file outputs/esm_seq_preds/ds2_test_esm_preds.csv
2025-12-13 22:25:49,560 - INFO -   Processing 400 remaining items for ds2...
2025-12-13 22:35:45,635 - INFO -   ✅ Completed Ensemble preds for ds2
2025-12-13 22:35:46,408 - INFO - Generating TEST Ensemble Preds for ds3...
2025-12-13 22:35:46,422 - INFO -   ⚠️ Force enabled: Deleting existing file outputs/esm_seq_preds/ds3_test_esm_preds.csv
2025-12-13 22:35:49,174 - INFO -   Processing 400 remaining items for ds3...
2025-12-13 22:45:07,628 - INFO -   ✅ Completed Ensemble preds for ds3
2025-12-13 22:45:08,657 - INFO - Generating TEST Ensemble Preds for ds4...
2025-12-13 22:45:08,664 - INFO -   ⚠️ Force enabled: Deleting existing file outputs/esm_seq_preds/ds4_test_esm_preds.csv
2025-12-13 22:45:11,189 - INFO -   Processing 400 remaining items for ds4...
2025-12-13 22:53:49,939 - INFO -   ✅ Completed Ensemble preds for ds4
2025-12-13 22:53:50,457 - INFO - Generating TEST Ensemble Preds for ds5...
2025-12-13 22:53:50,461 - INFO -   ⚠️ Force enabled: Deleting existing file outputs/esm_seq_preds/ds5_test_esm_preds.csv
2025-12-13 22:53:53,264 - INFO -   Processing 400 remaining items for ds5...
2025-12-13 23:02:22,833 - INFO -   ✅ Completed Ensemble preds for ds5
2025-12-13 23:02:23,340 - INFO - Generating TEST Ensemble Preds for ds6...
2025-12-13 23:02:23,345 - INFO -   ⚠️ Force enabled: Deleting existing file outputs/esm_seq_preds/ds6_test_esm_preds.csv
2025-12-13 23:02:26,157 - INFO -   Processing 400 remaining items for ds6...
2025-12-13 23:10:54,177 - INFO -   ✅ Completed Ensemble preds for ds6
2025-12-13 23:10:54,738 - INFO - Generating TEST Ensemble Preds for ds7_1...
2025-12-13 23:10:54,742 - INFO -   ⚠️ Force enabled: Deleting existing file outputs/esm_seq_preds/ds7_1_test_esm_preds.csv
2025-12-13 23:10:59,723 - INFO -   Processing 76 remaining items for ds7_1...
2025-12-13 23:17:31,536 - INFO -   ✅ Completed Ensemble preds for ds7_1
2025-12-13 23:17:32,833 - INFO - Generating TEST Ensemble Preds for ds7_2...
2025-12-13 23:17:32,839 - INFO -   ⚠️ Force enabled: Deleting existing file outputs/esm_seq_preds/ds7_2_test_esm_preds.csv
2025-12-13 23:17:36,725 - INFO -   Processing 100 remaining items for ds7_2...
2025-12-13 23:23:03,234 - INFO -   ✅ Completed Ensemble preds for ds7_2
2025-12-13 23:23:04,065 - INFO - Generating TEST Ensemble Preds for ds8_1...
2025-12-13 23:23:04,069 - INFO -   ⚠️ Force enabled: Deleting existing file outputs/esm_seq_preds/ds8_1_test_esm_preds.csv
2025-12-13 23:23:13,950 - INFO -   Processing 390 remaining items for ds8_1...
2025-12-13 23:39:41,639 - INFO -   ✅ Completed Ensemble preds for ds8_1
2025-12-13 23:39:43,327 - INFO - Generating TEST Ensemble Preds for ds8_2...
2025-12-13 23:39:43,336 - INFO -   ⚠️ Force enabled: Deleting existing file outputs/esm_seq_preds/ds8_2_test_esm_preds.csv
2025-12-13 23:39:54,194 - INFO -   Processing 857 remaining items for ds8_2...
2025-12-14 00:02:02,811 - INFO -   ✅ Completed Ensemble preds for ds8_2
2025-12-14 00:02:04,498 - INFO - Generating TEST Ensemble Preds for ds8_3...
2025-12-14 00:02:04,510 - INFO -   ⚠️ Force enabled: Deleting existing file outputs/esm_seq_preds/ds8_3_test_esm_preds.csv
2025-12-14 00:02:14,473 - INFO -   Processing 390 remaining items for ds8_3...
2025-12-14 00:19:38,533 - INFO -   ✅ Completed Ensemble preds for ds8_3
2025-12-17 04:32:06,855 - INFO - 🟣 Selected 650M Workflow
2025-12-17 04:32:06,856 - INFO - 🟣 Models: models/esm_seq_ensemble_650m
2025-12-17 04:32:06,857 - INFO - 🟣 Output: outputs/esm_seq_preds_650m
2025-12-17 04:32:06,857 - INFO - Generating OOF Preds for ds1...
2025-12-17 04:32:08,276 - ERROR -   ❌ Model fold 0 missing for ds1 at models/esm_seq_ensemble_650m/ds1_fold0.joblib
2025-12-17 04:32:08,437 - INFO - Generating OOF Preds for ds2...
2025-12-17 04:32:09,826 - ERROR -   ❌ Model fold 0 missing for ds2 at models/esm_seq_ensemble_650m/ds2_fold0.joblib
2025-12-17 04:32:09,996 - INFO - Generating OOF Preds for ds3...
2025-12-17 04:32:11,253 - ERROR -   ❌ Model fold 0 missing for ds3 at models/esm_seq_ensemble_650m/ds3_fold0.joblib
2025-12-17 04:32:11,405 - INFO - Generating OOF Preds for ds4...
2025-12-17 04:32:12,663 - ERROR -   ❌ Model fold 0 missing for ds4 at models/esm_seq_ensemble_650m/ds4_fold0.joblib
2025-12-17 04:32:12,819 - INFO - Generating OOF Preds for ds5...
2025-12-17 04:32:14,136 - ERROR -   ❌ Model fold 0 missing for ds5 at models/esm_seq_ensemble_650m/ds5_fold0.joblib
2025-12-17 04:32:14,292 - INFO - Generating OOF Preds for ds6...
2025-12-17 04:32:15,534 - ERROR -   ❌ Model fold 0 missing for ds6 at models/esm_seq_ensemble_650m/ds6_fold0.joblib
2025-12-17 04:32:15,684 - INFO - Generating OOF Preds for ds7...
2025-12-17 04:32:27,630 - ERROR -   ❌ Model fold 0 missing for ds7 at models/esm_seq_ensemble_650m/ds7_fold0.joblib
2025-12-17 04:32:29,365 - INFO - Generating OOF Preds for ds8...
2025-12-17 04:32:42,802 - ERROR -   ❌ Model fold 0 missing for ds8 at models/esm_seq_ensemble_650m/ds8_fold0.joblib
2025-12-17 04:32:44,291 - INFO - Generating TEST Ensemble Preds for ds1...
2025-12-17 04:32:45,388 - WARNING -   ⚠️ Model fold 0 missing for ds1. Ensemble incomplete.
2025-12-17 04:32:45,389 - WARNING -   ⚠️ Model fold 1 missing for ds1. Ensemble incomplete.
2025-12-17 04:32:45,390 - WARNING -   ⚠️ Model fold 2 missing for ds1. Ensemble incomplete.
2025-12-17 04:32:45,391 - WARNING -   ⚠️ Model fold 3 missing for ds1. Ensemble incomplete.
2025-12-17 04:32:45,391 - WARNING -   ⚠️ Model fold 4 missing for ds1. Ensemble incomplete.
2025-12-17 04:32:45,392 - ERROR -   ❌ No models found for ds1. Skipping ds1.
2025-12-17 04:32:45,504 - INFO - Generating TEST Ensemble Preds for ds2...
2025-12-17 04:32:46,563 - WARNING -   ⚠️ Model fold 0 missing for ds2. Ensemble incomplete.
2025-12-17 04:32:46,564 - WARNING -   ⚠️ Model fold 1 missing for ds2. Ensemble incomplete.
2025-12-17 04:32:46,565 - WARNING -   ⚠️ Model fold 2 missing for ds2. Ensemble incomplete.
2025-12-17 04:32:46,565 - WARNING -   ⚠️ Model fold 3 missing for ds2. Ensemble incomplete.
2025-12-17 04:32:46,566 - WARNING -   ⚠️ Model fold 4 missing for ds2. Ensemble incomplete.
2025-12-17 04:32:46,566 - ERROR -   ❌ No models found for ds2. Skipping ds2.
2025-12-17 04:32:46,682 - INFO - Generating TEST Ensemble Preds for ds3...
2025-12-17 04:32:47,829 - WARNING -   ⚠️ Model fold 0 missing for ds3. Ensemble incomplete.
2025-12-17 04:32:47,830 - WARNING -   ⚠️ Model fold 1 missing for ds3. Ensemble incomplete.
2025-12-17 04:32:47,831 - WARNING -   ⚠️ Model fold 2 missing for ds3. Ensemble incomplete.
2025-12-17 04:32:47,831 - WARNING -   ⚠️ Model fold 3 missing for ds3. Ensemble incomplete.
2025-12-17 04:32:47,832 - WARNING -   ⚠️ Model fold 4 missing for ds3. Ensemble incomplete.
2025-12-17 04:32:47,832 - ERROR -   ❌ No models found for ds3. Skipping ds3.
2025-12-17 04:32:47,944 - INFO - Generating TEST Ensemble Preds for ds4...
2025-12-17 04:32:49,010 - WARNING -   ⚠️ Model fold 0 missing for ds4. Ensemble incomplete.
2025-12-17 04:32:49,010 - WARNING -   ⚠️ Model fold 1 missing for ds4. Ensemble incomplete.
2025-12-17 04:32:49,011 - WARNING -   ⚠️ Model fold 2 missing for ds4. Ensemble incomplete.
2025-12-17 04:32:49,012 - WARNING -   ⚠️ Model fold 3 missing for ds4. Ensemble incomplete.
2025-12-17 04:32:49,012 - WARNING -   ⚠️ Model fold 4 missing for ds4. Ensemble incomplete.
2025-12-17 04:32:49,012 - ERROR -   ❌ No models found for ds4. Skipping ds4.
2025-12-17 04:32:49,131 - INFO - Generating TEST Ensemble Preds for ds5...
2025-12-17 04:32:50,214 - WARNING -   ⚠️ Model fold 0 missing for ds5. Ensemble incomplete.
2025-12-17 04:32:50,215 - WARNING -   ⚠️ Model fold 1 missing for ds5. Ensemble incomplete.
2025-12-17 04:32:50,216 - WARNING -   ⚠️ Model fold 2 missing for ds5. Ensemble incomplete.
2025-12-17 04:32:50,216 - WARNING -   ⚠️ Model fold 3 missing for ds5. Ensemble incomplete.
2025-12-17 04:32:50,217 - WARNING -   ⚠️ Model fold 4 missing for ds5. Ensemble incomplete.
2025-12-17 04:32:50,217 - ERROR -   ❌ No models found for ds5. Skipping ds5.
2025-12-17 04:32:50,336 - INFO - Generating TEST Ensemble Preds for ds6...
2025-12-17 04:32:51,383 - WARNING -   ⚠️ Model fold 0 missing for ds6. Ensemble incomplete.
2025-12-17 04:32:51,383 - WARNING -   ⚠️ Model fold 1 missing for ds6. Ensemble incomplete.
2025-12-17 04:32:51,384 - WARNING -   ⚠️ Model fold 2 missing for ds6. Ensemble incomplete.
2025-12-17 04:32:51,385 - WARNING -   ⚠️ Model fold 3 missing for ds6. Ensemble incomplete.
2025-12-17 04:32:51,386 - WARNING -   ⚠️ Model fold 4 missing for ds6. Ensemble incomplete.
2025-12-17 04:32:51,386 - ERROR -   ❌ No models found for ds6. Skipping ds6.
2025-12-17 04:32:51,500 - INFO - Generating TEST Ensemble Preds for ds7_1...
2025-12-17 04:32:54,267 - WARNING -   ⚠️ Model fold 0 missing for ds7. Ensemble incomplete.
2025-12-17 04:32:54,268 - WARNING -   ⚠️ Model fold 1 missing for ds7. Ensemble incomplete.
2025-12-17 04:32:54,269 - WARNING -   ⚠️ Model fold 2 missing for ds7. Ensemble incomplete.
2025-12-17 04:32:54,270 - WARNING -   ⚠️ Model fold 3 missing for ds7. Ensemble incomplete.
2025-12-17 04:32:54,271 - WARNING -   ⚠️ Model fold 4 missing for ds7. Ensemble incomplete.
2025-12-17 04:32:54,271 - ERROR -   ❌ No models found for ds7. Skipping ds7_1.
2025-12-17 04:32:54,647 - INFO - Generating TEST Ensemble Preds for ds7_2...
2025-12-17 04:32:56,598 - WARNING -   ⚠️ Model fold 0 missing for ds7. Ensemble incomplete.
2025-12-17 04:32:56,602 - WARNING -   ⚠️ Model fold 1 missing for ds7. Ensemble incomplete.
2025-12-17 04:32:56,603 - WARNING -   ⚠️ Model fold 2 missing for ds7. Ensemble incomplete.
2025-12-17 04:32:56,604 - WARNING -   ⚠️ Model fold 3 missing for ds7. Ensemble incomplete.
2025-12-17 04:32:56,605 - WARNING -   ⚠️ Model fold 4 missing for ds7. Ensemble incomplete.
2025-12-17 04:32:56,605 - ERROR -   ❌ No models found for ds7. Skipping ds7_2.
2025-12-17 04:32:56,868 - INFO - Generating TEST Ensemble Preds for ds8_1...
2025-12-17 04:33:02,956 - WARNING -   ⚠️ Model fold 0 missing for ds8. Ensemble incomplete.
2025-12-17 04:33:02,957 - WARNING -   ⚠️ Model fold 1 missing for ds8. Ensemble incomplete.
2025-12-17 04:33:02,957 - WARNING -   ⚠️ Model fold 2 missing for ds8. Ensemble incomplete.
2025-12-17 04:33:02,958 - WARNING -   ⚠️ Model fold 3 missing for ds8. Ensemble incomplete.
2025-12-17 04:33:02,959 - WARNING -   ⚠️ Model fold 4 missing for ds8. Ensemble incomplete.
2025-12-17 04:33:02,960 - ERROR -   ❌ No models found for ds8. Skipping ds8_1.
2025-12-17 04:33:03,545 - INFO - Generating TEST Ensemble Preds for ds8_2...
2025-12-17 04:33:09,176 - WARNING -   ⚠️ Model fold 0 missing for ds8. Ensemble incomplete.
2025-12-17 04:33:09,176 - WARNING -   ⚠️ Model fold 1 missing for ds8. Ensemble incomplete.
2025-12-17 04:33:09,177 - WARNING -   ⚠️ Model fold 2 missing for ds8. Ensemble incomplete.
2025-12-17 04:33:09,178 - WARNING -   ⚠️ Model fold 3 missing for ds8. Ensemble incomplete.
2025-12-17 04:33:09,179 - WARNING -   ⚠️ Model fold 4 missing for ds8. Ensemble incomplete.
2025-12-17 04:33:09,179 - ERROR -   ❌ No models found for ds8. Skipping ds8_2.
2025-12-17 04:33:09,741 - INFO - Generating TEST Ensemble Preds for ds8_3...
2025-12-17 04:33:15,452 - WARNING -   ⚠️ Model fold 0 missing for ds8. Ensemble incomplete.
2025-12-17 04:33:15,453 - WARNING -   ⚠️ Model fold 1 missing for ds8. Ensemble incomplete.
2025-12-17 04:33:15,454 - WARNING -   ⚠️ Model fold 2 missing for ds8. Ensemble incomplete.
2025-12-17 04:33:15,455 - WARNING -   ⚠️ Model fold 3 missing for ds8. Ensemble incomplete.
2025-12-17 04:33:15,456 - WARNING -   ⚠️ Model fold 4 missing for ds8. Ensemble incomplete.
2025-12-17 04:33:15,456 - ERROR -   ❌ No models found for ds8. Skipping ds8_3.
2025-12-17 04:49:15,238 - INFO - 🟣 Selected 650M Workflow
2025-12-17 04:49:15,239 - INFO - 🟣 Models: models/esm_seq_ensemble_650m
2025-12-17 04:49:15,239 - INFO - 🟣 Output: outputs/esm_seq_preds_650m
2025-12-17 04:49:15,240 - INFO - Generating OOF Preds for ds1...
2025-12-17 06:06:45,303 - INFO - 🟣 Selected 650M Workflow
2025-12-17 06:06:45,304 - INFO - 🟣 Models: models/esm_seq_ensemble_650m
2025-12-17 06:06:45,305 - INFO - 🟣 Output: outputs/esm_seq_preds_650m
2025-12-17 06:06:45,305 - INFO - Generating OOF Preds for ds1...
2025-12-17 06:06:46,922 - INFO -   Processing 400 remaining items for ds1...
2025-12-17 06:14:00,180 - INFO -   ✅ Completed OOF preds for ds1
2025-12-17 06:14:00,488 - INFO - Generating OOF Preds for ds2...
2025-12-17 06:14:02,177 - INFO -   Processing 400 remaining items for ds2...
2025-12-17 06:21:00,866 - INFO -   ✅ Completed OOF preds for ds2
2025-12-17 06:21:01,113 - INFO - Generating OOF Preds for ds3...
2025-12-17 06:21:02,712 - INFO -   Processing 400 remaining items for ds3...
2025-12-17 06:27:57,129 - INFO -   ✅ Completed OOF preds for ds3
2025-12-17 06:27:57,366 - INFO - Generating OOF Preds for ds4...
2025-12-17 06:27:59,233 - INFO -   Processing 400 remaining items for ds4...
2025-12-17 06:34:56,785 - INFO -   ✅ Completed OOF preds for ds4
2025-12-17 06:34:57,067 - INFO - Generating OOF Preds for ds5...
2025-12-17 06:34:58,579 - INFO -   Processing 400 remaining items for ds5...
2025-12-17 06:41:55,558 - INFO -   ✅ Completed OOF preds for ds5
2025-12-17 06:41:55,802 - INFO - Generating OOF Preds for ds6...
2025-12-17 06:41:57,539 - INFO -   Processing 400 remaining items for ds6...
2025-12-17 06:48:58,480 - INFO -   ✅ Completed OOF preds for ds6
2025-12-17 06:48:58,770 - INFO - Generating OOF Preds for ds7...
2025-12-17 06:49:15,679 - ERROR -   ❌ Model fold 0 missing for ds7 at models/esm_seq_ensemble_650m/ds7_fold0.joblib
2025-12-17 06:49:17,877 - INFO - Generating OOF Preds for ds8...
2025-12-18 09:02:29,042 - INFO - 🟣 Selected 650M Workflow
2025-12-18 09:02:29,045 - INFO - 🟣 Models: models/esm_seq_ensemble_650m
2025-12-18 09:02:29,046 - INFO - 🟣 Output: outputs/esm_seq_preds_650m
2025-12-18 09:02:29,047 - INFO - Generating OOF Preds for ds1...
2025-12-18 09:02:29,050 - INFO -   ⚠️ Force enabled: Deleting existing file outputs/esm_seq_preds_650m/ds1_train_esm_preds.csv
2025-12-18 09:02:30,897 - INFO -   Processing 400 remaining items for ds1...
2025-12-18 09:06:57,196 - INFO - 🟣 Selected 650M Workflow
2025-12-18 09:06:57,198 - INFO - 🟣 Models: models/esm_seq_ensemble_650m
2025-12-18 09:06:57,199 - INFO - 🟣 Output: outputs/esm_seq_preds_650m
2025-12-18 09:06:57,199 - INFO - Generating OOF Preds for ds1...
2025-12-18 09:06:57,205 - INFO -   ⚠️ Force enabled: Deleting existing file outputs/esm_seq_preds_650m/ds1_train_esm_preds.csv
2025-12-18 09:06:59,418 - INFO -   Processing 400 remaining items for ds1...
2025-12-18 09:13:39,908 - INFO -   ✅ Completed OOF preds for ds1
2025-12-18 09:13:40,211 - INFO - Generating OOF Preds for ds2...
2025-12-18 09:13:40,218 - INFO -   ⚠️ Force enabled: Deleting existing file outputs/esm_seq_preds_650m/ds2_train_esm_preds.csv
2025-12-18 09:13:42,716 - INFO -   Processing 400 remaining items for ds2...
2025-12-18 09:19:09,767 - INFO - 🟣 Selected 650M Workflow
2025-12-18 09:19:09,771 - INFO - 🟣 Models: models/esm_seq_ensemble_650m
2025-12-18 09:19:09,772 - INFO - 🟣 Output: outputs/esm_seq_preds_650m
2025-12-18 09:19:09,772 - INFO - Generating OOF Preds for ds1...
2025-12-18 09:19:09,776 - INFO -   ⚠️ Force enabled: Deleting existing file outputs/esm_seq_preds_650m/ds1_train_esm_preds.csv
2025-12-18 09:19:12,039 - INFO -   Processing 400 remaining items for ds1...
2025-12-18 09:26:25,676 - INFO -   ✅ Completed OOF preds for ds1
2025-12-18 09:26:25,957 - INFO - Generating OOF Preds for ds2...
2025-12-18 09:26:25,961 - INFO -   ⚠️ Force enabled: Deleting existing file outputs/esm_seq_preds_650m/ds2_train_esm_preds.csv
2025-12-18 09:26:28,162 - INFO -   Processing 400 remaining items for ds2...
2025-12-18 09:33:55,375 - INFO -   ✅ Completed OOF preds for ds2
2025-12-18 09:33:55,639 - INFO - Generating OOF Preds for ds3...
2025-12-18 09:33:55,644 - INFO -   ⚠️ Force enabled: Deleting existing file outputs/esm_seq_preds_650m/ds3_train_esm_preds.csv
2025-12-18 09:33:57,132 - INFO -   Processing 400 remaining items for ds3...
2025-12-18 09:41:10,988 - INFO -   ✅ Completed OOF preds for ds3
2025-12-18 09:41:11,279 - INFO - Generating OOF Preds for ds4...
2025-12-18 09:41:11,283 - INFO -   ⚠️ Force enabled: Deleting existing file outputs/esm_seq_preds_650m/ds4_train_esm_preds.csv
2025-12-18 09:41:14,163 - INFO -   Processing 400 remaining items for ds4...
2025-12-18 09:48:35,211 - INFO -   ✅ Completed OOF preds for ds4
2025-12-18 09:48:35,493 - INFO - Generating OOF Preds for ds5...
2025-12-18 09:48:35,497 - INFO -   ⚠️ Force enabled: Deleting existing file outputs/esm_seq_preds_650m/ds5_train_esm_preds.csv
2025-12-18 09:48:37,494 - INFO -   Processing 400 remaining items for ds5...
2025-12-18 09:55:55,588 - INFO -   ✅ Completed OOF preds for ds5
2025-12-18 09:55:55,896 - INFO - Generating OOF Preds for ds6...
2025-12-18 09:55:55,900 - INFO -   ⚠️ Force enabled: Deleting existing file outputs/esm_seq_preds_650m/ds6_train_esm_preds.csv
2025-12-18 09:55:58,181 - INFO -   Processing 400 remaining items for ds6...
2025-12-18 10:03:08,887 - INFO -   ✅ Completed OOF preds for ds6
2025-12-18 10:03:09,185 - INFO - Generating OOF Preds for ds7...
2025-12-18 10:03:31,009 - INFO -   Processing 302 remaining items for ds7...
2025-12-18 11:18:35,730 - INFO -   ✅ Completed OOF preds for ds7
2025-12-18 11:18:37,951 - INFO - Generating OOF Preds for ds8...
2025-12-18 11:18:57,617 - INFO -   Processing 908 remaining items for ds8...
2025-12-18 12:30:36,336 - INFO -   ✅ Completed OOF preds for ds8
2025-12-18 12:30:37,943 - INFO - Generating TEST Ensemble Preds for ds1...
2025-12-18 12:30:39,868 - INFO -   Processing 400 remaining items for ds1...
2025-12-18 12:58:51,920 - INFO -   ✅ Completed Ensemble preds for ds1
2025-12-18 12:58:52,176 - INFO - Generating TEST Ensemble Preds for ds2...
2025-12-18 12:58:54,241 - INFO -   Processing 400 remaining items for ds2...
2025-12-18 13:27:03,015 - INFO -   ✅ Completed Ensemble preds for ds2
2025-12-18 13:27:03,380 - INFO - Generating TEST Ensemble Preds for ds3...
2025-12-18 13:27:05,769 - INFO -   Processing 400 remaining items for ds3...
2025-12-18 13:55:23,507 - INFO -   ✅ Completed Ensemble preds for ds3
2025-12-18 13:55:23,855 - INFO - Generating TEST Ensemble Preds for ds4...
2025-12-18 13:55:26,330 - INFO -   Processing 400 remaining items for ds4...
2025-12-18 14:23:44,840 - INFO -   ✅ Completed Ensemble preds for ds4
2025-12-18 14:23:45,122 - INFO - Generating TEST Ensemble Preds for ds5...
2025-12-18 14:23:47,510 - INFO -   Processing 400 remaining items for ds5...
2025-12-18 14:52:33,816 - INFO -   ✅ Completed Ensemble preds for ds5
2025-12-18 14:52:34,108 - INFO - Generating TEST Ensemble Preds for ds6...
2025-12-18 14:52:36,679 - INFO -   Processing 400 remaining items for ds6...
2025-12-18 15:21:25,413 - INFO -   ✅ Completed Ensemble preds for ds6
2025-12-18 15:21:25,727 - INFO - Generating TEST Ensemble Preds for ds7_1...
2025-12-18 15:21:30,407 - INFO -   Processing 76 remaining items for ds7_1...
2025-12-18 16:29:10,388 - INFO -   ✅ Completed Ensemble preds for ds7_1
2025-12-18 16:29:10,809 - INFO - Generating TEST Ensemble Preds for ds7_2...
2025-12-18 16:29:13,816 - INFO -   Processing 100 remaining items for ds7_2...
2025-12-18 17:21:25,688 - INFO -   ✅ Completed Ensemble preds for ds7_2
2025-12-18 17:21:26,061 - INFO - Generating TEST Ensemble Preds for ds8_1...
2025-12-18 17:21:34,832 - INFO -   Processing 390 remaining items for ds8_1...
2025-12-18 19:17:46,074 - INFO -   ✅ Completed Ensemble preds for ds8_1
2025-12-18 19:17:46,819 - INFO - Generating TEST Ensemble Preds for ds8_2...
2025-12-18 19:17:55,406 - INFO -   Processing 857 remaining items for ds8_2...
2025-12-18 21:20:23,388 - INFO -   ✅ Completed Ensemble preds for ds8_2
2025-12-18 21:20:24,239 - INFO - Generating TEST Ensemble Preds for ds8_3...
2025-12-18 21:20:31,970 - INFO -   Processing 390 remaining items for ds8_3...
2025-12-18 23:30:09,048 - INFO -   ✅ Completed Ensemble preds for ds8_3
