2025-12-13 08:20:51,238 - INFO - 
Processing ds1...
2025-12-13 08:20:51,238 - INFO -   Loading train preds for ds1...
2025-12-13 08:20:51,253 - INFO -   Features: ['p_stats', 'p_esm', 'p_deeprc', 'p_cluster']
2025-12-13 08:20:51,266 - INFO -   Saved meta model to models/meta/ds1_meta_model.joblib
2025-12-13 08:20:51,266 - INFO -   Loading test preds for ds1...
2025-12-13 08:20:51,275 - INFO -   Saved part file to outputs/submission/parts/ds1_meta_pred.csv
2025-12-13 08:20:51,275 - INFO - 
Processing ds2...
2025-12-13 08:20:51,275 - INFO -   Loading train preds for ds2...
2025-12-13 08:20:51,279 - INFO -   Features: ['p_stats', 'p_esm', 'p_deeprc', 'p_cluster']
2025-12-13 08:20:51,281 - INFO -   Saved meta model to models/meta/ds2_meta_model.joblib
2025-12-13 08:20:51,281 - INFO -   Loading test preds for ds2...
2025-12-13 08:20:51,288 - INFO -   Saved part file to outputs/submission/parts/ds2_meta_pred.csv
2025-12-13 08:20:51,288 - INFO - 
Processing ds3...
2025-12-13 08:20:51,288 - INFO -   Loading train preds for ds3...
2025-12-13 08:20:51,292 - INFO -   Features: ['p_stats', 'p_esm', 'p_deeprc', 'p_cluster']
2025-12-13 08:20:51,294 - INFO -   Saved meta model to models/meta/ds3_meta_model.joblib
2025-12-13 08:20:51,294 - INFO -   Loading test preds for ds3...
2025-12-13 08:20:51,300 - INFO -   Saved part file to outputs/submission/parts/ds3_meta_pred.csv
2025-12-13 08:20:51,300 - INFO - 
Processing ds4...
2025-12-13 08:20:51,300 - INFO -   Loading train preds for ds4...
2025-12-13 08:20:51,304 - INFO -   Features: ['p_stats', 'p_esm', 'p_deeprc', 'p_cluster']
2025-12-13 08:20:51,305 - INFO -   Saved meta model to models/meta/ds4_meta_model.joblib
2025-12-13 08:20:51,305 - INFO -   Loading test preds for ds4...
2025-12-13 08:20:51,311 - INFO -   Saved part file to outputs/submission/parts/ds4_meta_pred.csv
2025-12-13 08:20:51,311 - INFO - 
Processing ds5...
2025-12-13 08:20:51,311 - INFO -   Loading train preds for ds5...
2025-12-13 08:20:51,316 - INFO -   Features: ['p_stats', 'p_esm', 'p_deeprc', 'p_cluster']
2025-12-13 08:20:51,318 - INFO -   Saved meta model to models/meta/ds5_meta_model.joblib
2025-12-13 08:20:51,318 - INFO -   Loading test preds for ds5...
2025-12-13 08:20:51,324 - INFO -   Saved part file to outputs/submission/parts/ds5_meta_pred.csv
2025-12-13 08:20:51,324 - INFO - 
Processing ds6...
2025-12-13 08:20:51,324 - INFO -   Loading train preds for ds6...
2025-12-13 08:20:51,328 - INFO -   Features: ['p_stats', 'p_esm', 'p_deeprc', 'p_cluster']
2025-12-13 08:20:51,330 - INFO -   Saved meta model to models/meta/ds6_meta_model.joblib
2025-12-13 08:20:51,330 - INFO -   Loading test preds for ds6...
2025-12-13 08:20:51,336 - INFO -   Saved part file to outputs/submission/parts/ds6_meta_pred.csv
2025-12-13 08:20:51,336 - INFO - 
Processing ds7_1...
2025-12-13 08:20:51,336 - INFO -   Loading train preds for ds7...
2025-12-13 08:20:51,340 - INFO -   Features: ['p_stats', 'p_esm', 'p_deeprc', 'p_cluster']
2025-12-13 08:20:51,342 - INFO -   Saved meta model to models/meta/ds7_meta_model.joblib
2025-12-13 08:20:51,342 - INFO -   Loading test preds for ds7_1...
2025-12-13 08:20:51,346 - INFO -   Saved part file to outputs/submission/parts/ds7_1_meta_pred.csv
2025-12-13 08:20:51,347 - INFO - 
Processing ds7_2...
2025-12-13 08:20:51,350 - INFO -   Loading test preds for ds7_2...
2025-12-13 08:20:51,355 - INFO -   Saved part file to outputs/submission/parts/ds7_2_meta_pred.csv
2025-12-13 08:20:51,355 - INFO - 
Processing ds8_1...
2025-12-13 08:20:51,355 - INFO -   Loading train preds for ds8...
2025-12-13 08:20:51,360 - INFO -   Features: ['p_stats', 'p_esm', 'p_deeprc', 'p_cluster']
2025-12-13 08:20:51,362 - INFO -   Saved meta model to models/meta/ds8_meta_model.joblib
2025-12-13 08:20:51,362 - INFO -   Loading test preds for ds8_1...
2025-12-13 08:20:51,368 - INFO -   Saved part file to outputs/submission/parts/ds8_1_meta_pred.csv
2025-12-13 08:20:51,368 - INFO - 
Processing ds8_2...
2025-12-13 08:20:51,372 - INFO -   Loading test preds for ds8_2...
2025-12-13 08:20:51,380 - INFO -   Saved part file to outputs/submission/parts/ds8_2_meta_pred.csv
2025-12-13 08:20:51,380 - INFO - 
Processing ds8_3...
2025-12-13 08:20:51,385 - INFO -   Loading test preds for ds8_3...
2025-12-13 08:20:51,391 - INFO -   Saved part file to outputs/submission/parts/ds8_3_meta_pred.csv
2025-12-13 08:20:51,396 - INFO - 
Saved submission to outputs/submission/submission.csv with 4213 rows.
2025-12-13 08:52:48,823 - INFO - Found 11 existing part files. These will be included in final submission.
2025-12-13 08:52:48,829 - INFO -   ✅ Part file exists for ds1. Skipping computation.
2025-12-13 08:52:48,833 - INFO -   ✅ Part file exists for ds1. Skipping computation.
2025-12-13 08:52:48,833 - INFO -   ✅ Part file exists for ds2. Skipping computation.
2025-12-13 08:52:48,834 - INFO -   ✅ Part file exists for ds2. Skipping computation.
2025-12-13 08:52:48,835 - INFO -   ✅ Part file exists for ds3. Skipping computation.
2025-12-13 08:52:48,836 - INFO -   ✅ Part file exists for ds3. Skipping computation.
2025-12-13 08:52:48,837 - INFO -   ✅ Part file exists for ds4. Skipping computation.
2025-12-13 08:52:48,837 - INFO -   ✅ Part file exists for ds4. Skipping computation.
2025-12-13 08:52:48,838 - INFO -   ✅ Part file exists for ds5. Skipping computation.
2025-12-13 08:52:48,839 - INFO -   ✅ Part file exists for ds5. Skipping computation.
2025-12-13 08:52:48,839 - INFO -   ✅ Part file exists for ds6. Skipping computation.
2025-12-13 08:52:48,840 - INFO -   ✅ Part file exists for ds6. Skipping computation.
2025-12-13 08:52:48,840 - INFO - 
Processing ds7...
2025-12-13 08:52:48,841 - INFO -   Loading predictions for ds7 (train)...
2025-12-13 08:52:48,850 - INFO -   Saved part file to outputs/submission/parts/ds7_meta_pred.csv
2025-12-13 08:52:48,851 - INFO -   ✅ Part file exists for ds7_1. Skipping computation.
2025-12-13 08:52:48,851 - INFO -   ✅ Part file exists for ds7_2. Skipping computation.
2025-12-13 08:52:48,852 - INFO - 
Processing ds8...
2025-12-13 08:52:48,852 - INFO -   Loading predictions for ds8 (train)...
2025-12-13 08:52:48,860 - INFO -   Saved part file to outputs/submission/parts/ds8_meta_pred.csv
2025-12-13 08:52:48,860 - INFO -   ✅ Part file exists for ds8_1. Skipping computation.
2025-12-13 08:52:48,861 - INFO -   ✅ Part file exists for ds8_2. Skipping computation.
2025-12-13 08:52:48,861 - INFO -   ✅ Part file exists for ds8_3. Skipping computation.
2025-12-13 08:52:48,872 - INFO - 
Saved submission to outputs/submission/submission.csv with 7823 rows.
2025-12-13 08:59:55,091 - INFO - 
Processing ds1 (test)...
2025-12-13 08:59:55,092 - INFO -   Loading predictions for ds1 (test)...
2025-12-13 08:59:55,104 - INFO -   Saved part file to outputs/submission/parts/ds1_test_meta_pred.csv
2025-12-13 08:59:55,104 - INFO - 
Processing ds1 (train)...
2025-12-13 08:59:55,105 - INFO -   Loading predictions for ds1 (train)...
2025-12-13 08:59:55,112 - INFO -   Saved part file to outputs/submission/parts/ds1_train_meta_pred.csv
2025-12-13 08:59:55,112 - INFO - 
Processing ds2 (test)...
2025-12-13 08:59:55,112 - INFO -   Loading predictions for ds2 (test)...
2025-12-13 08:59:55,118 - INFO -   Saved part file to outputs/submission/parts/ds2_test_meta_pred.csv
2025-12-13 08:59:55,118 - INFO - 
Processing ds2 (train)...
2025-12-13 08:59:55,119 - INFO -   Loading predictions for ds2 (train)...
2025-12-13 08:59:55,125 - INFO -   Saved part file to outputs/submission/parts/ds2_train_meta_pred.csv
2025-12-13 08:59:55,125 - INFO - 
Processing ds3 (test)...
2025-12-13 08:59:55,125 - INFO -   Loading predictions for ds3 (test)...
2025-12-13 08:59:55,131 - INFO -   Saved part file to outputs/submission/parts/ds3_test_meta_pred.csv
2025-12-13 08:59:55,131 - INFO - 
Processing ds3 (train)...
2025-12-13 08:59:55,131 - INFO -   Loading predictions for ds3 (train)...
2025-12-13 08:59:55,137 - INFO -   Saved part file to outputs/submission/parts/ds3_train_meta_pred.csv
2025-12-13 08:59:55,137 - INFO - 
Processing ds4 (test)...
2025-12-13 08:59:55,137 - INFO -   Loading predictions for ds4 (test)...
2025-12-13 08:59:55,143 - INFO -   Saved part file to outputs/submission/parts/ds4_test_meta_pred.csv
2025-12-13 08:59:55,143 - INFO - 
Processing ds4 (train)...
2025-12-13 08:59:55,144 - INFO -   Loading predictions for ds4 (train)...
2025-12-13 08:59:55,149 - INFO -   Saved part file to outputs/submission/parts/ds4_train_meta_pred.csv
2025-12-13 08:59:55,149 - INFO - 
Processing ds5 (test)...
2025-12-13 08:59:55,150 - INFO -   Loading predictions for ds5 (test)...
2025-12-13 08:59:55,156 - INFO -   Saved part file to outputs/submission/parts/ds5_test_meta_pred.csv
2025-12-13 08:59:55,156 - INFO - 
Processing ds5 (train)...
2025-12-13 08:59:55,156 - INFO -   Loading predictions for ds5 (train)...
2025-12-13 08:59:55,161 - INFO -   Saved part file to outputs/submission/parts/ds5_train_meta_pred.csv
2025-12-13 08:59:55,161 - INFO - 
Processing ds6 (test)...
2025-12-13 08:59:55,162 - INFO -   Loading predictions for ds6 (test)...
2025-12-13 08:59:55,168 - INFO -   Saved part file to outputs/submission/parts/ds6_test_meta_pred.csv
2025-12-13 08:59:55,168 - INFO - 
Processing ds6 (train)...
2025-12-13 08:59:55,168 - INFO -   Loading predictions for ds6 (train)...
2025-12-13 08:59:55,173 - INFO -   Saved part file to outputs/submission/parts/ds6_train_meta_pred.csv
2025-12-13 08:59:55,173 - INFO - 
Processing ds7 (train)...
2025-12-13 08:59:55,174 - INFO -   Loading predictions for ds7 (train)...
2025-12-13 08:59:55,179 - INFO -   Saved part file to outputs/submission/parts/ds7_train_meta_pred.csv
2025-12-13 08:59:55,179 - INFO - 
Processing ds7_1 (test)...
2025-12-13 08:59:55,180 - INFO -   Loading predictions for ds7_1 (test)...
2025-12-13 08:59:55,185 - INFO -   Saved part file to outputs/submission/parts/ds7_1_test_meta_pred.csv
2025-12-13 08:59:55,185 - INFO - 
Processing ds7_2 (test)...
2025-12-13 08:59:55,185 - INFO -   Loading predictions for ds7_2 (test)...
2025-12-13 08:59:55,190 - INFO -   Saved part file to outputs/submission/parts/ds7_2_test_meta_pred.csv
2025-12-13 08:59:55,190 - INFO - 
Processing ds8 (train)...
2025-12-13 08:59:55,190 - INFO -   Loading predictions for ds8 (train)...
2025-12-13 08:59:55,197 - INFO -   Saved part file to outputs/submission/parts/ds8_train_meta_pred.csv
2025-12-13 08:59:55,198 - INFO - 
Processing ds8_1 (test)...
2025-12-13 08:59:55,198 - INFO -   Loading predictions for ds8_1 (test)...
2025-12-13 08:59:55,204 - INFO -   Saved part file to outputs/submission/parts/ds8_1_test_meta_pred.csv
2025-12-13 08:59:55,204 - INFO - 
Processing ds8_2 (test)...
2025-12-13 08:59:55,204 - INFO -   Loading predictions for ds8_2 (test)...
2025-12-13 08:59:55,212 - INFO -   Saved part file to outputs/submission/parts/ds8_2_test_meta_pred.csv
2025-12-13 08:59:55,212 - INFO - 
Processing ds8_3 (test)...
2025-12-13 08:59:55,213 - INFO -   Loading predictions for ds8_3 (test)...
2025-12-13 08:59:55,219 - INFO -   Saved part file to outputs/submission/parts/ds8_3_test_meta_pred.csv
2025-12-13 08:59:55,229 - INFO - 
Saved submission to outputs/submission/submission.csv with 7823 rows.
2025-12-13 09:00:37,832 - INFO - 
Processing ds1 (test)...
2025-12-13 09:00:37,834 - INFO -   Loading predictions for ds1 (test)...
2025-12-13 09:00:37,858 - INFO -   Saved part file to outputs/submission/parts/ds1_test_meta_pred.csv
2025-12-13 09:00:37,858 - INFO - 
Processing ds1 (train)...
2025-12-13 09:00:37,858 - INFO -   Loading predictions for ds1 (train)...
2025-12-13 09:00:37,865 - INFO -   Saved part file to outputs/submission/parts/ds1_train_meta_pred.csv
2025-12-13 09:00:37,866 - INFO - 
Processing ds2 (test)...
2025-12-13 09:00:37,866 - INFO -   Loading predictions for ds2 (test)...
2025-12-13 09:00:37,873 - INFO -   Saved part file to outputs/submission/parts/ds2_test_meta_pred.csv
2025-12-13 09:00:37,873 - INFO - 
Processing ds2 (train)...
2025-12-13 09:00:37,874 - INFO -   Loading predictions for ds2 (train)...
2025-12-13 09:00:37,883 - INFO -   Saved part file to outputs/submission/parts/ds2_train_meta_pred.csv
2025-12-13 09:00:37,883 - INFO - 
Processing ds3 (test)...
2025-12-13 09:00:37,883 - INFO -   Loading predictions for ds3 (test)...
2025-12-13 09:00:37,891 - INFO -   Saved part file to outputs/submission/parts/ds3_test_meta_pred.csv
2025-12-13 09:00:37,892 - INFO - 
Processing ds3 (train)...
2025-12-13 09:00:37,892 - INFO -   Loading predictions for ds3 (train)...
2025-12-13 09:00:37,900 - INFO -   Saved part file to outputs/submission/parts/ds3_train_meta_pred.csv
2025-12-13 09:00:37,901 - INFO - 
Processing ds4 (test)...
2025-12-13 09:00:37,901 - INFO -   Loading predictions for ds4 (test)...
2025-12-13 09:00:37,911 - INFO -   Saved part file to outputs/submission/parts/ds4_test_meta_pred.csv
2025-12-13 09:00:37,911 - INFO - 
Processing ds4 (train)...
2025-12-13 09:00:37,912 - INFO -   Loading predictions for ds4 (train)...
2025-12-13 09:00:37,919 - INFO -   Saved part file to outputs/submission/parts/ds4_train_meta_pred.csv
2025-12-13 09:00:37,919 - INFO - 
Processing ds5 (test)...
2025-12-13 09:00:37,919 - INFO -   Loading predictions for ds5 (test)...
2025-12-13 09:00:37,927 - INFO -   Saved part file to outputs/submission/parts/ds5_test_meta_pred.csv
2025-12-13 09:00:37,927 - INFO - 
Processing ds5 (train)...
2025-12-13 09:00:37,927 - INFO -   Loading predictions for ds5 (train)...
2025-12-13 09:00:37,935 - INFO -   Saved part file to outputs/submission/parts/ds5_train_meta_pred.csv
2025-12-13 09:00:37,936 - INFO - 
Processing ds6 (test)...
2025-12-13 09:00:37,937 - INFO -   Loading predictions for ds6 (test)...
2025-12-13 09:00:37,944 - INFO -   Saved part file to outputs/submission/parts/ds6_test_meta_pred.csv
2025-12-13 09:00:37,944 - INFO - 
Processing ds6 (train)...
2025-12-13 09:00:37,945 - INFO -   Loading predictions for ds6 (train)...
2025-12-13 09:00:37,952 - INFO -   Saved part file to outputs/submission/parts/ds6_train_meta_pred.csv
2025-12-13 09:00:37,952 - INFO - 
Processing ds7 (train)...
2025-12-13 09:00:37,953 - INFO -   Loading predictions for ds7 (train)...
2025-12-13 09:00:37,959 - INFO -   Saved part file to outputs/submission/parts/ds7_train_meta_pred.csv
2025-12-13 09:00:37,960 - INFO - 
Processing ds7_1 (test)...
2025-12-13 09:00:37,960 - INFO -   Loading predictions for ds7_1 (test)...
2025-12-13 09:00:37,967 - INFO -   Saved part file to outputs/submission/parts/ds7_1_test_meta_pred.csv
2025-12-13 09:00:37,967 - INFO - 
Processing ds7_2 (test)...
2025-12-13 09:00:37,967 - INFO -   Loading predictions for ds7_2 (test)...
2025-12-13 09:00:37,974 - INFO -   Saved part file to outputs/submission/parts/ds7_2_test_meta_pred.csv
2025-12-13 09:00:37,975 - INFO - 
Processing ds8 (train)...
2025-12-13 09:00:37,975 - INFO -   Loading predictions for ds8 (train)...
2025-12-13 09:00:37,986 - INFO -   Saved part file to outputs/submission/parts/ds8_train_meta_pred.csv
2025-12-13 09:00:37,986 - INFO - 
Processing ds8_1 (test)...
2025-12-13 09:00:37,986 - INFO -   Loading predictions for ds8_1 (test)...
2025-12-13 09:00:37,994 - INFO -   Saved part file to outputs/submission/parts/ds8_1_test_meta_pred.csv
2025-12-13 09:00:37,994 - INFO - 
Processing ds8_2 (test)...
2025-12-13 09:00:37,995 - INFO -   Loading predictions for ds8_2 (test)...
2025-12-13 09:00:38,006 - INFO -   Saved part file to outputs/submission/parts/ds8_2_test_meta_pred.csv
2025-12-13 09:00:38,006 - INFO - 
Processing ds8_3 (test)...
2025-12-13 09:00:38,007 - INFO -   Loading predictions for ds8_3 (test)...
2025-12-13 09:00:38,013 - INFO -   Saved part file to outputs/submission/parts/ds8_3_test_meta_pred.csv
2025-12-13 09:00:38,023 - INFO - 
Saved submission to outputs/submission/submission.csv with 7823 rows.
2025-12-13 15:12:25,420 - WARNING -   Cleanup: Removing existing parts directory outputs/submission/parts to ensure fresh run.
2025-12-13 15:12:25,431 - INFO - 
Processing ds1 (test)...
2025-12-13 15:12:25,432 - INFO -   Meta model for ds1 not found. Loading train data to train it...
2025-12-13 15:12:25,477 - WARNING -   Warning: DeepRC file missing: outputs/deeprc_cv_preds/ds1_oof.csv
2025-12-13 15:12:25,487 - INFO -   Features: ['p_stats']
2025-12-13 15:12:25,893 - INFO -   Saved meta model to models/meta/ds1_meta_model.joblib
2025-12-13 15:12:25,893 - INFO -   Loading predictions for ds1 (test)...
2025-12-13 15:12:25,923 - WARNING -   Warning: DeepRC file missing: outputs/deeprc_cv_preds/ds1_test_deeprc_preds.csv
2025-12-13 15:12:25,955 - INFO -   Saved part file to outputs/submission/parts/ds1_test_meta_pred.csv
2025-12-13 15:12:25,957 - INFO - 
Processing ds1 (train)...
2025-12-13 15:12:25,962 - INFO -   Loading predictions for ds1 (train)...
2025-12-13 15:12:25,969 - WARNING -   Warning: DeepRC file missing: outputs/deeprc_cv_preds/ds1_oof.csv
2025-12-13 15:12:25,990 - INFO -   Saved part file to outputs/submission/parts/ds1_train_meta_pred.csv
2025-12-13 15:12:25,991 - INFO - 
Processing ds2 (test)...
2025-12-13 15:12:25,992 - INFO -   Meta model for ds2 not found. Loading train data to train it...
2025-12-13 15:12:26,019 - WARNING -   Warning: DeepRC file missing: outputs/deeprc_cv_preds/ds2_oof.csv
2025-12-13 15:12:26,027 - INFO -   Features: ['p_stats']
2025-12-13 15:12:26,071 - INFO -   Saved meta model to models/meta/ds2_meta_model.joblib
2025-12-13 15:12:26,072 - INFO -   Loading predictions for ds2 (test)...
2025-12-13 15:12:26,080 - WARNING -   Warning: DeepRC file missing: outputs/deeprc_cv_preds/ds2_test_deeprc_preds.csv
2025-12-13 15:12:26,100 - INFO -   Saved part file to outputs/submission/parts/ds2_test_meta_pred.csv
2025-12-13 15:12:26,118 - INFO - 
Processing ds2 (train)...
2025-12-13 15:12:26,124 - INFO -   Loading predictions for ds2 (train)...
2025-12-13 15:12:26,131 - WARNING -   Warning: DeepRC file missing: outputs/deeprc_cv_preds/ds2_oof.csv
2025-12-13 15:12:26,154 - INFO -   Saved part file to outputs/submission/parts/ds2_train_meta_pred.csv
2025-12-13 15:12:26,156 - INFO - 
Processing ds3 (test)...
2025-12-13 15:12:26,157 - INFO -   Meta model for ds3 not found. Loading train data to train it...
2025-12-13 15:12:26,165 - WARNING -   Warning: DeepRC file missing: outputs/deeprc_cv_preds/ds3_oof.csv
2025-12-13 15:12:26,172 - INFO -   Features: ['p_stats']
2025-12-13 15:12:26,233 - INFO -   Saved meta model to models/meta/ds3_meta_model.joblib
2025-12-13 15:12:26,234 - INFO -   Loading predictions for ds3 (test)...
2025-12-13 15:12:26,249 - WARNING -   Warning: DeepRC file missing: outputs/deeprc_cv_preds/ds3_test_deeprc_preds.csv
2025-12-13 15:12:26,274 - INFO -   Saved part file to outputs/submission/parts/ds3_test_meta_pred.csv
2025-12-13 15:12:26,276 - INFO - 
Processing ds3 (train)...
2025-12-13 15:12:26,281 - INFO -   Loading predictions for ds3 (train)...
2025-12-13 15:12:26,287 - WARNING -   Warning: DeepRC file missing: outputs/deeprc_cv_preds/ds3_oof.csv
2025-12-13 15:12:26,324 - INFO -   Saved part file to outputs/submission/parts/ds3_train_meta_pred.csv
2025-12-13 15:12:26,325 - INFO - 
Processing ds4 (test)...
2025-12-13 15:12:26,326 - INFO -   Meta model for ds4 not found. Loading train data to train it...
2025-12-13 15:12:26,340 - WARNING -   Warning: DeepRC file missing: outputs/deeprc_cv_preds/ds4_oof.csv
2025-12-13 15:12:26,346 - INFO -   Features: ['p_stats']
2025-12-13 15:12:26,381 - INFO -   Saved meta model to models/meta/ds4_meta_model.joblib
2025-12-13 15:12:26,382 - INFO -   Loading predictions for ds4 (test)...
2025-12-13 15:12:26,391 - WARNING -   Warning: DeepRC file missing: outputs/deeprc_cv_preds/ds4_test_deeprc_preds.csv
2025-12-13 15:12:26,426 - INFO -   Saved part file to outputs/submission/parts/ds4_test_meta_pred.csv
2025-12-13 15:12:26,428 - INFO - 
Processing ds4 (train)...
2025-12-13 15:12:26,434 - INFO -   Loading predictions for ds4 (train)...
2025-12-13 15:12:26,441 - WARNING -   Warning: DeepRC file missing: outputs/deeprc_cv_preds/ds4_oof.csv
2025-12-13 15:12:26,461 - INFO -   Saved part file to outputs/submission/parts/ds4_train_meta_pred.csv
2025-12-13 15:12:26,462 - INFO - 
Processing ds5 (test)...
2025-12-13 15:12:26,463 - INFO -   Meta model for ds5 not found. Loading train data to train it...
2025-12-13 15:12:26,472 - WARNING -   Warning: DeepRC file missing: outputs/deeprc_cv_preds/ds5_oof.csv
2025-12-13 15:12:26,478 - INFO -   Features: ['p_stats']
2025-12-13 15:12:26,533 - INFO -   Saved meta model to models/meta/ds5_meta_model.joblib
2025-12-13 15:12:26,538 - INFO -   Loading predictions for ds5 (test)...
2025-12-13 15:12:26,548 - WARNING -   Warning: DeepRC file missing: outputs/deeprc_cv_preds/ds5_test_deeprc_preds.csv
2025-12-13 15:12:26,571 - INFO -   Saved part file to outputs/submission/parts/ds5_test_meta_pred.csv
2025-12-13 15:12:26,572 - INFO - 
Processing ds5 (train)...
2025-12-13 15:12:26,578 - INFO -   Loading predictions for ds5 (train)...
2025-12-13 15:12:26,584 - WARNING -   Warning: DeepRC file missing: outputs/deeprc_cv_preds/ds5_oof.csv
2025-12-13 15:12:26,626 - INFO -   Saved part file to outputs/submission/parts/ds5_train_meta_pred.csv
2025-12-13 15:12:26,628 - INFO - 
Processing ds6 (test)...
2025-12-13 15:12:26,629 - INFO -   Meta model for ds6 not found. Loading train data to train it...
2025-12-13 15:12:26,639 - WARNING -   Warning: DeepRC file missing: outputs/deeprc_cv_preds/ds6_oof.csv
2025-12-13 15:12:26,646 - INFO -   Features: ['p_stats']
2025-12-13 15:12:26,689 - INFO -   Saved meta model to models/meta/ds6_meta_model.joblib
2025-12-13 15:12:26,690 - INFO -   Loading predictions for ds6 (test)...
2025-12-13 15:12:26,723 - WARNING -   Warning: DeepRC file missing: outputs/deeprc_cv_preds/ds6_test_deeprc_preds.csv
2025-12-13 15:12:26,744 - INFO -   Saved part file to outputs/submission/parts/ds6_test_meta_pred.csv
2025-12-13 15:12:26,745 - INFO - 
Processing ds6 (train)...
2025-12-13 15:12:26,751 - INFO -   Loading predictions for ds6 (train)...
2025-12-13 15:12:26,757 - WARNING -   Warning: DeepRC file missing: outputs/deeprc_cv_preds/ds6_oof.csv
2025-12-13 15:12:26,787 - INFO -   Saved part file to outputs/submission/parts/ds6_train_meta_pred.csv
2025-12-13 15:12:26,788 - INFO - 
Processing ds7 (train)...
2025-12-13 15:12:26,789 - INFO -   Meta model for ds7 not found. Loading train data to train it...
2025-12-13 15:12:26,797 - WARNING -   Warning: DeepRC file missing: outputs/deeprc_cv_preds/ds7_oof.csv
2025-12-13 15:12:26,820 - INFO -   Features: ['p_stats']
2025-12-13 15:12:26,860 - INFO -   Saved meta model to models/meta/ds7_meta_model.joblib
2025-12-13 15:12:26,861 - INFO -   Loading predictions for ds7 (train)...
2025-12-13 15:12:26,867 - WARNING -   Warning: DeepRC file missing: outputs/deeprc_cv_preds/ds7_oof.csv
2025-12-13 15:12:26,899 - INFO -   Saved part file to outputs/submission/parts/ds7_train_meta_pred.csv
2025-12-13 15:12:26,918 - INFO - 
Processing ds7_1 (test)...
2025-12-13 15:12:26,926 - INFO -   Loading predictions for ds7_1 (test)...
2025-12-13 15:12:26,934 - WARNING -   Warning: DeepRC file missing: outputs/deeprc_cv_preds/ds7_1_test_deeprc_preds.csv
2025-12-13 15:12:26,952 - INFO -   Saved part file to outputs/submission/parts/ds7_1_test_meta_pred.csv
2025-12-13 15:12:26,953 - INFO - 
Processing ds7_2 (test)...
2025-12-13 15:12:26,958 - INFO -   Loading predictions for ds7_2 (test)...
2025-12-13 15:12:26,964 - WARNING -   Warning: DeepRC file missing: outputs/deeprc_cv_preds/ds7_2_test_deeprc_preds.csv
2025-12-13 15:12:26,987 - INFO -   Saved part file to outputs/submission/parts/ds7_2_test_meta_pred.csv
2025-12-13 15:12:26,988 - INFO - 
Processing ds8 (train)...
2025-12-13 15:12:26,989 - INFO -   Meta model for ds8 not found. Loading train data to train it...
2025-12-13 15:12:27,000 - WARNING -   Warning: DeepRC file missing: outputs/deeprc_cv_preds/ds8_oof.csv
2025-12-13 15:12:27,027 - INFO -   Features: ['p_stats']
2025-12-13 15:12:27,070 - INFO -   Saved meta model to models/meta/ds8_meta_model.joblib
2025-12-13 15:12:27,071 - INFO -   Loading predictions for ds8 (train)...
2025-12-13 15:12:27,079 - WARNING -   Warning: DeepRC file missing: outputs/deeprc_cv_preds/ds8_oof.csv
2025-12-13 15:12:27,122 - INFO -   Saved part file to outputs/submission/parts/ds8_train_meta_pred.csv
2025-12-13 15:12:27,123 - INFO - 
Processing ds8_1 (test)...
2025-12-13 15:12:27,130 - INFO -   Loading predictions for ds8_1 (test)...
2025-12-13 15:12:27,142 - WARNING -   Warning: DeepRC file missing: outputs/deeprc_cv_preds/ds8_1_test_deeprc_preds.csv
2025-12-13 15:12:27,171 - INFO -   Saved part file to outputs/submission/parts/ds8_1_test_meta_pred.csv
2025-12-13 15:12:27,172 - INFO - 
Processing ds8_2 (test)...
2025-12-13 15:12:27,178 - INFO -   Loading predictions for ds8_2 (test)...
2025-12-13 15:12:27,181 - WARNING -   Warning: DeepRC file missing: outputs/deeprc_cv_preds/ds8_2_test_deeprc_preds.csv
2025-12-13 15:12:27,182 - WARNING -   No predictions found for ds8_2. Skipping.
2025-12-13 15:12:27,184 - INFO - 
Processing ds8_3 (test)...
2025-12-13 15:12:27,190 - INFO -   Loading predictions for ds8_3 (test)...
2025-12-13 15:12:27,192 - WARNING -   Warning: DeepRC file missing: outputs/deeprc_cv_preds/ds8_3_test_deeprc_preds.csv
2025-12-13 15:12:27,194 - WARNING -   No predictions found for ds8_3. Skipping.
2025-12-13 15:12:27,246 - INFO - 
Saved submission to outputs/submission/submission.csv with 6576 rows.
2025-12-13 15:53:23,937 - WARNING -   Cleanup: Removing existing parts directory outputs/submission/parts to ensure fresh run.
2025-12-13 15:53:23,962 - INFO - 
Processing ds1 (test)...
2025-12-13 15:53:24,303 - INFO -   Loading predictions for ds1 (test)...
2025-12-13 15:53:24,438 - INFO -   Saved part file to outputs/submission/parts/ds1_test_meta_pred.csv
2025-12-13 15:53:24,439 - INFO - 
Processing ds1 (train)...
2025-12-13 15:53:24,445 - INFO -   Loading predictions for ds1 (train)...
2025-12-13 15:53:24,490 - INFO -   Saved part file to outputs/submission/parts/ds1_train_meta_pred.csv
2025-12-13 15:53:24,491 - INFO - 
Processing ds2 (test)...
2025-12-13 15:53:24,497 - INFO -   Loading predictions for ds2 (test)...
2025-12-13 15:53:24,572 - INFO -   Saved part file to outputs/submission/parts/ds2_test_meta_pred.csv
2025-12-13 15:53:24,573 - INFO - 
Processing ds2 (train)...
2025-12-13 15:53:24,577 - INFO -   Loading predictions for ds2 (train)...
2025-12-13 15:53:24,640 - INFO -   Saved part file to outputs/submission/parts/ds2_train_meta_pred.csv
2025-12-13 15:53:24,642 - INFO - 
Processing ds3 (test)...
2025-12-13 15:53:24,648 - INFO -   Loading predictions for ds3 (test)...
2025-12-13 15:53:24,722 - INFO -   Saved part file to outputs/submission/parts/ds3_test_meta_pred.csv
2025-12-13 15:53:24,724 - INFO - 
Processing ds3 (train)...
2025-12-13 15:53:24,728 - INFO -   Loading predictions for ds3 (train)...
2025-12-13 15:53:24,777 - INFO -   Saved part file to outputs/submission/parts/ds3_train_meta_pred.csv
2025-12-13 15:53:24,778 - INFO - 
Processing ds4 (test)...
2025-12-13 15:53:24,784 - INFO -   Loading predictions for ds4 (test)...
2025-12-13 15:53:24,859 - INFO -   Saved part file to outputs/submission/parts/ds4_test_meta_pred.csv
2025-12-13 15:53:24,860 - INFO - 
Processing ds4 (train)...
2025-12-13 15:53:24,864 - INFO -   Loading predictions for ds4 (train)...
2025-12-13 15:53:24,926 - INFO -   Saved part file to outputs/submission/parts/ds4_train_meta_pred.csv
2025-12-13 15:53:24,927 - INFO - 
Processing ds5 (test)...
2025-12-13 15:53:24,933 - INFO -   Loading predictions for ds5 (test)...
2025-12-13 15:53:24,984 - INFO -   Saved part file to outputs/submission/parts/ds5_test_meta_pred.csv
2025-12-13 15:53:24,985 - INFO - 
Processing ds5 (train)...
2025-12-13 15:53:24,990 - INFO -   Loading predictions for ds5 (train)...
2025-12-13 15:53:25,059 - INFO -   Saved part file to outputs/submission/parts/ds5_train_meta_pred.csv
2025-12-13 15:53:25,060 - INFO - 
Processing ds6 (test)...
2025-12-13 15:53:25,068 - INFO -   Loading predictions for ds6 (test)...
2025-12-13 15:53:25,143 - INFO -   Saved part file to outputs/submission/parts/ds6_test_meta_pred.csv
2025-12-13 15:53:25,144 - INFO - 
Processing ds6 (train)...
2025-12-13 15:53:25,148 - INFO -   Loading predictions for ds6 (train)...
2025-12-13 15:53:25,192 - INFO -   Saved part file to outputs/submission/parts/ds6_train_meta_pred.csv
2025-12-13 15:53:25,193 - INFO - 
Processing ds7 (train)...
2025-12-13 15:53:25,200 - INFO -   Loading predictions for ds7 (train)...
2025-12-13 15:53:25,277 - INFO -   Saved part file to outputs/submission/parts/ds7_train_meta_pred.csv
2025-12-13 15:53:25,278 - INFO - 
Processing ds7_1 (test)...
2025-12-13 15:53:25,282 - INFO -   Loading predictions for ds7_1 (test)...
2025-12-13 15:53:25,343 - INFO -   Saved part file to outputs/submission/parts/ds7_1_test_meta_pred.csv
2025-12-13 15:53:25,344 - INFO - 
Processing ds7_2 (test)...
2025-12-13 15:53:25,348 - INFO -   Loading predictions for ds7_2 (test)...
2025-12-13 15:53:25,393 - INFO -   Saved part file to outputs/submission/parts/ds7_2_test_meta_pred.csv
2025-12-13 15:53:25,394 - INFO - 
Processing ds8 (train)...
2025-12-13 15:53:25,401 - INFO -   Loading predictions for ds8 (train)...
2025-12-13 15:53:25,480 - INFO -   Saved part file to outputs/submission/parts/ds8_train_meta_pred.csv
2025-12-13 15:53:25,482 - INFO - 
Processing ds8_1 (test)...
2025-12-13 15:53:25,485 - INFO -   Loading predictions for ds8_1 (test)...
2025-12-13 15:53:25,551 - INFO -   Saved part file to outputs/submission/parts/ds8_1_test_meta_pred.csv
2025-12-13 15:53:25,552 - INFO - 
Processing ds8_2 (test)...
2025-12-13 15:53:25,555 - INFO -   Loading predictions for ds8_2 (test)...
2025-12-13 15:53:25,646 - INFO -   Saved part file to outputs/submission/parts/ds8_2_test_meta_pred.csv
2025-12-13 15:53:25,647 - INFO - 
Processing ds8_3 (test)...
2025-12-13 15:53:25,651 - INFO -   Loading predictions for ds8_3 (test)...
2025-12-13 15:53:25,699 - INFO -   Saved part file to outputs/submission/parts/ds8_3_test_meta_pred.csv
2025-12-13 15:53:25,766 - INFO - 
Saved submission to outputs/submission/submission.csv with 7823 rows.
2025-12-14 01:05:57,672 - WARNING -   Cleanup: Removing existing parts directory outputs/submission/parts to ensure fresh run.
2025-12-14 01:05:57,698 - INFO - 
Processing ds1 (test)...
2025-12-14 01:05:58,073 - INFO -   Loading predictions for ds1 (test)...
2025-12-14 01:05:58,249 - INFO -   Saved part file to outputs/submission/parts/ds1_test_meta_pred.csv
2025-12-14 01:05:58,253 - INFO - 
Processing ds1 (train)...
2025-12-14 01:05:58,264 - INFO -   Loading predictions for ds1 (train)...
2025-12-14 01:05:58,369 - INFO -   Saved part file to outputs/submission/parts/ds1_train_meta_pred.csv
2025-12-14 01:05:58,372 - INFO - 
Processing ds2 (test)...
2025-12-14 01:05:58,384 - INFO -   Loading predictions for ds2 (test)...
2025-12-14 01:05:58,515 - INFO -   Saved part file to outputs/submission/parts/ds2_test_meta_pred.csv
2025-12-14 01:05:58,519 - INFO - 
Processing ds2 (train)...
2025-12-14 01:05:58,527 - INFO -   Loading predictions for ds2 (train)...
2025-12-14 01:05:58,627 - INFO -   Saved part file to outputs/submission/parts/ds2_train_meta_pred.csv
2025-12-14 01:05:58,629 - INFO - 
Processing ds3 (test)...
2025-12-14 01:05:58,649 - INFO -   Loading predictions for ds3 (test)...
2025-12-14 01:05:58,778 - INFO -   Saved part file to outputs/submission/parts/ds3_test_meta_pred.csv
2025-12-14 01:05:58,781 - INFO - 
Processing ds3 (train)...
2025-12-14 01:05:58,791 - INFO -   Loading predictions for ds3 (train)...
2025-12-14 01:05:58,899 - INFO -   Saved part file to outputs/submission/parts/ds3_train_meta_pred.csv
2025-12-14 01:05:58,915 - INFO - 
Processing ds4 (test)...
2025-12-14 01:05:58,927 - INFO -   Loading predictions for ds4 (test)...
2025-12-14 01:05:59,045 - INFO -   Saved part file to outputs/submission/parts/ds4_test_meta_pred.csv
2025-12-14 01:05:59,047 - INFO - 
Processing ds4 (train)...
2025-12-14 01:05:59,056 - INFO -   Loading predictions for ds4 (train)...
2025-12-14 01:05:59,172 - INFO -   Saved part file to outputs/submission/parts/ds4_train_meta_pred.csv
2025-12-14 01:05:59,175 - INFO - 
Processing ds5 (test)...
2025-12-14 01:05:59,186 - INFO -   Loading predictions for ds5 (test)...
2025-12-14 01:05:59,330 - INFO -   Saved part file to outputs/submission/parts/ds5_test_meta_pred.csv
2025-12-14 01:05:59,333 - INFO - 
Processing ds5 (train)...
2025-12-14 01:05:59,342 - INFO -   Loading predictions for ds5 (train)...
2025-12-14 01:05:59,472 - INFO -   Saved part file to outputs/submission/parts/ds5_train_meta_pred.csv
2025-12-14 01:05:59,475 - INFO - 
Processing ds6 (test)...
2025-12-14 01:05:59,494 - INFO -   Loading predictions for ds6 (test)...
2025-12-14 01:05:59,636 - INFO -   Saved part file to outputs/submission/parts/ds6_test_meta_pred.csv
2025-12-14 01:05:59,639 - INFO - 
Processing ds6 (train)...
2025-12-14 01:05:59,648 - INFO -   Loading predictions for ds6 (train)...
2025-12-14 01:05:59,762 - INFO -   Saved part file to outputs/submission/parts/ds6_train_meta_pred.csv
2025-12-14 01:05:59,765 - INFO - 
Processing ds7 (train)...
2025-12-14 01:05:59,780 - INFO -   Loading predictions for ds7 (train)...
2025-12-14 01:05:59,893 - INFO -   Saved part file to outputs/submission/parts/ds7_train_meta_pred.csv
2025-12-14 01:05:59,896 - INFO - 
Processing ds7_1 (test)...
2025-12-14 01:05:59,921 - INFO -   Loading predictions for ds7_1 (test)...
2025-12-14 01:06:00,040 - INFO -   Saved part file to outputs/submission/parts/ds7_1_test_meta_pred.csv
2025-12-14 01:06:00,043 - INFO - 
Processing ds7_2 (test)...
2025-12-14 01:06:00,052 - INFO -   Loading predictions for ds7_2 (test)...
2025-12-14 01:06:00,165 - INFO -   Saved part file to outputs/submission/parts/ds7_2_test_meta_pred.csv
2025-12-14 01:06:00,168 - INFO - 
Processing ds8 (train)...
2025-12-14 01:06:00,180 - INFO -   Loading predictions for ds8 (train)...
2025-12-14 01:06:00,317 - INFO -   Saved part file to outputs/submission/parts/ds8_train_meta_pred.csv
2025-12-14 01:06:00,320 - INFO - 
Processing ds8_1 (test)...
2025-12-14 01:06:00,329 - INFO -   Loading predictions for ds8_1 (test)...
2025-12-14 01:06:00,453 - INFO -   Saved part file to outputs/submission/parts/ds8_1_test_meta_pred.csv
2025-12-14 01:06:00,456 - INFO - 
Processing ds8_2 (test)...
2025-12-14 01:06:00,464 - INFO -   Loading predictions for ds8_2 (test)...
2025-12-14 01:06:00,581 - INFO -   Saved part file to outputs/submission/parts/ds8_2_test_meta_pred.csv
2025-12-14 01:06:00,583 - INFO - 
Processing ds8_3 (test)...
2025-12-14 01:06:00,592 - INFO -   Loading predictions for ds8_3 (test)...
2025-12-14 01:06:00,724 - INFO -   Saved part file to outputs/submission/parts/ds8_3_test_meta_pred.csv
2025-12-14 01:06:00,798 - INFO - 
Saved submission to outputs/submission/submission.csv with 7823 rows.
