2025-12-11 23:38:25,367 - INFO - --- Starting ds1 ---
2025-12-11 23:38:25,372 - INFO -   Loading repertoires from data/processed/ds1_train.pkl...
2025-12-11 23:38:28,471 - INFO -   Loaded 400 labeled repertoires.
2025-12-11 23:38:28,475 - INFO -   ✅ CV preds already exist.
2025-12-11 23:38:28,477 - INFO -   Training final model on full dataset...
2025-12-11 23:38:37,632 - INFO -   ✅ Saved final model to models/stats/ds1_stats_model.joblib
2025-12-11 23:38:37,633 - INFO - --- Starting ds2 ---
2025-12-11 23:38:37,637 - INFO -   Loading repertoires from data/processed/ds2_train.pkl...
2025-12-11 23:38:40,924 - INFO -   Loaded 400 labeled repertoires.
2025-12-11 23:38:40,926 - INFO -   ✅ CV preds already exist.
2025-12-11 23:38:40,928 - INFO -   Training final model on full dataset...
2025-12-11 23:38:49,645 - INFO -   ✅ Saved final model to models/stats/ds2_stats_model.joblib
2025-12-11 23:38:49,647 - INFO - --- Starting ds3 ---
2025-12-11 23:38:49,649 - INFO -   Loading repertoires from data/processed/ds3_train.pkl...
2025-12-11 23:38:52,220 - INFO -   Loaded 400 labeled repertoires.
2025-12-11 23:38:52,223 - INFO -   ✅ CV preds already exist.
2025-12-11 23:38:52,225 - INFO -   Training final model on full dataset...
2025-12-11 23:39:00,829 - INFO -   ✅ Saved final model to models/stats/ds3_stats_model.joblib
2025-12-11 23:39:00,832 - INFO - --- Starting ds4 ---
2025-12-11 23:39:00,834 - INFO -   Loading repertoires from data/processed/ds4_train.pkl...
2025-12-11 23:39:02,938 - INFO -   Loaded 400 labeled repertoires.
2025-12-11 23:39:02,940 - INFO -   ✅ CV preds already exist.
2025-12-11 23:39:02,942 - INFO -   Training final model on full dataset...
2025-12-11 23:39:11,739 - INFO -   ✅ Saved final model to models/stats/ds4_stats_model.joblib
2025-12-11 23:39:11,740 - INFO - --- Starting ds5 ---
2025-12-11 23:39:11,743 - INFO -   Loading repertoires from data/processed/ds5_train.pkl...
2025-12-11 23:39:14,516 - INFO -   Loaded 400 labeled repertoires.
2025-12-11 23:39:14,520 - INFO -   ✅ CV preds already exist.
2025-12-11 23:39:14,522 - INFO -   Training final model on full dataset...
2025-12-11 23:39:23,245 - INFO -   ✅ Saved final model to models/stats/ds5_stats_model.joblib
2025-12-11 23:39:23,246 - INFO - --- Starting ds6 ---
2025-12-11 23:39:23,249 - INFO -   Loading repertoires from data/processed/ds6_train.pkl...
2025-12-11 23:39:25,052 - INFO -   Loaded 400 labeled repertoires.
2025-12-11 23:39:25,054 - INFO -   ✅ CV preds already exist.
2025-12-11 23:39:25,055 - INFO -   Training final model on full dataset...
2025-12-11 23:39:33,645 - INFO -   ✅ Saved final model to models/stats/ds6_stats_model.joblib
2025-12-11 23:39:33,647 - INFO - --- Starting ds7 ---
2025-12-11 23:39:33,650 - INFO -   Loading repertoires from data/processed/ds7_train.pkl...
2025-12-11 23:39:59,765 - INFO -   Loaded 302 labeled repertoires.
2025-12-11 23:39:59,768 - INFO -   ✅ CV preds already exist.
2025-12-11 23:39:59,770 - INFO -   Training final model on full dataset...
2025-12-11 23:41:19,416 - INFO -   ✅ Saved final model to models/stats/ds7_stats_model.joblib
2025-12-11 23:41:19,418 - INFO - --- Starting ds8 ---
2025-12-11 23:41:19,421 - INFO -   Loading repertoires from data/processed/ds8_train.pkl...
2025-12-11 23:41:47,159 - INFO -   Loaded 908 labeled repertoires.
2025-12-11 23:41:47,162 - INFO -   ✅ CV preds already exist.
2025-12-11 23:41:47,163 - INFO -   Training final model on full dataset...
2025-12-11 23:43:06,280 - INFO -   ✅ Saved final model to models/stats/ds8_stats_model.joblib
2025-12-11 23:43:06,282 - INFO - 
--- Starting Inference on Test Sets ---
2025-12-11 23:43:06,283 - INFO - Inferring ds1...
2025-12-11 23:43:17,889 - INFO -   ✅ Saved test preds to outputs/stats_preds/ds1_test_stats_preds.csv
2025-12-11 23:43:17,889 - INFO - Inferring ds2...
2025-12-11 23:43:28,575 - INFO -   ✅ Saved test preds to outputs/stats_preds/ds2_test_stats_preds.csv
2025-12-11 23:43:28,576 - INFO - Inferring ds3...
2025-12-11 23:43:38,942 - INFO -   ✅ Saved test preds to outputs/stats_preds/ds3_test_stats_preds.csv
2025-12-11 23:43:38,944 - INFO - Inferring ds4...
2025-12-11 23:43:49,453 - INFO -   ✅ Saved test preds to outputs/stats_preds/ds4_test_stats_preds.csv
2025-12-11 23:43:49,454 - INFO - Inferring ds5...
2025-12-11 23:44:04,856 - INFO -   ✅ Saved test preds to outputs/stats_preds/ds5_test_stats_preds.csv
2025-12-11 23:44:04,857 - INFO - Inferring ds6...
2025-12-11 23:44:15,400 - INFO -   ✅ Saved test preds to outputs/stats_preds/ds6_test_stats_preds.csv
2025-12-11 23:44:15,419 - INFO - Inferring ds7_1...
2025-12-11 23:44:39,948 - INFO -   ✅ Saved test preds to outputs/stats_preds/ds7_1_test_stats_preds.csv
2025-12-11 23:44:39,948 - INFO - Inferring ds7_2...
2025-12-11 23:44:57,328 - INFO -   ✅ Saved test preds to outputs/stats_preds/ds7_2_test_stats_preds.csv
2025-12-11 23:44:57,329 - INFO - Inferring ds8_1...
2025-12-11 23:45:41,074 - INFO -   ✅ Saved test preds to outputs/stats_preds/ds8_1_test_stats_preds.csv
2025-12-11 23:45:41,075 - INFO - Inferring ds8_2...
2025-12-11 23:46:25,964 - INFO -   ✅ Saved test preds to outputs/stats_preds/ds8_2_test_stats_preds.csv
2025-12-11 23:46:25,965 - INFO - Inferring ds8_3...
2025-12-11 23:47:10,527 - INFO -   ✅ Saved test preds to outputs/stats_preds/ds8_3_test_stats_preds.csv
2025-12-11 23:47:10,528 - INFO - 🎉 All stats models processed.
2025-12-13 03:47:52,441 - INFO - --- Starting ds1 ---
2025-12-13 03:47:52,444 - INFO -   Loading repertoires from data/processed/ds1_train.pkl...
2025-12-13 03:47:57,101 - INFO -   Loaded 400 labeled repertoires.
2025-12-13 03:47:57,128 - INFO -   Generating CV predictions (5-fold)...
2025-12-13 03:48:06,337 - INFO -   ✅ Saved CV preds to outputs/stats_preds/ds1_train_stats_preds.csv
2025-12-13 03:48:06,339 - INFO -   ✅ Final model already exists.
2025-12-13 03:48:06,339 - INFO - --- Starting ds2 ---
2025-12-13 03:48:06,343 - INFO -   Loading repertoires from data/processed/ds2_train.pkl...
2025-12-13 03:48:10,015 - INFO -   Loaded 400 labeled repertoires.
2025-12-13 03:48:10,019 - INFO -   Generating CV predictions (5-fold)...
2025-12-13 03:48:18,658 - INFO -   ✅ Saved CV preds to outputs/stats_preds/ds2_train_stats_preds.csv
2025-12-13 03:48:18,659 - INFO -   ✅ Final model already exists.
2025-12-13 03:48:18,660 - INFO - --- Starting ds3 ---
2025-12-13 03:48:18,663 - INFO -   Loading repertoires from data/processed/ds3_train.pkl...
2025-12-13 03:48:20,790 - INFO -   Loaded 400 labeled repertoires.
2025-12-13 03:48:20,793 - INFO -   Generating CV predictions (5-fold)...
2025-12-13 03:48:29,281 - INFO -   ✅ Saved CV preds to outputs/stats_preds/ds3_train_stats_preds.csv
2025-12-13 03:48:29,283 - INFO -   ✅ Final model already exists.
2025-12-13 03:48:29,283 - INFO - --- Starting ds4 ---
2025-12-13 03:48:29,286 - INFO -   Loading repertoires from data/processed/ds4_train.pkl...
2025-12-13 03:48:31,555 - INFO -   Loaded 400 labeled repertoires.
2025-12-13 03:48:31,557 - INFO -   Generating CV predictions (5-fold)...
2025-12-13 03:48:40,127 - INFO -   ✅ Saved CV preds to outputs/stats_preds/ds4_train_stats_preds.csv
2025-12-13 03:48:40,128 - INFO -   ✅ Final model already exists.
2025-12-13 03:48:40,129 - INFO - --- Starting ds5 ---
2025-12-13 03:48:40,131 - INFO -   Loading repertoires from data/processed/ds5_train.pkl...
2025-12-13 03:48:42,450 - INFO -   Loaded 400 labeled repertoires.
2025-12-13 03:48:42,452 - INFO -   Generating CV predictions (5-fold)...
2025-12-13 03:48:51,026 - INFO -   ✅ Saved CV preds to outputs/stats_preds/ds5_train_stats_preds.csv
2025-12-13 03:48:51,028 - INFO -   ✅ Final model already exists.
2025-12-13 03:48:51,028 - INFO - --- Starting ds6 ---
2025-12-13 03:48:51,031 - INFO -   Loading repertoires from data/processed/ds6_train.pkl...
2025-12-13 03:48:53,278 - INFO -   Loaded 400 labeled repertoires.
2025-12-13 03:48:53,280 - INFO -   Generating CV predictions (5-fold)...
2025-12-13 03:49:01,773 - INFO -   ✅ Saved CV preds to outputs/stats_preds/ds6_train_stats_preds.csv
2025-12-13 03:49:01,776 - INFO -   ✅ Final model already exists.
2025-12-13 03:49:01,777 - INFO - --- Starting ds7 ---
2025-12-13 03:49:01,779 - INFO -   Loading repertoires from data/processed/ds7_train.pkl...
2025-12-13 03:49:21,890 - INFO -   Loaded 302 labeled repertoires.
2025-12-13 03:49:21,892 - INFO -   Generating CV predictions (5-fold)...
2025-12-13 03:50:41,178 - INFO -   ✅ Saved CV preds to outputs/stats_preds/ds7_train_stats_preds.csv
2025-12-13 03:50:41,180 - INFO -   ✅ Final model already exists.
2025-12-13 03:50:41,181 - INFO - --- Starting ds8 ---
2025-12-13 03:50:41,183 - INFO -   Loading repertoires from data/processed/ds8_train.pkl...
2025-12-13 03:51:09,310 - INFO -   Loaded 908 labeled repertoires.
2025-12-13 03:51:09,321 - INFO -   Generating CV predictions (5-fold)...
2025-12-13 03:52:28,527 - INFO -   ✅ Saved CV preds to outputs/stats_preds/ds8_train_stats_preds.csv
2025-12-13 03:52:28,530 - INFO -   ✅ Final model already exists.
2025-12-13 03:52:28,530 - INFO - 
--- Starting Inference on Test Sets ---
2025-12-13 03:52:28,531 - INFO - Inferring ds1...
2025-12-13 03:52:38,944 - INFO -   ✅ Saved test preds to outputs/stats_preds/ds1_test_stats_preds.csv
2025-12-13 03:52:38,945 - INFO - Inferring ds2...
2025-12-13 03:52:49,832 - INFO -   ✅ Saved test preds to outputs/stats_preds/ds2_test_stats_preds.csv
2025-12-13 03:52:49,832 - INFO - Inferring ds3...
2025-12-13 03:53:00,327 - INFO -   ✅ Saved test preds to outputs/stats_preds/ds3_test_stats_preds.csv
2025-12-13 03:53:00,328 - INFO - Inferring ds4...
2025-12-13 03:53:14,180 - INFO -   ✅ Saved test preds to outputs/stats_preds/ds4_test_stats_preds.csv
2025-12-13 03:53:14,180 - INFO - Inferring ds5...
2025-12-13 03:53:25,324 - INFO -   ✅ Saved test preds to outputs/stats_preds/ds5_test_stats_preds.csv
2025-12-13 03:53:25,325 - INFO - Inferring ds6...
2025-12-13 03:53:35,716 - INFO -   ✅ Saved test preds to outputs/stats_preds/ds6_test_stats_preds.csv
2025-12-13 03:53:35,719 - INFO - Inferring ds7_1...
2025-12-13 03:53:58,446 - INFO -   ✅ Saved test preds to outputs/stats_preds/ds7_1_test_stats_preds.csv
2025-12-13 03:53:58,447 - INFO - Inferring ds7_2...
2025-12-13 03:54:15,488 - INFO -   ✅ Saved test preds to outputs/stats_preds/ds7_2_test_stats_preds.csv
2025-12-13 03:54:15,489 - INFO - Inferring ds8_1...
2025-12-13 03:54:58,827 - INFO -   ✅ Saved test preds to outputs/stats_preds/ds8_1_test_stats_preds.csv
2025-12-13 03:54:58,828 - INFO - Inferring ds8_2...
