2025-12-12 16:56:46,548 - INFO - 
[Task 2] Processing ds1...
2025-12-12 16:56:46,552 - INFO -   Loading model from models/esm_seq/ds1_esm_seq_model.joblib...
2025-12-12 17:05:02,968 - INFO -   Saved rankings to outputs/task2_ranking/ds1_ranking.csv
2025-12-12 17:05:02,971 - INFO - 
[Task 2] Processing ds2...
2025-12-12 17:05:02,974 - INFO -   Loading model from models/esm_seq/ds2_esm_seq_model.joblib...
2025-12-12 17:12:13,174 - INFO -   Saved rankings to outputs/task2_ranking/ds2_ranking.csv
2025-12-12 17:12:13,178 - INFO - 
[Task 2] Processing ds3...
2025-12-12 17:12:13,181 - INFO -   Loading model from models/esm_seq/ds3_esm_seq_model.joblib...
2025-12-12 17:20:52,148 - INFO -   Saved rankings to outputs/task2_ranking/ds3_ranking.csv
2025-12-12 17:20:52,152 - INFO - 
[Task 2] Processing ds4...
2025-12-12 17:20:52,156 - INFO -   Loading model from models/esm_seq/ds4_esm_seq_model.joblib...
2025-12-12 17:30:22,514 - INFO -   Saved rankings to outputs/task2_ranking/ds4_ranking.csv
2025-12-12 17:30:22,518 - INFO - 
[Task 2] Processing ds5...
2025-12-12 17:30:22,522 - INFO -   Loading model from models/esm_seq/ds5_esm_seq_model.joblib...
2025-12-12 17:37:35,251 - INFO -   Saved rankings to outputs/task2_ranking/ds5_ranking.csv
2025-12-12 17:37:35,256 - INFO - 
[Task 2] Processing ds6...
2025-12-12 17:37:35,260 - INFO -   Loading model from models/esm_seq/ds6_esm_seq_model.joblib...
2025-12-12 17:45:01,261 - INFO -   Saved rankings to outputs/task2_ranking/ds6_ranking.csv
2025-12-12 17:45:01,266 - INFO - 
[Task 2] Processing ds7_1...
2025-12-12 17:45:01,270 - INFO -   Loading model from models/esm_seq/ds7_esm_seq_model.joblib...
2025-12-12 17:54:02,718 - INFO -   Saved rankings to outputs/task2_ranking/ds7_1_ranking.csv
2025-12-12 17:54:02,721 - INFO - 
[Task 2] Processing ds7_2...
2025-12-12 17:54:02,723 - INFO -   Loading model from models/esm_seq/ds7_esm_seq_model.joblib...
2025-12-12 18:02:51,099 - INFO -   Saved rankings to outputs/task2_ranking/ds7_2_ranking.csv
2025-12-12 18:02:51,120 - INFO - 
[Task 2] Processing ds8_1...
2025-12-12 18:02:51,123 - INFO -   Loading model from models/esm_seq/ds8_esm_seq_model.joblib...
2025-12-12 18:22:03,592 - INFO -   Saved rankings to outputs/task2_ranking/ds8_1_ranking.csv
2025-12-12 18:22:03,596 - INFO - 
[Task 2] Processing ds8_2...
2025-12-12 18:22:03,598 - INFO -   Loading model from models/esm_seq/ds8_esm_seq_model.joblib...
2025-12-12 18:40:23,382 - INFO -   Saved rankings to outputs/task2_ranking/ds8_2_ranking.csv
2025-12-12 18:40:23,385 - INFO - 
[Task 2] Processing ds8_3...
2025-12-12 18:40:23,388 - INFO -   Loading model from models/esm_seq/ds8_esm_seq_model.joblib...
2025-12-12 18:56:23,248 - INFO -   Saved rankings to outputs/task2_ranking/ds8_3_ranking.csv
2025-12-13 06:41:54,822 - INFO - 
[Task 2] Processing ds1...
2025-12-13 06:41:54,825 - INFO -   Loading model from models/esm_seq/ds1_esm_seq_model.joblib...
2025-12-13 06:46:27,626 - INFO - 
[Task 2] Processing ds1...
2025-12-13 06:46:27,628 - INFO -   Loading model from models/esm_seq/ds1_esm_seq_model.joblib...
2025-12-13 06:46:29,662 - INFO -   [Train Limit] Goal: 50,000 rows. Repertoires: 400. Using top_k=125 per rep.
2025-12-13 06:52:22,116 - INFO -   Saved rankings to outputs/task2_ranking/ds1_ranking.csv
2025-12-13 06:52:22,120 - INFO - 
[Task 2] Processing ds2...
2025-12-13 06:52:22,122 - INFO -   Loading model from models/esm_seq/ds2_esm_seq_model.joblib...
2025-12-13 06:52:25,168 - INFO -   [Train Limit] Goal: 50,000 rows. Repertoires: 400. Using top_k=125 per rep.
2025-12-13 06:56:43,152 - INFO -   Saved rankings to outputs/task2_ranking/ds2_ranking.csv
2025-12-13 06:56:43,155 - INFO - 
[Task 2] Processing ds3...
2025-12-13 06:56:43,157 - INFO -   Loading model from models/esm_seq/ds3_esm_seq_model.joblib...
2025-12-13 06:56:45,961 - INFO -   [Train Limit] Goal: 50,000 rows. Repertoires: 400. Using top_k=125 per rep.
2025-12-13 07:01:14,686 - INFO -   Saved rankings to outputs/task2_ranking/ds3_ranking.csv
2025-12-13 07:01:14,689 - INFO - 
[Task 2] Processing ds4...
2025-12-13 07:01:14,691 - INFO -   Loading model from models/esm_seq/ds4_esm_seq_model.joblib...
2025-12-13 07:01:17,400 - INFO -   [Train Limit] Goal: 50,000 rows. Repertoires: 400. Using top_k=125 per rep.
2025-12-13 07:07:06,327 - INFO -   Saved rankings to outputs/task2_ranking/ds4_ranking.csv
2025-12-13 07:07:06,331 - INFO - 
[Task 2] Processing ds5...
2025-12-13 07:07:06,333 - INFO -   Loading model from models/esm_seq/ds5_esm_seq_model.joblib...
2025-12-13 07:07:10,531 - INFO -   [Train Limit] Goal: 50,000 rows. Repertoires: 400. Using top_k=125 per rep.
2025-12-13 07:12:16,917 - INFO -   Saved rankings to outputs/task2_ranking/ds5_ranking.csv
2025-12-13 07:12:16,922 - INFO - 
[Task 2] Processing ds6...
2025-12-13 07:12:16,924 - INFO -   Loading model from models/esm_seq/ds6_esm_seq_model.joblib...
2025-12-13 07:12:20,094 - INFO -   [Train Limit] Goal: 50,000 rows. Repertoires: 400. Using top_k=125 per rep.
2025-12-13 07:17:22,018 - INFO -   Saved rankings to outputs/task2_ranking/ds6_ranking.csv
2025-12-13 07:17:22,022 - INFO - 
[Task 2] Processing ds7_1...
2025-12-13 07:17:22,023 - INFO -   Loading model from models/esm_seq/ds7_esm_seq_model.joblib...
2025-12-13 07:17:27,622 - INFO -   [Test Limit] Goal: 1 row per rep. Using top_k=1.
2025-12-13 07:21:50,185 - INFO -   Saved rankings to outputs/task2_ranking/ds7_1_ranking.csv
2025-12-13 07:21:50,190 - INFO - 
[Task 2] Processing ds7_2...
2025-12-13 07:21:50,194 - INFO -   Loading model from models/esm_seq/ds7_esm_seq_model.joblib...
2025-12-13 07:21:55,324 - INFO -   [Test Limit] Goal: 1 row per rep. Using top_k=1.
2025-12-13 07:25:13,942 - INFO -   Saved rankings to outputs/task2_ranking/ds7_2_ranking.csv
2025-12-13 07:25:13,944 - INFO - 
[Task 2] Processing ds8_1...
2025-12-13 07:25:13,946 - INFO -   Loading model from models/esm_seq/ds8_esm_seq_model.joblib...
2025-12-13 07:25:24,246 - INFO -   [Test Limit] Goal: 1 row per rep. Using top_k=1.
2025-12-13 07:34:20,849 - INFO -   Saved rankings to outputs/task2_ranking/ds8_1_ranking.csv
2025-12-13 07:34:20,852 - INFO - 
[Task 2] Processing ds8_2...
2025-12-13 07:34:20,853 - INFO -   Loading model from models/esm_seq/ds8_esm_seq_model.joblib...
2025-12-13 07:34:32,085 - INFO -   [Test Limit] Goal: 1 row per rep. Using top_k=1.
2025-12-13 07:45:41,184 - INFO -   Saved rankings to outputs/task2_ranking/ds8_2_ranking.csv
2025-12-13 07:45:41,187 - INFO - 
[Task 2] Processing ds8_3...
2025-12-13 07:45:41,188 - INFO -   Loading model from models/esm_seq/ds8_esm_seq_model.joblib...
2025-12-13 07:45:49,775 - INFO -   [Test Limit] Goal: 1 row per rep. Using top_k=1.
2025-12-13 07:53:19,298 - INFO -   Saved rankings to outputs/task2_ranking/ds8_3_ranking.csv
2025-12-13 07:53:19,300 - INFO - 
[Task 2] Processing ds1...
2025-12-13 07:53:19,318 - INFO -   Loading model from models/esm_seq/ds1_esm_seq_model.joblib...
2025-12-13 07:53:21,851 - INFO -   [Train Limit] Goal: 50,000 rows. Repertoires: 400. Using top_k=125 per rep.
2025-12-13 07:58:11,114 - INFO -   Saved rankings to outputs/task2_ranking/ds1_ranking.csv
2025-12-13 07:58:11,118 - INFO - 
[Task 2] Processing ds2...
2025-12-13 07:58:11,121 - INFO -   Loading model from models/esm_seq/ds2_esm_seq_model.joblib...
2025-12-13 07:58:13,731 - INFO -   [Train Limit] Goal: 50,000 rows. Repertoires: 400. Using top_k=125 per rep.
2025-12-13 08:03:54,652 - INFO -   Saved rankings to outputs/task2_ranking/ds2_ranking.csv
2025-12-13 08:03:54,655 - INFO - 
[Task 2] Processing ds3...
2025-12-13 08:03:54,657 - INFO -   Loading model from models/esm_seq/ds3_esm_seq_model.joblib...
2025-12-13 08:03:57,495 - INFO -   [Train Limit] Goal: 50,000 rows. Repertoires: 400. Using top_k=125 per rep.
2025-12-13 08:08:49,917 - INFO -   Saved rankings to outputs/task2_ranking/ds3_ranking.csv
2025-12-13 08:08:49,921 - INFO - 
[Task 2] Processing ds4...
2025-12-13 08:08:49,923 - INFO -   Loading model from models/esm_seq/ds4_esm_seq_model.joblib...
2025-12-13 08:08:52,584 - INFO -   [Train Limit] Goal: 50,000 rows. Repertoires: 400. Using top_k=125 per rep.
2025-12-13 08:13:11,743 - INFO -   Saved rankings to outputs/task2_ranking/ds4_ranking.csv
2025-12-13 08:13:11,748 - INFO - 
[Task 2] Processing ds5...
2025-12-13 08:13:11,752 - INFO -   Loading model from models/esm_seq/ds5_esm_seq_model.joblib...
2025-12-13 08:13:14,059 - INFO -   [Train Limit] Goal: 50,000 rows. Repertoires: 400. Using top_k=125 per rep.
2025-12-13 08:17:20,644 - INFO -   Saved rankings to outputs/task2_ranking/ds5_ranking.csv
2025-12-13 08:17:20,647 - INFO - 
[Task 2] Processing ds6...
2025-12-13 08:17:20,649 - INFO -   Loading model from models/esm_seq/ds6_esm_seq_model.joblib...
2025-12-13 08:17:23,272 - INFO -   [Train Limit] Goal: 50,000 rows. Repertoires: 400. Using top_k=125 per rep.
2025-12-13 08:22:00,669 - INFO -   Saved rankings to outputs/task2_ranking/ds6_ranking.csv
2025-12-13 08:22:00,672 - INFO - 
[Task 2] Processing ds7...
2025-12-13 08:22:00,674 - INFO -   Loading model from models/esm_seq/ds7_esm_seq_model.joblib...
2025-12-13 08:22:05,424 - INFO -   [Train Limit] Goal: 50,000 rows. Repertoires: 76. Using top_k=658 per rep.
2025-12-13 08:25:55,082 - INFO -   Saved rankings to outputs/task2_ranking/ds7_ranking.csv
2025-12-13 08:25:55,086 - INFO - 
[Task 2] Processing ds8...
2025-12-13 08:25:55,087 - INFO -   Loading model from models/esm_seq/ds8_esm_seq_model.joblib...
2025-12-13 08:26:03,969 - INFO -   [Train Limit] Goal: 50,000 rows. Repertoires: 390. Using top_k=129 per rep.
2025-12-13 08:34:10,450 - INFO -   trimmed 50310 -> 50000 rows (Exact 50k target).
2025-12-13 08:34:10,657 - INFO -   Saved rankings to outputs/task2_ranking/ds8_ranking.csv
2025-12-13 09:43:02,885 - INFO - 
[Task 2] Processing ds1 (test)...
2025-12-13 09:43:02,888 - INFO -   Loading model from models/esm_seq/ds1_esm_seq_model.joblib...
2025-12-13 09:43:05,075 - INFO -   Loaded 400 repertoires from ds1_test.pkl
2025-12-13 09:43:05,079 - INFO -   [Limit] Test: 1 per rep.
2025-12-13 09:47:05,874 - INFO -   Saved rankings to outputs/task2_ranking/ds1_test_ranking.csv
2025-12-13 09:47:05,876 - INFO - 
[Task 2] Processing ds2 (test)...
2025-12-13 09:47:05,877 - INFO -   Loading model from models/esm_seq/ds2_esm_seq_model.joblib...
2025-12-13 09:47:09,291 - INFO -   Loaded 400 repertoires from ds2_test.pkl
2025-12-13 09:47:09,296 - INFO -   [Limit] Test: 1 per rep.
2025-12-13 09:51:29,978 - INFO -   Saved rankings to outputs/task2_ranking/ds2_test_ranking.csv
2025-12-13 09:51:29,982 - INFO - 
[Task 2] Processing ds3 (test)...
2025-12-13 09:51:29,986 - INFO -   Loading model from models/esm_seq/ds3_esm_seq_model.joblib...
2025-12-13 09:51:33,223 - INFO -   Loaded 400 repertoires from ds3_test.pkl
2025-12-13 09:51:33,229 - INFO -   [Limit] Test: 1 per rep.
2025-12-13 09:55:30,142 - INFO -   Saved rankings to outputs/task2_ranking/ds3_test_ranking.csv
2025-12-13 09:55:30,144 - INFO - 
[Task 2] Processing ds4 (test)...
2025-12-13 09:55:30,147 - INFO -   Loading model from models/esm_seq/ds4_esm_seq_model.joblib...
2025-12-13 09:55:32,604 - INFO -   Loaded 400 repertoires from ds4_test.pkl
2025-12-13 09:55:32,623 - INFO -   [Limit] Test: 1 per rep.
2025-12-13 09:59:19,626 - INFO -   Saved rankings to outputs/task2_ranking/ds4_test_ranking.csv
2025-12-13 09:59:19,628 - INFO - 
[Task 2] Processing ds5 (test)...
2025-12-13 09:59:19,631 - INFO -   Loading model from models/esm_seq/ds5_esm_seq_model.joblib...
2025-12-13 09:59:21,917 - INFO -   Loaded 400 repertoires from ds5_test.pkl
2025-12-13 09:59:21,922 - INFO -   [Limit] Test: 1 per rep.
2025-12-13 10:04:15,856 - INFO -   Saved rankings to outputs/task2_ranking/ds5_test_ranking.csv
2025-12-13 10:04:15,858 - INFO - 
[Task 2] Processing ds6 (test)...
2025-12-13 10:04:15,861 - INFO -   Loading model from models/esm_seq/ds6_esm_seq_model.joblib...
2025-12-13 10:04:18,720 - INFO -   Loaded 400 repertoires from ds6_test.pkl
2025-12-13 10:04:18,726 - INFO -   [Limit] Test: 1 per rep.
2025-12-13 10:08:33,030 - INFO -   Saved rankings to outputs/task2_ranking/ds6_test_ranking.csv
2025-12-13 10:08:33,035 - INFO - 
[Task 2] Processing ds7_1 (test)...
2025-12-13 10:08:33,038 - INFO -   Loading model from models/esm_seq/ds7_esm_seq_model.joblib...
2025-12-13 10:08:38,857 - INFO -   Loaded 76 repertoires from ds7_1_test.pkl
2025-12-13 10:08:38,872 - INFO -   [Limit] Test: 1 per rep.
2025-12-13 10:12:32,355 - INFO -   Saved rankings to outputs/task2_ranking/ds7_1_test_ranking.csv
2025-12-13 10:12:32,357 - INFO - 
[Task 2] Processing ds7_2 (test)...
2025-12-13 10:12:32,358 - INFO -   Loading model from models/esm_seq/ds7_esm_seq_model.joblib...
2025-12-13 10:12:38,210 - INFO -   Loaded 100 repertoires from ds7_2_test.pkl
2025-12-13 10:12:38,221 - INFO -   [Limit] Test: 1 per rep.
2025-12-13 10:15:59,441 - INFO -   Saved rankings to outputs/task2_ranking/ds7_2_test_ranking.csv
2025-12-13 10:15:59,443 - INFO - 
[Task 2] Processing ds8_1 (test)...
2025-12-13 10:15:59,446 - INFO -   Loading model from models/esm_seq/ds8_esm_seq_model.joblib...
2025-12-13 10:16:09,575 - INFO -   Loaded 390 repertoires from ds8_1_test.pkl
2025-12-13 10:16:09,580 - INFO -   [Limit] Test: 1 per rep.
2025-12-13 10:26:11,878 - INFO -   Saved rankings to outputs/task2_ranking/ds8_1_test_ranking.csv
2025-12-13 10:26:11,881 - INFO - 
[Task 2] Processing ds8_2 (test)...
2025-12-13 10:26:11,882 - INFO -   Loading model from models/esm_seq/ds8_esm_seq_model.joblib...
2025-12-13 10:26:21,873 - INFO -   Loaded 857 repertoires from ds8_2_test.pkl
2025-12-13 10:26:21,878 - INFO -   [Limit] Test: 1 per rep.
2025-12-13 10:40:36,192 - INFO -   Saved rankings to outputs/task2_ranking/ds8_2_test_ranking.csv
2025-12-13 10:40:36,195 - INFO - 
[Task 2] Processing ds8_3 (test)...
2025-12-13 10:40:36,197 - INFO -   Loading model from models/esm_seq/ds8_esm_seq_model.joblib...
2025-12-13 10:40:46,282 - INFO -   Loaded 390 repertoires from ds8_3_test.pkl
2025-12-13 10:40:46,288 - INFO -   [Limit] Test: 1 per rep.
2025-12-13 10:49:50,621 - INFO -   Saved rankings to outputs/task2_ranking/ds8_3_test_ranking.csv
2025-12-13 10:49:50,625 - INFO - 
[Task 2] Processing ds1 (train)...
2025-12-13 10:49:50,627 - INFO -   Loading model from models/esm_seq/ds1_esm_seq_model.joblib...
2025-12-13 10:49:53,040 - INFO -   Loaded 400 repertoires from ds1_train.pkl
2025-12-13 10:49:53,053 - INFO -   [Limit] Train: 50k Goal. Using top_k=125 per rep.
2025-12-13 10:53:37,883 - INFO -   Saved rankings to outputs/task2_ranking/ds1_train_ranking.csv
2025-12-13 10:53:37,886 - INFO - 
[Task 2] Processing ds2 (train)...
2025-12-13 10:53:37,888 - INFO -   Loading model from models/esm_seq/ds2_esm_seq_model.joblib...
2025-12-13 10:53:39,887 - INFO -   Loaded 400 repertoires from ds2_train.pkl
2025-12-13 10:53:39,894 - INFO -   [Limit] Train: 50k Goal. Using top_k=125 per rep.
2025-12-13 10:57:55,236 - INFO -   Saved rankings to outputs/task2_ranking/ds2_train_ranking.csv
2025-12-13 10:57:55,239 - INFO - 
[Task 2] Processing ds3 (train)...
2025-12-13 10:57:55,241 - INFO -   Loading model from models/esm_seq/ds3_esm_seq_model.joblib...
2025-12-13 10:57:57,695 - INFO -   Loaded 400 repertoires from ds3_train.pkl
2025-12-13 10:57:57,718 - INFO -   [Limit] Train: 50k Goal. Using top_k=125 per rep.
2025-12-13 11:01:57,487 - INFO -   Saved rankings to outputs/task2_ranking/ds3_train_ranking.csv
2025-12-13 11:01:57,490 - INFO - 
[Task 2] Processing ds4 (train)...
2025-12-13 11:01:57,492 - INFO -   Loading model from models/esm_seq/ds4_esm_seq_model.joblib...
2025-12-13 11:01:59,765 - INFO -   Loaded 400 repertoires from ds4_train.pkl
2025-12-13 11:01:59,771 - INFO -   [Limit] Train: 50k Goal. Using top_k=125 per rep.
2025-12-13 11:05:47,019 - INFO -   Saved rankings to outputs/task2_ranking/ds4_train_ranking.csv
2025-12-13 11:05:47,023 - INFO - 
[Task 2] Processing ds5 (train)...
2025-12-13 11:05:47,025 - INFO -   Loading model from models/esm_seq/ds5_esm_seq_model.joblib...
2025-12-13 11:05:49,649 - INFO -   Loaded 400 repertoires from ds5_train.pkl
2025-12-13 11:05:49,656 - INFO -   [Limit] Train: 50k Goal. Using top_k=125 per rep.
2025-12-13 11:10:12,627 - INFO -   Saved rankings to outputs/task2_ranking/ds5_train_ranking.csv
2025-12-13 11:10:12,630 - INFO - 
[Task 2] Processing ds6 (train)...
2025-12-13 11:10:12,631 - INFO -   Loading model from models/esm_seq/ds6_esm_seq_model.joblib...
2025-12-13 11:10:14,801 - INFO -   Loaded 400 repertoires from ds6_train.pkl
2025-12-13 11:10:14,830 - INFO -   [Limit] Train: 50k Goal. Using top_k=125 per rep.
2025-12-13 11:14:54,815 - INFO -   Saved rankings to outputs/task2_ranking/ds6_train_ranking.csv
2025-12-13 11:14:54,818 - INFO - 
[Task 2] Processing ds7 (train)...
2025-12-13 11:14:54,821 - INFO -   Loading model from models/esm_seq/ds7_esm_seq_model.joblib...
2025-12-13 11:15:19,916 - INFO -   Loaded 302 repertoires from ds7_train.pkl
2025-12-13 11:15:19,924 - INFO -   [Limit] Train: 50k Goal. Using top_k=166 per rep.
2025-12-13 11:32:56,943 - INFO -   trimmed 50132 -> 50000 rows (Exact 50k target).
2025-12-13 11:32:57,136 - INFO -   Saved rankings to outputs/task2_ranking/ds7_train_ranking.csv
2025-12-13 11:32:57,138 - INFO - 
[Task 2] Processing ds8 (train)...
2025-12-13 11:32:57,140 - INFO -   Loading model from models/esm_seq/ds8_esm_seq_model.joblib...
2025-12-13 11:33:15,888 - INFO -   Loaded 908 repertoires from ds8_train.pkl
2025-12-13 11:33:15,894 - INFO -   [Limit] Train: 50k Goal. Using top_k=56 per rep.
2025-12-13 11:54:19,623 - INFO -   trimmed 50848 -> 50000 rows (Exact 50k target).
2025-12-13 11:54:19,825 - INFO -   Saved rankings to outputs/task2_ranking/ds8_train_ranking.csv
2025-12-13 17:45:45,830 - INFO -   ✅ Ranking file exists for ds1. Skipping.
2025-12-13 17:45:45,833 - INFO -   ✅ Ranking file exists for ds2. Skipping.
2025-12-13 17:45:45,835 - INFO -   ✅ Ranking file exists for ds3. Skipping.
2025-12-13 17:45:45,836 - INFO -   ✅ Ranking file exists for ds4. Skipping.
2025-12-13 17:45:45,838 - INFO -   ✅ Ranking file exists for ds5. Skipping.
2025-12-13 17:45:45,840 - INFO -   ✅ Ranking file exists for ds6. Skipping.
2025-12-13 17:45:45,842 - INFO -   ✅ Ranking file exists for ds7_1. Skipping.
2025-12-13 17:45:45,843 - INFO -   ✅ Ranking file exists for ds7_2. Skipping.
2025-12-13 17:45:45,845 - INFO -   ✅ Ranking file exists for ds8_1. Skipping.
2025-12-13 17:45:45,847 - INFO -   ✅ Ranking file exists for ds8_2. Skipping.
2025-12-13 17:45:45,848 - INFO -   ✅ Ranking file exists for ds8_3. Skipping.
2025-12-13 17:45:45,850 - INFO -   ✅ Ranking file exists for ds1. Skipping.
2025-12-13 17:45:45,852 - INFO -   ✅ Ranking file exists for ds2. Skipping.
2025-12-13 17:45:45,854 - INFO -   ✅ Ranking file exists for ds3. Skipping.
2025-12-13 17:45:45,856 - INFO -   ✅ Ranking file exists for ds4. Skipping.
2025-12-13 17:45:45,858 - INFO -   ✅ Ranking file exists for ds5. Skipping.
2025-12-13 17:45:45,859 - INFO -   ✅ Ranking file exists for ds6. Skipping.
2025-12-13 17:45:45,862 - INFO -   ✅ Ranking file exists for ds7. Skipping.
2025-12-13 17:45:45,864 - INFO -   ✅ Ranking file exists for ds8. Skipping.
2025-12-13 17:58:07,985 - INFO -   ✅ Ranking file exists for ds1. Skipping.
2025-12-13 17:58:07,988 - INFO -   ✅ Ranking file exists for ds2. Skipping.
2025-12-13 17:58:07,990 - INFO -   ✅ Ranking file exists for ds3. Skipping.
2025-12-13 17:58:07,992 - INFO -   ✅ Ranking file exists for ds4. Skipping.
2025-12-13 17:58:07,994 - INFO -   ✅ Ranking file exists for ds5. Skipping.
2025-12-13 17:58:07,995 - INFO -   ✅ Ranking file exists for ds6. Skipping.
2025-12-13 17:58:07,998 - INFO -   ✅ Ranking file exists for ds7_1. Skipping.
2025-12-13 17:58:08,000 - INFO -   ✅ Ranking file exists for ds7_2. Skipping.
2025-12-13 17:58:08,018 - INFO -   ✅ Ranking file exists for ds8_1. Skipping.
2025-12-13 17:58:08,021 - INFO -   ✅ Ranking file exists for ds8_2. Skipping.
2025-12-13 17:58:08,023 - INFO -   ✅ Ranking file exists for ds8_3. Skipping.
2025-12-13 17:58:08,025 - INFO -   ✅ Ranking file exists for ds1. Skipping.
2025-12-13 17:58:08,028 - INFO -   ✅ Ranking file exists for ds2. Skipping.
2025-12-13 17:58:08,031 - INFO -   ✅ Ranking file exists for ds3. Skipping.
2025-12-13 17:58:08,034 - INFO -   ✅ Ranking file exists for ds4. Skipping.
2025-12-13 17:58:08,038 - INFO -   ✅ Ranking file exists for ds5. Skipping.
2025-12-13 17:58:08,041 - INFO -   ✅ Ranking file exists for ds6. Skipping.
2025-12-13 17:58:08,044 - INFO -   ✅ Ranking file exists for ds7. Skipping.
2025-12-13 17:58:08,047 - INFO -   ✅ Ranking file exists for ds8. Skipping.
2025-12-13 18:00:42,635 - INFO - Arguments: Namespace(force=True)
2025-12-13 18:00:42,640 - INFO - 
[Task 2] Processing ds1 (test)...
2025-12-13 18:00:42,646 - INFO -   🚀 Found 5/5 Ensemble Folds for ds1! Using Ensemble.
2025-12-13 18:00:45,009 - INFO -   Loaded 400 repertoires. Ranking with 5 models...
2025-12-13 18:03:19,866 - INFO - Arguments: Namespace(force=True)
2025-12-13 18:03:19,873 - INFO - 
[Task 2] Processing ds1 (test)...
2025-12-13 18:03:19,881 - INFO -   🚀 Found 5/5 Ensemble Folds for ds1! Using Ensemble.
2025-12-13 18:03:22,035 - INFO -   Loaded 400 repertoires. Ranking with 5 models...
2025-12-13 18:03:22,045 - INFO -   [Limit] Test: 1 per rep.
2025-12-13 18:06:07,883 - INFO - Arguments: Namespace(force=True)
2025-12-13 18:06:07,888 - INFO - 
[Task 2] Processing ds1 (test)...
2025-12-13 18:06:07,895 - INFO -   🚀 Found 5/5 Ensemble Folds for ds1! Using Ensemble.
2025-12-13 18:06:09,973 - INFO -   Loaded 400 repertoires. Ranking with 5 models...
2025-12-13 18:06:09,983 - INFO -   [Limit] Test: 1 per rep.
2025-12-13 18:11:27,457 - INFO - Arguments: Namespace(force=True)
2025-12-13 18:11:27,462 - INFO - 
[Task 2] Processing ds1 (test)...
2025-12-13 18:11:27,468 - INFO -   🚀 Found 5/5 Ensemble Folds for ds1! Using Ensemble.
2025-12-13 18:11:29,486 - INFO -   Loaded 400 repertoires. Ranking with 5 models...
2025-12-13 18:11:29,496 - INFO -   [Limit] Test: 1 per rep.
2025-12-13 18:21:06,165 - INFO -   Saved rankings to outputs/task2_ranking/ds1_test_ranking.csv
2025-12-13 18:21:06,172 - INFO - 
[Task 2] Processing ds2 (test)...
2025-12-13 18:21:06,178 - INFO -   🚀 Found 5/5 Ensemble Folds for ds2! Using Ensemble.
2025-12-13 18:21:10,018 - INFO -   Loaded 400 repertoires. Ranking with 5 models...
2025-12-13 18:21:10,027 - INFO -   [Limit] Test: 1 per rep.
2025-12-13 18:30:35,349 - INFO -   Saved rankings to outputs/task2_ranking/ds2_test_ranking.csv
2025-12-13 18:30:35,355 - INFO - 
[Task 2] Processing ds3 (test)...
2025-12-13 18:30:35,363 - INFO -   🚀 Found 5/5 Ensemble Folds for ds3! Using Ensemble.
2025-12-13 18:30:37,467 - INFO -   Loaded 400 repertoires. Ranking with 5 models...
2025-12-13 18:30:37,482 - INFO -   [Limit] Test: 1 per rep.
2025-12-13 18:39:51,062 - INFO -   Saved rankings to outputs/task2_ranking/ds3_test_ranking.csv
2025-12-13 18:39:51,067 - INFO - 
[Task 2] Processing ds4 (test)...
2025-12-13 18:39:51,073 - INFO -   🚀 Found 5/5 Ensemble Folds for ds4! Using Ensemble.
2025-12-13 18:39:53,759 - INFO -   Loaded 400 repertoires. Ranking with 5 models...
2025-12-13 18:39:53,766 - INFO -   [Limit] Test: 1 per rep.
2025-12-13 18:49:16,715 - INFO -   Saved rankings to outputs/task2_ranking/ds4_test_ranking.csv
2025-12-13 18:49:16,721 - INFO - 
[Task 2] Processing ds5 (test)...
2025-12-13 18:49:16,727 - INFO -   🚀 Found 5/5 Ensemble Folds for ds5! Using Ensemble.
2025-12-13 18:49:18,987 - INFO -   Loaded 400 repertoires. Ranking with 5 models...
2025-12-13 18:49:18,995 - INFO -   [Limit] Test: 1 per rep.
2025-12-13 19:00:26,855 - INFO -   Saved rankings to outputs/task2_ranking/ds5_test_ranking.csv
2025-12-13 19:00:26,860 - INFO - 
[Task 2] Processing ds6 (test)...
2025-12-13 19:00:26,865 - INFO -   🚀 Found 5/5 Ensemble Folds for ds6! Using Ensemble.
2025-12-13 19:00:30,131 - INFO -   Loaded 400 repertoires. Ranking with 5 models...
2025-12-13 19:00:30,140 - INFO -   [Limit] Test: 1 per rep.
2025-12-13 19:11:28,458 - INFO -   Saved rankings to outputs/task2_ranking/ds6_test_ranking.csv
2025-12-13 19:11:28,463 - INFO - 
[Task 2] Processing ds7_1 (test)...
2025-12-13 19:11:28,469 - INFO -   🚀 Found 5/5 Ensemble Folds for ds7! Using Ensemble.
2025-12-13 19:11:34,559 - INFO -   Loaded 76 repertoires. Ranking with 5 models...
2025-12-13 19:11:34,568 - INFO -   [Limit] Test: 1 per rep.
2025-12-13 19:18:04,962 - INFO -   Saved rankings to outputs/task2_ranking/ds7_1_test_ranking.csv
2025-12-13 19:18:04,967 - INFO - 
[Task 2] Processing ds7_2 (test)...
2025-12-13 19:18:04,973 - INFO -   🚀 Found 5/5 Ensemble Folds for ds7! Using Ensemble.
2025-12-13 19:18:09,228 - INFO -   Loaded 100 repertoires. Ranking with 5 models...
2025-12-13 19:18:09,238 - INFO -   [Limit] Test: 1 per rep.
2025-12-13 19:23:41,140 - INFO -   Saved rankings to outputs/task2_ranking/ds7_2_test_ranking.csv
2025-12-13 19:23:41,147 - INFO - 
[Task 2] Processing ds8_1 (test)...
2025-12-13 19:23:41,153 - INFO -   🚀 Found 5/5 Ensemble Folds for ds8! Using Ensemble.
2025-12-13 19:23:49,699 - INFO -   Loaded 390 repertoires. Ranking with 5 models...
2025-12-13 19:23:49,723 - INFO -   [Limit] Test: 1 per rep.
2025-12-13 19:43:09,376 - INFO -   Saved rankings to outputs/task2_ranking/ds8_1_test_ranking.csv
2025-12-13 19:43:09,382 - INFO - 
[Task 2] Processing ds8_2 (test)...
2025-12-13 19:43:09,391 - INFO -   🚀 Found 5/5 Ensemble Folds for ds8! Using Ensemble.
2025-12-13 19:43:18,851 - INFO -   Loaded 857 repertoires. Ranking with 5 models...
2025-12-13 19:43:18,858 - INFO -   [Limit] Test: 1 per rep.
2025-12-13 20:07:06,032 - INFO -   Saved rankings to outputs/task2_ranking/ds8_2_test_ranking.csv
2025-12-13 20:07:06,037 - INFO - 
[Task 2] Processing ds8_3 (test)...
2025-12-13 20:07:06,044 - INFO -   🚀 Found 5/5 Ensemble Folds for ds8! Using Ensemble.
2025-12-13 20:07:14,498 - INFO -   Loaded 390 repertoires. Ranking with 5 models...
2025-12-13 20:07:14,528 - INFO -   [Limit] Test: 1 per rep.
2025-12-13 20:21:37,899 - INFO -   Saved rankings to outputs/task2_ranking/ds8_3_test_ranking.csv
2025-12-13 20:21:37,921 - INFO - 
[Task 2] Processing ds1 (train)...
2025-12-13 20:21:37,929 - INFO -   🚀 Found 5/5 Ensemble Folds for ds1! Using Ensemble.
2025-12-13 20:21:39,979 - INFO -   Loaded 400 repertoires. Ranking with 5 models...
2025-12-13 20:21:39,991 - INFO -   [Limit] Train: 50k Goal. Using top_k=125 per rep.
2025-12-13 20:30:44,979 - INFO -   Saved rankings to outputs/task2_ranking/ds1_train_ranking.csv
2025-12-13 20:30:44,983 - INFO - 
[Task 2] Processing ds2 (train)...
2025-12-13 20:30:44,990 - INFO -   🚀 Found 5/5 Ensemble Folds for ds2! Using Ensemble.
2025-12-13 20:30:47,247 - INFO -   Loaded 400 repertoires. Ranking with 5 models...
2025-12-13 20:30:47,259 - INFO -   [Limit] Train: 50k Goal. Using top_k=125 per rep.
2025-12-13 20:40:21,559 - INFO -   Saved rankings to outputs/task2_ranking/ds2_train_ranking.csv
2025-12-13 20:40:21,564 - INFO - 
[Task 2] Processing ds3 (train)...
2025-12-13 20:40:21,570 - INFO -   🚀 Found 5/5 Ensemble Folds for ds3! Using Ensemble.
2025-12-13 20:40:23,955 - INFO -   Loaded 400 repertoires. Ranking with 5 models...
2025-12-13 20:40:23,967 - INFO -   [Limit] Train: 50k Goal. Using top_k=125 per rep.
2025-12-13 20:50:34,791 - INFO -   Saved rankings to outputs/task2_ranking/ds3_train_ranking.csv
2025-12-13 20:50:34,796 - INFO - 
[Task 2] Processing ds4 (train)...
2025-12-13 20:50:34,816 - INFO -   🚀 Found 5/5 Ensemble Folds for ds4! Using Ensemble.
2025-12-13 20:50:37,084 - INFO -   Loaded 400 repertoires. Ranking with 5 models...
2025-12-13 20:50:37,091 - INFO -   [Limit] Train: 50k Goal. Using top_k=125 per rep.
2025-12-13 20:59:22,985 - INFO -   Saved rankings to outputs/task2_ranking/ds4_train_ranking.csv
2025-12-13 20:59:22,990 - INFO - 
[Task 2] Processing ds5 (train)...
2025-12-13 20:59:22,996 - INFO -   🚀 Found 5/5 Ensemble Folds for ds5! Using Ensemble.
2025-12-13 20:59:25,741 - INFO -   Loaded 400 repertoires. Ranking with 5 models...
2025-12-13 20:59:25,751 - INFO -   [Limit] Train: 50k Goal. Using top_k=125 per rep.
2025-12-13 21:08:21,318 - INFO -   Saved rankings to outputs/task2_ranking/ds5_train_ranking.csv
2025-12-13 21:08:21,326 - INFO - 
[Task 2] Processing ds6 (train)...
2025-12-13 21:08:21,332 - INFO -   🚀 Found 5/5 Ensemble Folds for ds6! Using Ensemble.
2025-12-13 21:08:23,395 - INFO -   Loaded 400 repertoires. Ranking with 5 models...
2025-12-13 21:08:23,421 - INFO -   [Limit] Train: 50k Goal. Using top_k=125 per rep.
2025-12-13 21:18:44,563 - INFO -   Saved rankings to outputs/task2_ranking/ds6_train_ranking.csv
2025-12-13 21:18:44,568 - INFO - 
[Task 2] Processing ds7 (train)...
2025-12-13 21:18:44,576 - INFO -   🚀 Found 5/5 Ensemble Folds for ds7! Using Ensemble.
2025-12-13 21:19:12,001 - INFO -   Loaded 302 repertoires. Ranking with 5 models...
2025-12-13 21:19:12,026 - INFO -   [Limit] Train: 50k Goal. Using top_k=166 per rep.
2025-12-13 21:52:29,585 - INFO -   trimmed 50132 -> 50000 rows (Exact 50k target).
2025-12-13 21:52:29,846 - INFO -   Saved rankings to outputs/task2_ranking/ds7_train_ranking.csv
2025-12-13 21:52:29,851 - INFO - 
[Task 2] Processing ds8 (train)...
2025-12-13 21:52:29,858 - INFO -   🚀 Found 5/5 Ensemble Folds for ds8! Using Ensemble.
2025-12-13 21:52:50,510 - INFO -   Loaded 908 repertoires. Ranking with 5 models...
2025-12-13 21:52:50,529 - INFO -   [Limit] Train: 50k Goal. Using top_k=56 per rep.
2025-12-13 22:40:53,409 - INFO -   trimmed 50848 -> 50000 rows (Exact 50k target).
2025-12-13 22:40:54,160 - INFO -   Saved rankings to outputs/task2_ranking/ds8_train_ranking.csv
2025-12-14 02:36:38,484 - INFO - Arguments: Namespace(force=True)
2025-12-14 02:36:38,490 - INFO - 
[Task 2] Processing ds1 (test)...
2025-12-14 02:36:38,498 - INFO -   🚀 Found 5/5 Ensemble Folds for ds1! Using Ensemble.
2025-12-14 02:36:40,882 - INFO -   Loaded 400 repertoires. Ranking with 5 models...
2025-12-14 02:36:40,891 - INFO -   [Limit] Test: 1 per rep.
2025-12-14 02:45:53,694 - INFO -   Saved rankings to outputs/task2_ranking/ds1_test_ranking.csv
2025-12-14 02:45:53,699 - INFO - 
[Task 2] Processing ds2 (test)...
2025-12-14 02:45:53,721 - INFO -   🚀 Found 5/5 Ensemble Folds for ds2! Using Ensemble.
2025-12-14 02:45:56,066 - INFO -   Loaded 400 repertoires. Ranking with 5 models...
2025-12-14 02:45:56,075 - INFO -   [Limit] Test: 1 per rep.
2025-12-14 02:55:16,584 - INFO -   Saved rankings to outputs/task2_ranking/ds2_test_ranking.csv
2025-12-14 02:55:16,591 - INFO - 
[Task 2] Processing ds3 (test)...
2025-12-14 02:55:16,597 - INFO -   🚀 Found 5/5 Ensemble Folds for ds3! Using Ensemble.
2025-12-14 02:55:18,887 - INFO -   Loaded 400 repertoires. Ranking with 5 models...
2025-12-14 02:55:18,896 - INFO -   [Limit] Test: 1 per rep.
2025-12-14 03:04:55,128 - INFO -   Saved rankings to outputs/task2_ranking/ds3_test_ranking.csv
2025-12-14 03:04:55,133 - INFO - 
[Task 2] Processing ds4 (test)...
2025-12-14 03:04:55,140 - INFO -   🚀 Found 5/5 Ensemble Folds for ds4! Using Ensemble.
2025-12-14 03:04:57,805 - INFO -   Loaded 400 repertoires. Ranking with 5 models...
2025-12-14 03:04:57,827 - INFO -   [Limit] Test: 1 per rep.
2025-12-14 03:14:15,521 - INFO -   Saved rankings to outputs/task2_ranking/ds4_test_ranking.csv
2025-12-14 03:14:15,528 - INFO - 
[Task 2] Processing ds5 (test)...
2025-12-14 03:14:15,534 - INFO -   🚀 Found 5/5 Ensemble Folds for ds5! Using Ensemble.
2025-12-14 03:14:17,834 - INFO -   Loaded 400 repertoires. Ranking with 5 models...
2025-12-14 03:14:17,843 - INFO -   [Limit] Test: 1 per rep.
2025-12-14 03:23:28,067 - INFO -   Saved rankings to outputs/task2_ranking/ds5_test_ranking.csv
2025-12-14 03:23:28,072 - INFO - 
[Task 2] Processing ds6 (test)...
2025-12-14 03:23:28,078 - INFO -   🚀 Found 5/5 Ensemble Folds for ds6! Using Ensemble.
2025-12-14 03:23:30,556 - INFO -   Loaded 400 repertoires. Ranking with 5 models...
2025-12-14 03:23:30,567 - INFO -   [Limit] Test: 1 per rep.
2025-12-14 03:32:38,265 - INFO -   Saved rankings to outputs/task2_ranking/ds6_test_ranking.csv
2025-12-14 03:32:38,270 - INFO - 
[Task 2] Processing ds7_1 (test)...
2025-12-14 03:32:38,278 - INFO -   🚀 Found 5/5 Ensemble Folds for ds7! Using Ensemble.
2025-12-14 03:32:44,294 - INFO -   Loaded 76 repertoires. Ranking with 5 models...
2025-12-14 03:32:44,300 - INFO -   [Limit] Test: 1 per rep.
2025-12-14 03:38:59,142 - INFO -   Saved rankings to outputs/task2_ranking/ds7_1_test_ranking.csv
2025-12-14 03:38:59,148 - INFO - 
[Task 2] Processing ds7_2 (test)...
2025-12-14 03:38:59,155 - INFO -   🚀 Found 5/5 Ensemble Folds for ds7! Using Ensemble.
2025-12-14 03:39:02,579 - INFO -   Loaded 100 repertoires. Ranking with 5 models...
2025-12-14 03:39:02,593 - INFO -   [Limit] Test: 1 per rep.
2025-12-14 03:44:34,176 - INFO -   Saved rankings to outputs/task2_ranking/ds7_2_test_ranking.csv
2025-12-14 03:44:34,180 - INFO - 
[Task 2] Processing ds8_1 (test)...
2025-12-14 03:44:34,187 - INFO -   🚀 Found 5/5 Ensemble Folds for ds8! Using Ensemble.
2025-12-14 03:44:44,494 - INFO -   Loaded 390 repertoires. Ranking with 5 models...
2025-12-14 03:44:44,499 - INFO -   [Limit] Test: 1 per rep.
2025-12-14 03:59:25,882 - INFO -   Saved rankings to outputs/task2_ranking/ds8_1_test_ranking.csv
2025-12-14 03:59:25,888 - INFO - 
[Task 2] Processing ds8_2 (test)...
2025-12-14 03:59:25,894 - INFO -   🚀 Found 5/5 Ensemble Folds for ds8! Using Ensemble.
2025-12-14 03:59:35,914 - INFO -   Loaded 857 repertoires. Ranking with 5 models...
2025-12-14 03:59:35,927 - INFO -   [Limit] Test: 1 per rep.
2025-12-14 04:25:34,139 - INFO -   Saved rankings to outputs/task2_ranking/ds8_2_test_ranking.csv
2025-12-14 04:25:34,144 - INFO - 
[Task 2] Processing ds8_3 (test)...
2025-12-14 04:25:34,149 - INFO -   🚀 Found 5/5 Ensemble Folds for ds8! Using Ensemble.
2025-12-14 04:25:43,382 - INFO -   Loaded 390 repertoires. Ranking with 5 models...
2025-12-14 04:25:43,390 - INFO -   [Limit] Test: 1 per rep.
2025-12-14 04:39:52,332 - INFO -   Saved rankings to outputs/task2_ranking/ds8_3_test_ranking.csv
2025-12-14 04:39:52,338 - INFO - 
[Task 2] Processing ds1 (train)...
2025-12-14 04:39:52,345 - INFO -   🚀 Found 5/5 Ensemble Folds for ds1! Using Ensemble.
2025-12-14 04:39:54,516 - INFO -   Loaded 400 repertoires. Ranking with 5 models...
2025-12-14 04:39:54,535 - INFO -   [Limit] Train: 50k Goal. Using top_k=125 per rep.
2025-12-14 04:48:50,388 - INFO -   Saved rankings to outputs/task2_ranking/ds1_train_ranking.csv
2025-12-14 04:48:50,394 - INFO - 
[Task 2] Processing ds2 (train)...
2025-12-14 04:48:50,419 - INFO -   🚀 Found 5/5 Ensemble Folds for ds2! Using Ensemble.
2025-12-14 04:48:52,796 - INFO -   Loaded 400 repertoires. Ranking with 5 models...
2025-12-14 04:48:52,822 - INFO -   [Limit] Train: 50k Goal. Using top_k=125 per rep.
2025-12-14 04:57:45,063 - INFO -   Saved rankings to outputs/task2_ranking/ds2_train_ranking.csv
2025-12-14 04:57:45,068 - INFO - 
[Task 2] Processing ds3 (train)...
2025-12-14 04:57:45,074 - INFO -   🚀 Found 5/5 Ensemble Folds for ds3! Using Ensemble.
2025-12-14 04:57:47,185 - INFO -   Loaded 400 repertoires. Ranking with 5 models...
2025-12-14 04:57:47,193 - INFO -   [Limit] Train: 50k Goal. Using top_k=125 per rep.
2025-12-14 05:07:06,327 - INFO -   Saved rankings to outputs/task2_ranking/ds3_train_ranking.csv
2025-12-14 05:07:06,332 - INFO - 
[Task 2] Processing ds4 (train)...
2025-12-14 05:07:06,336 - INFO -   🚀 Found 5/5 Ensemble Folds for ds4! Using Ensemble.
2025-12-14 05:07:08,526 - INFO -   Loaded 400 repertoires. Ranking with 5 models...
2025-12-14 05:07:08,539 - INFO -   [Limit] Train: 50k Goal. Using top_k=125 per rep.
2025-12-14 05:16:17,652 - INFO -   Saved rankings to outputs/task2_ranking/ds4_train_ranking.csv
2025-12-14 05:16:17,657 - INFO - 
[Task 2] Processing ds5 (train)...
2025-12-14 05:16:17,663 - INFO -   🚀 Found 5/5 Ensemble Folds for ds5! Using Ensemble.
2025-12-14 05:16:20,005 - INFO -   Loaded 400 repertoires. Ranking with 5 models...
2025-12-14 05:16:20,028 - INFO -   [Limit] Train: 50k Goal. Using top_k=125 per rep.
2025-12-14 05:25:39,625 - INFO -   Saved rankings to outputs/task2_ranking/ds5_train_ranking.csv
2025-12-14 05:25:39,629 - INFO - 
[Task 2] Processing ds6 (train)...
2025-12-14 05:25:39,634 - INFO -   🚀 Found 5/5 Ensemble Folds for ds6! Using Ensemble.
2025-12-14 05:25:41,848 - INFO -   Loaded 400 repertoires. Ranking with 5 models...
2025-12-14 05:25:41,855 - INFO -   [Limit] Train: 50k Goal. Using top_k=125 per rep.
2025-12-14 05:34:48,772 - INFO -   Saved rankings to outputs/task2_ranking/ds6_train_ranking.csv
2025-12-14 05:34:48,777 - INFO - 
[Task 2] Processing ds7 (train)...
2025-12-14 05:34:48,782 - INFO -   🚀 Found 5/5 Ensemble Folds for ds7! Using Ensemble.
2025-12-14 05:35:11,496 - INFO -   Loaded 302 repertoires. Ranking with 5 models...
2025-12-14 05:35:11,522 - INFO -   [Limit] Train: 50k Goal. Using top_k=166 per rep.
2025-12-14 06:01:48,476 - INFO -   trimmed 50132 -> 50000 rows (Exact 50k target).
2025-12-14 06:01:48,730 - INFO -   Saved rankings to outputs/task2_ranking/ds7_train_ranking.csv
2025-12-14 06:01:48,736 - INFO - 
[Task 2] Processing ds8 (train)...
2025-12-14 06:01:48,742 - INFO -   🚀 Found 5/5 Ensemble Folds for ds8! Using Ensemble.
2025-12-14 06:02:09,471 - INFO -   Loaded 908 repertoires. Ranking with 5 models...
2025-12-14 06:02:09,478 - INFO -   [Limit] Train: 50k Goal. Using top_k=56 per rep.
2025-12-14 06:34:14,344 - INFO -   trimmed 50848 -> 50000 rows (Exact 50k target).
2025-12-14 06:34:14,563 - INFO -   Saved rankings to outputs/task2_ranking/ds8_train_ranking.csv
